[2026-04-06T09:00:27.889+0000] {local_task_job_runner.py:120} INFO - ::group::Pre task execution logs
[2026-04-06T09:00:28.042+0000] {taskinstance.py:2076} INFO - Dependencies all met for dep_context=non-requeueable deps ti=<TaskInstance: pipeline.dbt_silver manual__2026-04-06T08:26:03.558690+00:00 [queued]>
[2026-04-06T09:00:28.079+0000] {taskinstance.py:2076} INFO - Dependencies all met for dep_context=requeueable deps ti=<TaskInstance: pipeline.dbt_silver manual__2026-04-06T08:26:03.558690+00:00 [queued]>
[2026-04-06T09:00:28.081+0000] {taskinstance.py:2306} INFO - Starting attempt 2 of 2
[2026-04-06T09:00:28.114+0000] {taskinstance.py:2330} INFO - Executing <Task(BashOperator): dbt_silver> on 2026-04-06 08:26:03.558690+00:00
[2026-04-06T09:00:28.138+0000] {standard_task_runner.py:64} INFO - Started process 437 to run task
[2026-04-06T09:00:28.153+0000] {standard_task_runner.py:90} INFO - Running: ['airflow', 'tasks', 'run', 'pipeline', 'dbt_silver', 'manual__2026-04-06T08:26:03.558690+00:00', '--job-id', '26', '--raw', '--subdir', 'DAGS_FOLDER/pipeline.py', '--cfg-path', '/tmp/tmpbah0tprx']
[2026-04-06T09:00:28.165+0000] {standard_task_runner.py:91} INFO - Job 26: Subtask dbt_silver
[2026-04-06T09:00:28.597+0000] {task_command.py:426} INFO - Running <TaskInstance: pipeline.dbt_silver manual__2026-04-06T08:26:03.558690+00:00 [running]> on host 503d89ed3fcb
[2026-04-06T09:00:29.227+0000] {taskinstance.py:2648} INFO - Exporting env vars: AIRFLOW_CTX_DAG_OWNER='data_engineer' AIRFLOW_CTX_DAG_ID='pipeline' AIRFLOW_CTX_TASK_ID='dbt_silver' AIRFLOW_CTX_EXECUTION_DATE='2026-04-06T08:26:03.558690+00:00' AIRFLOW_CTX_TRY_NUMBER='2' AIRFLOW_CTX_DAG_RUN_ID='manual__2026-04-06T08:26:03.558690+00:00'
[2026-04-06T09:00:29.232+0000] {taskinstance.py:430} INFO - ::endgroup::
[2026-04-06T09:00:29.304+0000] {subprocess.py:63} INFO - Tmp dir root location: /tmp
[2026-04-06T09:00:29.324+0000] {subprocess.py:75} INFO - Running command: ['/usr/bin/bash', '-c', 'cd /opt/airflow/dbt_project/mon_analyse_olist && dbt run --select silver --profiles-dir .']
[2026-04-06T09:00:29.397+0000] {subprocess.py:86} INFO - Output:
[2026-04-06T09:00:40.513+0000] {subprocess.py:93} INFO - [0m09:00:40  Running with dbt=1.8.8
[2026-04-06T09:00:42.298+0000] {subprocess.py:93} INFO - [0m09:00:42  Registered adapter: postgres=1.9.1
[2026-04-06T09:00:45.936+0000] {subprocess.py:93} INFO - [0m09:00:45  Encountered an error:
[2026-04-06T09:00:45.937+0000] {subprocess.py:93} INFO - Compilation Error
[2026-04-06T09:00:45.938+0000] {subprocess.py:93} INFO -   Model 'model.mon_analyse_olist.stg_category_translation' (models/silver/stg_category_translation.sql) depends on a source named 'olist.product_category_name_translation' which was not found
[2026-04-06T09:00:48.558+0000] {subprocess.py:97} INFO - Command exited with return code 2
[2026-04-06T09:00:48.561+0000] {taskinstance.py:441} INFO - ::group::Post task execution logs
[2026-04-06T09:00:48.682+0000] {taskinstance.py:2905} ERROR - Task failed with exception
Traceback (most recent call last):
  File "/home/airflow/.local/lib/python3.10/site-packages/airflow/models/taskinstance.py", line 465, in _execute_task
    result = _execute_callable(context=context, **execute_callable_kwargs)
  File "/home/airflow/.local/lib/python3.10/site-packages/airflow/models/taskinstance.py", line 432, in _execute_callable
    return execute_callable(context=context, **execute_callable_kwargs)
  File "/home/airflow/.local/lib/python3.10/site-packages/airflow/models/baseoperator.py", line 401, in wrapper
    return func(self, *args, **kwargs)
  File "/home/airflow/.local/lib/python3.10/site-packages/airflow/operators/bash.py", line 243, in execute
    raise AirflowException(
airflow.exceptions.AirflowException: Bash command failed. The command returned a non-zero exit code 2.
[2026-04-06T09:00:48.692+0000] {taskinstance.py:1206} INFO - Marking task as FAILED. dag_id=pipeline, task_id=dbt_silver, run_id=manual__2026-04-06T08:26:03.558690+00:00, execution_date=20260406T082603, start_date=20260406T090028, end_date=20260406T090048
[2026-04-06T09:00:48.844+0000] {standard_task_runner.py:110} ERROR - Failed to execute job 26 for task dbt_silver (Bash command failed. The command returned a non-zero exit code 2.; 437)
[2026-04-06T09:00:48.907+0000] {local_task_job_runner.py:243} INFO - Task exited with return code 1
[2026-04-06T09:00:49.073+0000] {taskinstance.py:3503} INFO - 0 downstream tasks scheduled from follow-on schedule check
[2026-04-06T09:00:49.093+0000] {local_task_job_runner.py:222} INFO - ::endgroup::
