[2026-04-06T08:30:38.946+0000] {local_task_job_runner.py:120} INFO - ::group::Pre task execution logs
[2026-04-06T08:30:39.054+0000] {taskinstance.py:2076} INFO - Dependencies all met for dep_context=non-requeueable deps ti=<TaskInstance: pipeline.dbt_silver manual__2026-04-06T08:26:03.558690+00:00 [queued]>
[2026-04-06T08:30:39.076+0000] {taskinstance.py:2076} INFO - Dependencies all met for dep_context=requeueable deps ti=<TaskInstance: pipeline.dbt_silver manual__2026-04-06T08:26:03.558690+00:00 [queued]>
[2026-04-06T08:30:39.077+0000] {taskinstance.py:2306} INFO - Starting attempt 1 of 1
[2026-04-06T08:30:39.099+0000] {taskinstance.py:2330} INFO - Executing <Task(BashOperator): dbt_silver> on 2026-04-06 08:26:03.558690+00:00
[2026-04-06T08:30:39.111+0000] {standard_task_runner.py:64} INFO - Started process 448 to run task
[2026-04-06T08:30:39.116+0000] {standard_task_runner.py:90} INFO - Running: ['airflow', 'tasks', 'run', 'pipeline', 'dbt_silver', 'manual__2026-04-06T08:26:03.558690+00:00', '--job-id', '21', '--raw', '--subdir', 'DAGS_FOLDER/pipeline.py', '--cfg-path', '/tmp/tmpcd9s7fmp']
[2026-04-06T08:30:39.122+0000] {standard_task_runner.py:91} INFO - Job 21: Subtask dbt_silver
[2026-04-06T08:30:39.522+0000] {task_command.py:426} INFO - Running <TaskInstance: pipeline.dbt_silver manual__2026-04-06T08:26:03.558690+00:00 [running]> on host c4ea4b566a5b
[2026-04-06T08:30:40.034+0000] {taskinstance.py:2648} INFO - Exporting env vars: AIRFLOW_CTX_DAG_OWNER='data_engineer' AIRFLOW_CTX_DAG_ID='pipeline' AIRFLOW_CTX_TASK_ID='dbt_silver' AIRFLOW_CTX_EXECUTION_DATE='2026-04-06T08:26:03.558690+00:00' AIRFLOW_CTX_TRY_NUMBER='1' AIRFLOW_CTX_DAG_RUN_ID='manual__2026-04-06T08:26:03.558690+00:00'
[2026-04-06T08:30:40.036+0000] {taskinstance.py:430} INFO - ::endgroup::
[2026-04-06T08:30:40.066+0000] {subprocess.py:63} INFO - Tmp dir root location: /tmp
[2026-04-06T08:30:40.068+0000] {subprocess.py:75} INFO - Running command: ['/usr/bin/bash', '-c', 'cd /opt/airflow/dbt_project/mon_analyse_olist && dbt run --select staging --profiles-dir .']
[2026-04-06T08:30:40.102+0000] {subprocess.py:86} INFO - Output:
[2026-04-06T08:30:40.167+0000] {subprocess.py:93} INFO - /usr/bin/bash: line 1: cd: /opt/airflow/dbt_project/mon_analyse_olist: No such file or directory
[2026-04-06T08:30:40.169+0000] {subprocess.py:97} INFO - Command exited with return code 1
[2026-04-06T08:30:40.171+0000] {taskinstance.py:441} INFO - ::group::Post task execution logs
[2026-04-06T08:30:40.233+0000] {taskinstance.py:2905} ERROR - Task failed with exception
Traceback (most recent call last):
  File "/home/airflow/.local/lib/python3.10/site-packages/airflow/models/taskinstance.py", line 465, in _execute_task
    result = _execute_callable(context=context, **execute_callable_kwargs)
  File "/home/airflow/.local/lib/python3.10/site-packages/airflow/models/taskinstance.py", line 432, in _execute_callable
    return execute_callable(context=context, **execute_callable_kwargs)
  File "/home/airflow/.local/lib/python3.10/site-packages/airflow/models/baseoperator.py", line 401, in wrapper
    return func(self, *args, **kwargs)
  File "/home/airflow/.local/lib/python3.10/site-packages/airflow/operators/bash.py", line 243, in execute
    raise AirflowException(
airflow.exceptions.AirflowException: Bash command failed. The command returned a non-zero exit code 1.
[2026-04-06T08:30:40.242+0000] {taskinstance.py:1206} INFO - Marking task as FAILED. dag_id=pipeline, task_id=dbt_silver, run_id=manual__2026-04-06T08:26:03.558690+00:00, execution_date=20260406T082603, start_date=20260406T083039, end_date=20260406T083040
[2026-04-06T08:30:40.275+0000] {standard_task_runner.py:110} ERROR - Failed to execute job 21 for task dbt_silver (Bash command failed. The command returned a non-zero exit code 1.; 448)
[2026-04-06T08:30:40.303+0000] {local_task_job_runner.py:243} INFO - Task exited with return code 1
[2026-04-06T08:30:40.389+0000] {taskinstance.py:3503} INFO - 0 downstream tasks scheduled from follow-on schedule check
[2026-04-06T08:30:40.396+0000] {local_task_job_runner.py:222} INFO - ::endgroup::
