[2026-04-06T13:58:31.854+0000] {local_task_job_runner.py:120} INFO - ::group::Pre task execution logs
[2026-04-06T13:58:31.968+0000] {taskinstance.py:2076} INFO - Dependencies all met for dep_context=non-requeueable deps ti=<TaskInstance: pipeline.dbt_silver manual__2026-04-06T13:56:03.417693+00:00 [queued]>
[2026-04-06T13:58:31.989+0000] {taskinstance.py:2076} INFO - Dependencies all met for dep_context=requeueable deps ti=<TaskInstance: pipeline.dbt_silver manual__2026-04-06T13:56:03.417693+00:00 [queued]>
[2026-04-06T13:58:31.990+0000] {taskinstance.py:2306} INFO - Starting attempt 1 of 1
[2026-04-06T13:58:32.030+0000] {taskinstance.py:2330} INFO - Executing <Task(BashOperator): dbt_silver> on 2026-04-06 13:56:03.417693+00:00
[2026-04-06T13:58:32.043+0000] {standard_task_runner.py:64} INFO - Started process 1635 to run task
[2026-04-06T13:58:32.048+0000] {standard_task_runner.py:90} INFO - Running: ['airflow', 'tasks', 'run', 'pipeline', 'dbt_silver', 'manual__2026-04-06T13:56:03.417693+00:00', '--job-id', '107', '--raw', '--subdir', 'DAGS_FOLDER/pipeline.py', '--cfg-path', '/tmp/tmph29mjx2c']
[2026-04-06T13:58:32.054+0000] {standard_task_runner.py:91} INFO - Job 107: Subtask dbt_silver
[2026-04-06T13:58:32.350+0000] {task_command.py:426} INFO - Running <TaskInstance: pipeline.dbt_silver manual__2026-04-06T13:56:03.417693+00:00 [running]> on host 01524f5c0bbf
[2026-04-06T13:58:33.005+0000] {taskinstance.py:2648} INFO - Exporting env vars: AIRFLOW_CTX_DAG_OWNER='data_engineer' AIRFLOW_CTX_DAG_ID='pipeline' AIRFLOW_CTX_TASK_ID='dbt_silver' AIRFLOW_CTX_EXECUTION_DATE='2026-04-06T13:56:03.417693+00:00' AIRFLOW_CTX_TRY_NUMBER='1' AIRFLOW_CTX_DAG_RUN_ID='manual__2026-04-06T13:56:03.417693+00:00'
[2026-04-06T13:58:33.010+0000] {taskinstance.py:430} INFO - ::endgroup::
[2026-04-06T13:58:33.051+0000] {subprocess.py:63} INFO - Tmp dir root location: /tmp
[2026-04-06T13:58:33.055+0000] {subprocess.py:75} INFO - Running command: ['/usr/bin/bash', '-c', 'cd /opt/airflow/dbt_project/mon_analyse_olist && dbt run --select silver --profiles-dir .']
[2026-04-06T13:58:33.092+0000] {subprocess.py:86} INFO - Output:
[2026-04-06T13:58:37.979+0000] {subprocess.py:93} INFO - [0m13:58:37  Running with dbt=1.8.8
[2026-04-06T13:58:38.697+0000] {subprocess.py:93} INFO - [0m13:58:38  Registered adapter: postgres=1.9.1
[2026-04-06T13:58:39.934+0000] {subprocess.py:93} INFO - [0m13:58:39  Found 14 models, 11 data tests, 9 sources, 426 macros
[2026-04-06T13:58:39.939+0000] {subprocess.py:93} INFO - [0m13:58:39
[2026-04-06T13:58:40.606+0000] {subprocess.py:93} INFO - [0m13:58:40  Concurrency: 4 threads (target='dev')
[2026-04-06T13:58:40.608+0000] {subprocess.py:93} INFO - [0m13:58:40
[2026-04-06T13:58:40.631+0000] {subprocess.py:93} INFO - [0m13:58:40  1 of 9 START sql view model silver.stg_category_translation .................... [RUN]
[2026-04-06T13:58:40.635+0000] {subprocess.py:93} INFO - [0m13:58:40  2 of 9 START sql view model silver.stg_customers ............................... [RUN]
[2026-04-06T13:58:40.638+0000] {subprocess.py:93} INFO - [0m13:58:40  3 of 9 START sql view model silver.stg_geolocation ............................. [RUN]
[2026-04-06T13:58:40.640+0000] {subprocess.py:93} INFO - [0m13:58:40  4 of 9 START sql view model silver.stg_order_items ............................. [RUN]
[2026-04-06T13:58:41.361+0000] {subprocess.py:93} INFO - [0m13:58:41  1 of 9 OK created sql view model silver.stg_category_translation ............... [[32mCREATE VIEW[0m in 0.70s]
[2026-04-06T13:58:41.366+0000] {subprocess.py:93} INFO - [0m13:58:41  4 of 9 OK created sql view model silver.stg_order_items ........................ [[32mCREATE VIEW[0m in 0.70s]
[2026-04-06T13:58:41.370+0000] {subprocess.py:93} INFO - [0m13:58:41  3 of 9 OK created sql view model silver.stg_geolocation ........................ [[32mCREATE VIEW[0m in 0.71s]
[2026-04-06T13:58:41.380+0000] {subprocess.py:93} INFO - [0m13:58:41  2 of 9 OK created sql view model silver.stg_customers .......................... [[32mCREATE VIEW[0m in 0.71s]
[2026-04-06T13:58:41.417+0000] {subprocess.py:93} INFO - [0m13:58:41  5 of 9 START sql view model silver.stg_order_payments .......................... [RUN]
[2026-04-06T13:58:41.421+0000] {subprocess.py:93} INFO - [0m13:58:41  6 of 9 START sql view model silver.stg_order_reviews ........................... [RUN]
[2026-04-06T13:58:41.425+0000] {subprocess.py:93} INFO - [0m13:58:41  7 of 9 START sql view model silver.stg_orders .................................. [RUN]
[2026-04-06T13:58:41.429+0000] {subprocess.py:93} INFO - [0m13:58:41  8 of 9 START sql view model silver.stg_products ................................ [RUN]
[2026-04-06T13:58:41.908+0000] {subprocess.py:93} INFO - [0m13:58:41  5 of 9 OK created sql view model silver.stg_order_payments ..................... [[32mCREATE VIEW[0m in 0.47s]
[2026-04-06T13:58:41.943+0000] {subprocess.py:93} INFO - [0m13:58:41  9 of 9 START sql view model silver.stg_sellers ................................. [RUN]
[2026-04-06T13:58:41.946+0000] {subprocess.py:93} INFO - [0m13:58:41  7 of 9 OK created sql view model silver.stg_orders ............................. [[32mCREATE VIEW[0m in 0.49s]
[2026-04-06T13:58:41.949+0000] {subprocess.py:93} INFO - [0m13:58:41  8 of 9 OK created sql view model silver.stg_products ........................... [[32mCREATE VIEW[0m in 0.48s]
[2026-04-06T13:58:41.952+0000] {subprocess.py:93} INFO - [0m13:58:41  6 of 9 OK created sql view model silver.stg_order_reviews ...................... [[32mCREATE VIEW[0m in 0.50s]
[2026-04-06T13:58:42.150+0000] {subprocess.py:93} INFO - [0m13:58:42  9 of 9 OK created sql view model silver.stg_sellers ............................ [[32mCREATE VIEW[0m in 0.19s]
[2026-04-06T13:58:42.246+0000] {subprocess.py:93} INFO - [0m13:58:42
[2026-04-06T13:58:42.249+0000] {subprocess.py:93} INFO - [0m13:58:42  Finished running 9 view models in 0 hours 0 minutes and 2.30 seconds (2.30s).
[2026-04-06T13:58:42.400+0000] {subprocess.py:93} INFO - [0m13:58:42
[2026-04-06T13:58:42.404+0000] {subprocess.py:93} INFO - [0m13:58:42  [32mCompleted successfully[0m
[2026-04-06T13:58:42.406+0000] {subprocess.py:93} INFO - [0m13:58:42
[2026-04-06T13:58:42.408+0000] {subprocess.py:93} INFO - [0m13:58:42  Done. PASS=9 WARN=0 ERROR=0 SKIP=0 TOTAL=9
[2026-04-06T13:58:42.460+0000] {local_task_job_runner.py:313} WARNING - State of this instance has been externally set to success. Terminating instance.
[2026-04-06T13:58:42.468+0000] {local_task_job_runner.py:222} INFO - ::endgroup::
[2026-04-06T13:58:42.473+0000] {process_utils.py:132} INFO - Sending 15 to group 1635. PIDs of all processes in the group: [1636, 1641, 1635]
[2026-04-06T13:58:42.474+0000] {process_utils.py:87} INFO - Sending the signal 15 to group 1635
[2026-04-06T13:58:42.475+0000] {taskinstance.py:2611} ERROR - Received SIGTERM. Terminating subprocesses.
[2026-04-06T13:58:42.476+0000] {subprocess.py:104} INFO - Sending SIGTERM signal to process group
[2026-04-06T13:58:42.477+0000] {taskinstance.py:441} INFO - ::group::Post task execution logs
[2026-04-06T13:58:42.731+0000] {process_utils.py:80} INFO - Process psutil.Process(pid=1635, status='terminated', exitcode=0, started='13:58:31') (1635) terminated with exit code 0
[2026-04-06T13:58:42.736+0000] {process_utils.py:80} INFO - Process psutil.Process(pid=1641, status='terminated', started='13:58:38') (1641) terminated with exit code None
[2026-04-06T13:58:42.738+0000] {process_utils.py:80} INFO - Process psutil.Process(pid=1636, status='terminated', started='13:58:32') (1636) terminated with exit code None
