[2026-04-06T10:43:23.609+0000] {local_task_job_runner.py:120} INFO - ::group::Pre task execution logs
[2026-04-06T10:43:23.890+0000] {taskinstance.py:2076} INFO - Dependencies all met for dep_context=non-requeueable deps ti=<TaskInstance: pipeline.ingest_csv_to_bronze manual__2026-04-06T09:31:02.921403+00:00 [queued]>
[2026-04-06T10:43:23.914+0000] {taskinstance.py:2076} INFO - Dependencies all met for dep_context=requeueable deps ti=<TaskInstance: pipeline.ingest_csv_to_bronze manual__2026-04-06T09:31:02.921403+00:00 [queued]>
[2026-04-06T10:43:23.915+0000] {taskinstance.py:2306} INFO - Starting attempt 8 of 8
[2026-04-06T10:43:23.959+0000] {taskinstance.py:2330} INFO - Executing <Task(PythonOperator): ingest_csv_to_bronze> on 2026-04-06 09:31:02.921403+00:00
[2026-04-06T10:43:24.006+0000] {standard_task_runner.py:64} INFO - Started process 2133 to run task
[2026-04-06T10:43:24.078+0000] {standard_task_runner.py:90} INFO - Running: ['airflow', 'tasks', 'run', 'pipeline', 'ingest_csv_to_bronze', 'manual__2026-04-06T09:31:02.921403+00:00', '--job-id', '77', '--raw', '--subdir', 'DAGS_FOLDER/pipeline.py', '--cfg-path', '/tmp/tmp8oykeb9l']
[2026-04-06T10:43:24.095+0000] {standard_task_runner.py:91} INFO - Job 77: Subtask ingest_csv_to_bronze
[2026-04-06T10:43:26.725+0000] {task_command.py:426} INFO - Running <TaskInstance: pipeline.ingest_csv_to_bronze manual__2026-04-06T09:31:02.921403+00:00 [running]> on host 503d89ed3fcb
[2026-04-06T10:43:28.420+0000] {taskinstance.py:2648} INFO - Exporting env vars: AIRFLOW_CTX_DAG_OWNER='data_engineer' AIRFLOW_CTX_DAG_ID='pipeline' AIRFLOW_CTX_TASK_ID='ingest_csv_to_bronze' AIRFLOW_CTX_EXECUTION_DATE='2026-04-06T09:31:02.921403+00:00' AIRFLOW_CTX_TRY_NUMBER='8' AIRFLOW_CTX_DAG_RUN_ID='manual__2026-04-06T09:31:02.921403+00:00'
[2026-04-06T10:43:28.438+0000] {taskinstance.py:430} INFO - ::endgroup::
[2026-04-06T10:43:28.584+0000] {logging_mixin.py:188} INFO - 🚀 Lancement DLT : Injection groupée vers 'Olist'
[2026-04-06T10:43:28.589+0000] {logging_mixin.py:188} INFO - 🧹 Suppression de l'état local DLT : /home/airflow/.dlt/pipelines/olist_bulk_loader
[2026-04-06T10:43:30.409+0000] {config_providers_context.py:146} WARNING - Airflow variable 'dlt_secrets_toml' was not found. This Airflow variable is a recommended place to hold the content of secrets.toml.If you do not use Airflow variables to hold dlt configuration or use variables with other names you can ignore this warning.
[2026-04-06T10:43:43.736+0000] {logging_mixin.py:188} INFO - 📦 Préparation de la ressource : customers
[2026-04-06T10:43:43.745+0000] {logging_mixin.py:188} INFO - 📦 Préparation de la ressource : geolocation
[2026-04-06T10:43:43.746+0000] {logging_mixin.py:188} INFO - 📦 Préparation de la ressource : orders
[2026-04-06T10:43:43.746+0000] {logging_mixin.py:188} INFO - 📦 Préparation de la ressource : order_items
[2026-04-06T10:43:43.747+0000] {logging_mixin.py:188} INFO - 📦 Préparation de la ressource : order_payments
[2026-04-06T10:43:43.748+0000] {logging_mixin.py:188} INFO - 📦 Préparation de la ressource : order_reviews
[2026-04-06T10:43:43.748+0000] {logging_mixin.py:188} INFO - 📦 Préparation de la ressource : products
[2026-04-06T10:43:43.749+0000] {logging_mixin.py:188} INFO - 📦 Préparation de la ressource : sellers
[2026-04-06T10:43:43.750+0000] {logging_mixin.py:188} INFO - 📦 Préparation de la ressource : product_category_translation
[2026-04-06T10:43:43.750+0000] {logging_mixin.py:188} INFO - ⚡ Envoi de 9 tables en une seule session...
[2026-04-06T10:48:35.071+0000] {logging_mixin.py:188} INFO - ✅ Ingestion terminée !
[2026-04-06T10:48:35.078+0000] {logging_mixin.py:188} INFO - Pipeline olist_bulk_loader load step completed in 31.01 seconds
1 load package(s) were loaded to destination postgres and into dataset bronze
The postgres destination used postgresql://postgres:***@host.docker.internal:5432/Olist location to store data
Load package 1775472235.1142218 is LOADED and contains no failed jobs
[2026-04-06T10:48:35.080+0000] {python.py:237} INFO - Done. Returned value was: None
[2026-04-06T10:48:35.082+0000] {taskinstance.py:441} INFO - ::group::Post task execution logs
[2026-04-06T10:48:35.172+0000] {taskinstance.py:1206} INFO - Marking task as SUCCESS. dag_id=pipeline, task_id=ingest_csv_to_bronze, run_id=manual__2026-04-06T09:31:02.921403+00:00, execution_date=20260406T093102, start_date=20260406T104323, end_date=20260406T104835
[2026-04-06T10:48:35.291+0000] {local_task_job_runner.py:243} INFO - Task exited with return code 0
[2026-04-06T10:48:35.620+0000] {taskinstance.py:3503} INFO - 1 downstream tasks scheduled from follow-on schedule check
[2026-04-06T10:48:35.625+0000] {local_task_job_runner.py:222} INFO - ::endgroup::
