[2026-04-06T09:51:18.465+0000] {local_task_job_runner.py:120} INFO - ::group::Pre task execution logs
[2026-04-06T09:51:18.578+0000] {taskinstance.py:2066} INFO - Dependencies not met for <TaskInstance: pipeline.ingest_csv_to_bronze manual__2026-04-06T09:31:02.921403+00:00 [success]>, dependency 'Task Instance State' FAILED: Task is in the 'success' state.
[2026-04-06T09:51:18.594+0000] {local_task_job_runner.py:163} INFO - Task is not able to be run
[2026-04-06T10:00:21.217+0000] {local_task_job_runner.py:120} INFO - ::group::Pre task execution logs
[2026-04-06T10:00:21.354+0000] {taskinstance.py:2076} INFO - Dependencies all met for dep_context=non-requeueable deps ti=<TaskInstance: pipeline.ingest_csv_to_bronze manual__2026-04-06T09:31:02.921403+00:00 [queued]>
[2026-04-06T10:00:21.385+0000] {taskinstance.py:2076} INFO - Dependencies all met for dep_context=requeueable deps ti=<TaskInstance: pipeline.ingest_csv_to_bronze manual__2026-04-06T09:31:02.921403+00:00 [queued]>
[2026-04-06T10:00:21.386+0000] {taskinstance.py:2306} INFO - Starting attempt 3 of 3
[2026-04-06T10:00:21.425+0000] {taskinstance.py:2330} INFO - Executing <Task(PythonOperator): ingest_csv_to_bronze> on 2026-04-06 09:31:02.921403+00:00
[2026-04-06T10:00:21.449+0000] {standard_task_runner.py:64} INFO - Started process 1330 to run task
[2026-04-06T10:00:21.460+0000] {standard_task_runner.py:90} INFO - Running: ['airflow', 'tasks', 'run', 'pipeline', 'ingest_csv_to_bronze', 'manual__2026-04-06T09:31:02.921403+00:00', '--job-id', '45', '--raw', '--subdir', 'DAGS_FOLDER/pipeline.py', '--cfg-path', '/tmp/tmp47lfn_qr']
[2026-04-06T10:00:21.477+0000] {standard_task_runner.py:91} INFO - Job 45: Subtask ingest_csv_to_bronze
[2026-04-06T10:00:21.789+0000] {task_command.py:426} INFO - Running <TaskInstance: pipeline.ingest_csv_to_bronze manual__2026-04-06T09:31:02.921403+00:00 [running]> on host 503d89ed3fcb
[2026-04-06T10:00:22.177+0000] {taskinstance.py:2648} INFO - Exporting env vars: AIRFLOW_CTX_DAG_OWNER='data_engineer' AIRFLOW_CTX_DAG_ID='pipeline' AIRFLOW_CTX_TASK_ID='ingest_csv_to_bronze' AIRFLOW_CTX_EXECUTION_DATE='2026-04-06T09:31:02.921403+00:00' AIRFLOW_CTX_TRY_NUMBER='3' AIRFLOW_CTX_DAG_RUN_ID='manual__2026-04-06T09:31:02.921403+00:00'
[2026-04-06T10:00:22.179+0000] {taskinstance.py:430} INFO - ::endgroup::
[2026-04-06T10:00:22.214+0000] {logging_mixin.py:188} INFO - 🚀 Lancement DLT : Injection groupée vers 'Olist'
[2026-04-06T10:00:23.511+0000] {config_providers_context.py:146} WARNING - Airflow variable 'dlt_secrets_toml' was not found. This Airflow variable is a recommended place to hold the content of secrets.toml.If you do not use Airflow variables to hold dlt configuration or use variables with other names you can ignore this warning.
[2026-04-06T10:00:37.242+0000] {local_task_job_runner.py:313} WARNING - State of this instance has been externally set to success. Terminating instance.
[2026-04-06T10:00:37.252+0000] {local_task_job_runner.py:222} INFO - ::endgroup::
[2026-04-06T10:00:37.272+0000] {process_utils.py:132} INFO - Sending 15 to group 1330. PIDs of all processes in the group: [1330]
[2026-04-06T10:00:37.275+0000] {process_utils.py:87} INFO - Sending the signal 15 to group 1330
[2026-04-06T10:00:37.278+0000] {taskinstance.py:2611} ERROR - Received SIGTERM. Terminating subprocesses.
[2026-04-06T10:00:37.280+0000] {taskinstance.py:441} INFO - ::group::Post task execution logs
[2026-04-06T10:00:37.453+0000] {process_utils.py:80} INFO - Process psutil.Process(pid=1330, status='terminated', exitcode=0, started='10:00:20') (1330) terminated with exit code 0
