[2026-04-06T10:37:01.577+0000] {local_task_job_runner.py:120} INFO - ::group::Pre task execution logs
[2026-04-06T10:37:01.689+0000] {taskinstance.py:2076} INFO - Dependencies all met for dep_context=non-requeueable deps ti=<TaskInstance: pipeline.ingest_csv_to_bronze manual__2026-04-06T09:31:02.921403+00:00 [queued]>
[2026-04-06T10:37:01.716+0000] {taskinstance.py:2076} INFO - Dependencies all met for dep_context=requeueable deps ti=<TaskInstance: pipeline.ingest_csv_to_bronze manual__2026-04-06T09:31:02.921403+00:00 [queued]>
[2026-04-06T10:37:01.716+0000] {taskinstance.py:2306} INFO - Starting attempt 7 of 7
[2026-04-06T10:37:01.754+0000] {taskinstance.py:2330} INFO - Executing <Task(PythonOperator): ingest_csv_to_bronze> on 2026-04-06 09:31:02.921403+00:00
[2026-04-06T10:37:01.782+0000] {standard_task_runner.py:64} INFO - Started process 2046 to run task
[2026-04-06T10:37:01.787+0000] {standard_task_runner.py:90} INFO - Running: ['airflow', 'tasks', 'run', 'pipeline', 'ingest_csv_to_bronze', 'manual__2026-04-06T09:31:02.921403+00:00', '--job-id', '75', '--raw', '--subdir', 'DAGS_FOLDER/pipeline.py', '--cfg-path', '/tmp/tmpgcmx8lka']
[2026-04-06T10:37:01.878+0000] {standard_task_runner.py:91} INFO - Job 75: Subtask ingest_csv_to_bronze
[2026-04-06T10:37:02.557+0000] {task_command.py:426} INFO - Running <TaskInstance: pipeline.ingest_csv_to_bronze manual__2026-04-06T09:31:02.921403+00:00 [running]> on host 503d89ed3fcb
[2026-04-06T10:37:03.009+0000] {taskinstance.py:2648} INFO - Exporting env vars: AIRFLOW_CTX_DAG_OWNER='data_engineer' AIRFLOW_CTX_DAG_ID='pipeline' AIRFLOW_CTX_TASK_ID='ingest_csv_to_bronze' AIRFLOW_CTX_EXECUTION_DATE='2026-04-06T09:31:02.921403+00:00' AIRFLOW_CTX_TRY_NUMBER='7' AIRFLOW_CTX_DAG_RUN_ID='manual__2026-04-06T09:31:02.921403+00:00'
[2026-04-06T10:37:03.012+0000] {taskinstance.py:430} INFO - ::endgroup::
[2026-04-06T10:37:03.037+0000] {logging_mixin.py:188} INFO - 🚀 Lancement DLT : Injection groupée vers 'Olist'
[2026-04-06T10:37:03.039+0000] {logging_mixin.py:188} INFO - 🧹 Suppression de l'état local DLT : /home/airflow/.dlt/pipelines/olist_bulk_loader
[2026-04-06T10:37:04.048+0000] {config_providers_context.py:146} WARNING - Airflow variable 'dlt_secrets_toml' was not found. This Airflow variable is a recommended place to hold the content of secrets.toml.If you do not use Airflow variables to hold dlt configuration or use variables with other names you can ignore this warning.
[2026-04-06T10:37:15.897+0000] {logging_mixin.py:188} INFO - 📦 Préparation de la ressource : customers
[2026-04-06T10:37:15.901+0000] {logging_mixin.py:188} INFO - 📦 Préparation de la ressource : geolocation
[2026-04-06T10:37:15.902+0000] {logging_mixin.py:188} INFO - 📦 Préparation de la ressource : orders
[2026-04-06T10:37:15.903+0000] {logging_mixin.py:188} INFO - 📦 Préparation de la ressource : order_items
[2026-04-06T10:37:15.905+0000] {logging_mixin.py:188} INFO - 📦 Préparation de la ressource : order_payments
[2026-04-06T10:37:15.906+0000] {logging_mixin.py:188} INFO - 📦 Préparation de la ressource : order_reviews
[2026-04-06T10:37:15.907+0000] {logging_mixin.py:188} INFO - 📦 Préparation de la ressource : products
[2026-04-06T10:37:15.908+0000] {logging_mixin.py:188} INFO - 📦 Préparation de la ressource : sellers
[2026-04-06T10:37:15.909+0000] {logging_mixin.py:188} INFO - 📦 Préparation de la ressource : product_category_translation
[2026-04-06T10:37:15.910+0000] {logging_mixin.py:188} INFO - ⚡ Envoi de 9 tables en une seule session...
[2026-04-06T10:38:55.614+0000] {logging_mixin.py:188} INFO - ❌ ERREUR LORS DE L'INGESTION
[2026-04-06T10:38:55.682+0000] {logging_mixin.py:188} INFO - Traceback (most recent call last):
  File "/home/airflow/.local/lib/python3.10/site-packages/dlt/pipeline/pipeline.py", line 471, in extract
    self._extract_source(
  File "/home/airflow/.local/lib/python3.10/site-packages/dlt/pipeline/pipeline.py", line 1239, in _extract_source
    load_id = extract.extract(
  File "/home/airflow/.local/lib/python3.10/site-packages/dlt/extract/extract.py", line 421, in extract
    self._extract_single_source(
  File "/home/airflow/.local/lib/python3.10/site-packages/dlt/extract/extract.py", line 335, in _extract_single_source
    with self.manage_writers(load_id, source):
  File "/usr/local/lib/python3.10/contextlib.py", line 142, in __exit__
    next(self.gen)
  File "/home/airflow/.local/lib/python3.10/site-packages/dlt/extract/extract.py", line 373, in manage_writers
    self.extract_storage.close_writers(load_id)
  File "/home/airflow/.local/lib/python3.10/site-packages/dlt/extract/storage.py", line 78, in close_writers
    storage.close_writers(load_id, skip_flush=skip_flush)
  File "/home/airflow/.local/lib/python3.10/site-packages/dlt/common/storages/data_item_storage.py", line 85, in close_writers
    writer.close(skip_flush=skip_flush)
  File "/home/airflow/.local/lib/python3.10/site-packages/dlt/common/data_writers/buffered.py", line 176, in close
    self._flush_and_close_file(skip_flush=skip_flush)
  File "/home/airflow/.local/lib/python3.10/site-packages/dlt/common/data_writers/buffered.py", line 260, in _flush_and_close_file
    self._flush_items(allow_empty_file)
  File "/home/airflow/.local/lib/python3.10/site-packages/dlt/common/data_writers/buffered.py", line 243, in _flush_items
    self._file = self.open(self._file_name, "wb")  # type: ignore
  File "/usr/local/lib/python3.10/gzip.py", line 58, in open
    binary_file = GzipFile(filename, gz_mode, compresslevel)
  File "/usr/local/lib/python3.10/gzip.py", line 174, in __init__
    fileobj = self.myfileobj = builtins.open(filename, mode or 'rb')
FileNotFoundError: [Errno 2] No such file or directory: '/home/airflow/.dlt/pipelines/olist_bulk_loader/normalize/3fddc942901422e5/1775471850.4504352/new_jobs/sellers.6f91cc761c.0.typed-jsonl'

During handling of the above exception, another exception occurred:

Traceback (most recent call last):
  File "/home/airflow/.local/lib/python3.10/site-packages/dlt/extract/storage.py", line 106, in get_load_package_info
    return self.new_packages.get_load_package_info(load_id)
  File "/home/airflow/.local/lib/python3.10/site-packages/dlt/common/storages/load_package.py", line 599, in get_load_package_info
    package_jobs = self.get_load_package_jobs(load_id)
  File "/home/airflow/.local/lib/python3.10/site-packages/dlt/common/storages/load_package.py", line 578, in get_load_package_jobs
    raise LoadPackageNotFound(load_id)
dlt.common.storages.exceptions.LoadPackageNotFound: Package with load id 1775471850.4504352 could not be found

During handling of the above exception, another exception occurred:

Traceback (most recent call last):
  File "/opt/airflow/scripts/ingestion_data.py", line 82, in load_to_postgres
    print(f"⚡ Envoi de {len(all_resources)} tables en une seule session...")
  File "/home/airflow/.local/lib/python3.10/site-packages/dlt/pipeline/pipeline.py", line 226, in _wrap
    step_info = f(self, *args, **kwargs)
  File "/home/airflow/.local/lib/python3.10/site-packages/dlt/pipeline/pipeline.py", line 275, in _wrap
    return f(self, *args, **kwargs)
  File "/home/airflow/.local/lib/python3.10/site-packages/dlt/pipeline/pipeline.py", line 735, in run
    self.extract(
  File "/home/airflow/.local/lib/python3.10/site-packages/dlt/pipeline/pipeline.py", line 226, in _wrap
    step_info = f(self, *args, **kwargs)
  File "/home/airflow/.local/lib/python3.10/site-packages/dlt/pipeline/pipeline.py", line 180, in _wrap
    rv = f(self, *args, **kwargs)
  File "/home/airflow/.local/lib/python3.10/site-packages/dlt/pipeline/pipeline.py", line 166, in _wrap
    return f(self, *args, **kwargs)
  File "/home/airflow/.local/lib/python3.10/site-packages/dlt/pipeline/pipeline.py", line 275, in _wrap
    return f(self, *args, **kwargs)
  File "/home/airflow/.local/lib/python3.10/site-packages/dlt/pipeline/pipeline.py", line 490, in extract
    step_info = self._get_step_info(extract_step)
  File "/home/airflow/.local/lib/python3.10/site-packages/dlt/pipeline/pipeline.py", line 1497, in _get_step_info
    return step.get_step_info(self)
  File "/home/airflow/.local/lib/python3.10/site-packages/dlt/extract/extract.py", line 445, in get_step_info
    load_package = self.extract_storage.get_load_package_info(load_id)
  File "/home/airflow/.local/lib/python3.10/site-packages/dlt/extract/storage.py", line 108, in get_load_package_info
    return self.extracted_packages.get_load_package_info(load_id)
  File "/home/airflow/.local/lib/python3.10/site-packages/dlt/common/storages/load_package.py", line 599, in get_load_package_info
    package_jobs = self.get_load_package_jobs(load_id)
  File "/home/airflow/.local/lib/python3.10/site-packages/dlt/common/storages/load_package.py", line 578, in get_load_package_jobs
    raise LoadPackageNotFound(load_id)
dlt.common.storages.exceptions.LoadPackageNotFound: Package with load id 1775471850.4504352 could not be found
[2026-04-06T10:38:55.686+0000] {taskinstance.py:441} INFO - ::group::Post task execution logs
[2026-04-06T10:38:55.690+0000] {taskinstance.py:2905} ERROR - Task failed with exception
Traceback (most recent call last):
  File "/home/airflow/.local/lib/python3.10/site-packages/dlt/pipeline/pipeline.py", line 471, in extract
    self._extract_source(
  File "/home/airflow/.local/lib/python3.10/site-packages/dlt/pipeline/pipeline.py", line 1239, in _extract_source
    load_id = extract.extract(
  File "/home/airflow/.local/lib/python3.10/site-packages/dlt/extract/extract.py", line 421, in extract
    self._extract_single_source(
  File "/home/airflow/.local/lib/python3.10/site-packages/dlt/extract/extract.py", line 335, in _extract_single_source
    with self.manage_writers(load_id, source):
  File "/usr/local/lib/python3.10/contextlib.py", line 142, in __exit__
    next(self.gen)
  File "/home/airflow/.local/lib/python3.10/site-packages/dlt/extract/extract.py", line 373, in manage_writers
    self.extract_storage.close_writers(load_id)
  File "/home/airflow/.local/lib/python3.10/site-packages/dlt/extract/storage.py", line 78, in close_writers
    storage.close_writers(load_id, skip_flush=skip_flush)
  File "/home/airflow/.local/lib/python3.10/site-packages/dlt/common/storages/data_item_storage.py", line 85, in close_writers
    writer.close(skip_flush=skip_flush)
  File "/home/airflow/.local/lib/python3.10/site-packages/dlt/common/data_writers/buffered.py", line 176, in close
    self._flush_and_close_file(skip_flush=skip_flush)
  File "/home/airflow/.local/lib/python3.10/site-packages/dlt/common/data_writers/buffered.py", line 260, in _flush_and_close_file
    self._flush_items(allow_empty_file)
  File "/home/airflow/.local/lib/python3.10/site-packages/dlt/common/data_writers/buffered.py", line 243, in _flush_items
    self._file = self.open(self._file_name, "wb")  # type: ignore
  File "/usr/local/lib/python3.10/gzip.py", line 58, in open
    binary_file = GzipFile(filename, gz_mode, compresslevel)
  File "/usr/local/lib/python3.10/gzip.py", line 174, in __init__
    fileobj = self.myfileobj = builtins.open(filename, mode or 'rb')
FileNotFoundError: [Errno 2] No such file or directory: '/home/airflow/.dlt/pipelines/olist_bulk_loader/normalize/3fddc942901422e5/1775471850.4504352/new_jobs/sellers.6f91cc761c.0.typed-jsonl'

During handling of the above exception, another exception occurred:

Traceback (most recent call last):
  File "/home/airflow/.local/lib/python3.10/site-packages/dlt/extract/storage.py", line 106, in get_load_package_info
    return self.new_packages.get_load_package_info(load_id)
  File "/home/airflow/.local/lib/python3.10/site-packages/dlt/common/storages/load_package.py", line 599, in get_load_package_info
    package_jobs = self.get_load_package_jobs(load_id)
  File "/home/airflow/.local/lib/python3.10/site-packages/dlt/common/storages/load_package.py", line 578, in get_load_package_jobs
    raise LoadPackageNotFound(load_id)
dlt.common.storages.exceptions.LoadPackageNotFound: Package with load id 1775471850.4504352 could not be found

During handling of the above exception, another exception occurred:

Traceback (most recent call last):
  File "/home/airflow/.local/lib/python3.10/site-packages/airflow/models/taskinstance.py", line 465, in _execute_task
    result = _execute_callable(context=context, **execute_callable_kwargs)
  File "/home/airflow/.local/lib/python3.10/site-packages/airflow/models/taskinstance.py", line 432, in _execute_callable
    return execute_callable(context=context, **execute_callable_kwargs)
  File "/home/airflow/.local/lib/python3.10/site-packages/airflow/models/baseoperator.py", line 401, in wrapper
    return func(self, *args, **kwargs)
  File "/home/airflow/.local/lib/python3.10/site-packages/airflow/operators/python.py", line 235, in execute
    return_value = self.execute_callable()
  File "/home/airflow/.local/lib/python3.10/site-packages/airflow/operators/python.py", line 252, in execute_callable
    return self.python_callable(*self.op_args, **self.op_kwargs)
  File "/opt/airflow/scripts/ingestion_data.py", line 93, in load_to_postgres
    print(traceback.format_exc())
  File "/opt/airflow/scripts/ingestion_data.py", line 82, in load_to_postgres
    print(f"⚡ Envoi de {len(all_resources)} tables en une seule session...")
  File "/home/airflow/.local/lib/python3.10/site-packages/dlt/pipeline/pipeline.py", line 226, in _wrap
    step_info = f(self, *args, **kwargs)
  File "/home/airflow/.local/lib/python3.10/site-packages/dlt/pipeline/pipeline.py", line 275, in _wrap
    return f(self, *args, **kwargs)
  File "/home/airflow/.local/lib/python3.10/site-packages/dlt/pipeline/pipeline.py", line 735, in run
    self.extract(
  File "/home/airflow/.local/lib/python3.10/site-packages/dlt/pipeline/pipeline.py", line 226, in _wrap
    step_info = f(self, *args, **kwargs)
  File "/home/airflow/.local/lib/python3.10/site-packages/dlt/pipeline/pipeline.py", line 180, in _wrap
    rv = f(self, *args, **kwargs)
  File "/home/airflow/.local/lib/python3.10/site-packages/dlt/pipeline/pipeline.py", line 166, in _wrap
    return f(self, *args, **kwargs)
  File "/home/airflow/.local/lib/python3.10/site-packages/dlt/pipeline/pipeline.py", line 275, in _wrap
    return f(self, *args, **kwargs)
  File "/home/airflow/.local/lib/python3.10/site-packages/dlt/pipeline/pipeline.py", line 490, in extract
    step_info = self._get_step_info(extract_step)
  File "/home/airflow/.local/lib/python3.10/site-packages/dlt/pipeline/pipeline.py", line 1497, in _get_step_info
    return step.get_step_info(self)
  File "/home/airflow/.local/lib/python3.10/site-packages/dlt/extract/extract.py", line 445, in get_step_info
    load_package = self.extract_storage.get_load_package_info(load_id)
  File "/home/airflow/.local/lib/python3.10/site-packages/dlt/extract/storage.py", line 108, in get_load_package_info
    return self.extracted_packages.get_load_package_info(load_id)
  File "/home/airflow/.local/lib/python3.10/site-packages/dlt/common/storages/load_package.py", line 599, in get_load_package_info
    package_jobs = self.get_load_package_jobs(load_id)
  File "/home/airflow/.local/lib/python3.10/site-packages/dlt/common/storages/load_package.py", line 578, in get_load_package_jobs
    raise LoadPackageNotFound(load_id)
dlt.common.storages.exceptions.LoadPackageNotFound: Package with load id 1775471850.4504352 could not be found
[2026-04-06T10:38:55.811+0000] {taskinstance.py:1206} INFO - Marking task as FAILED. dag_id=pipeline, task_id=ingest_csv_to_bronze, run_id=manual__2026-04-06T09:31:02.921403+00:00, execution_date=20260406T093102, start_date=20260406T103701, end_date=20260406T103855
[2026-04-06T10:38:55.874+0000] {standard_task_runner.py:110} ERROR - Failed to execute job 75 for task ingest_csv_to_bronze (Package with load id 1775471850.4504352 could not be found; 2046)
[2026-04-06T10:38:55.937+0000] {local_task_job_runner.py:243} INFO - Task exited with return code 1
[2026-04-06T10:38:56.045+0000] {taskinstance.py:3503} INFO - 0 downstream tasks scheduled from follow-on schedule check
[2026-04-06T10:38:56.053+0000] {local_task_job_runner.py:222} INFO - ::endgroup::
