[2026-04-06T10:08:16.320+0000] {local_task_job_runner.py:120} INFO - ::group::Pre task execution logs
[2026-04-06T10:08:16.409+0000] {taskinstance.py:2076} INFO - Dependencies all met for dep_context=non-requeueable deps ti=<TaskInstance: pipeline.ingest_csv_to_bronze manual__2026-04-06T09:31:02.921403+00:00 [queued]>
[2026-04-06T10:08:16.426+0000] {taskinstance.py:2076} INFO - Dependencies all met for dep_context=requeueable deps ti=<TaskInstance: pipeline.ingest_csv_to_bronze manual__2026-04-06T09:31:02.921403+00:00 [queued]>
[2026-04-06T10:08:16.427+0000] {taskinstance.py:2306} INFO - Starting attempt 4 of 4
[2026-04-06T10:08:16.445+0000] {taskinstance.py:2330} INFO - Executing <Task(PythonOperator): ingest_csv_to_bronze> on 2026-04-06 09:31:02.921403+00:00
[2026-04-06T10:08:16.456+0000] {standard_task_runner.py:64} INFO - Started process 1545 to run task
[2026-04-06T10:08:16.461+0000] {standard_task_runner.py:90} INFO - Running: ['airflow', 'tasks', 'run', 'pipeline', 'ingest_csv_to_bronze', 'manual__2026-04-06T09:31:02.921403+00:00', '--job-id', '53', '--raw', '--subdir', 'DAGS_FOLDER/pipeline.py', '--cfg-path', '/tmp/tmpdr7tzu8e']
[2026-04-06T10:08:16.467+0000] {standard_task_runner.py:91} INFO - Job 53: Subtask ingest_csv_to_bronze
[2026-04-06T10:08:16.736+0000] {task_command.py:426} INFO - Running <TaskInstance: pipeline.ingest_csv_to_bronze manual__2026-04-06T09:31:02.921403+00:00 [running]> on host 503d89ed3fcb
[2026-04-06T10:08:17.065+0000] {taskinstance.py:2648} INFO - Exporting env vars: AIRFLOW_CTX_DAG_OWNER='data_engineer' AIRFLOW_CTX_DAG_ID='pipeline' AIRFLOW_CTX_TASK_ID='ingest_csv_to_bronze' AIRFLOW_CTX_EXECUTION_DATE='2026-04-06T09:31:02.921403+00:00' AIRFLOW_CTX_TRY_NUMBER='4' AIRFLOW_CTX_DAG_RUN_ID='manual__2026-04-06T09:31:02.921403+00:00'
[2026-04-06T10:08:17.067+0000] {taskinstance.py:430} INFO - ::endgroup::
[2026-04-06T10:08:17.081+0000] {logging_mixin.py:188} INFO - 🚀 Lancement DLT : Injection groupée vers 'Olist'
[2026-04-06T10:08:17.779+0000] {config_providers_context.py:146} WARNING - Airflow variable 'dlt_secrets_toml' was not found. This Airflow variable is a recommended place to hold the content of secrets.toml.If you do not use Airflow variables to hold dlt configuration or use variables with other names you can ignore this warning.
[2026-04-06T10:08:29.773+0000] {logging_mixin.py:188} INFO - 📦 Préparation de la ressource : customers
[2026-04-06T10:08:29.776+0000] {logging_mixin.py:188} INFO - 📦 Préparation de la ressource : geolocation
[2026-04-06T10:08:29.776+0000] {logging_mixin.py:188} INFO - 📦 Préparation de la ressource : orders
[2026-04-06T10:08:29.777+0000] {logging_mixin.py:188} INFO - 📦 Préparation de la ressource : order_items
[2026-04-06T10:08:29.778+0000] {logging_mixin.py:188} INFO - 📦 Préparation de la ressource : order_payments
[2026-04-06T10:08:29.779+0000] {logging_mixin.py:188} INFO - 📦 Préparation de la ressource : order_reviews
[2026-04-06T10:08:29.779+0000] {logging_mixin.py:188} INFO - 📦 Préparation de la ressource : products
[2026-04-06T10:08:29.780+0000] {logging_mixin.py:188} INFO - 📦 Préparation de la ressource : sellers
[2026-04-06T10:08:29.781+0000] {logging_mixin.py:188} INFO - 📦 Préparation de la ressource : product_category_translation
[2026-04-06T10:08:29.782+0000] {logging_mixin.py:188} INFO - ⚡ Envoi de 9 tables en une seule session...
[2026-04-06T10:08:42.623+0000] {local_task_job_runner.py:313} WARNING - State of this instance has been externally set to success. Terminating instance.
[2026-04-06T10:08:42.626+0000] {local_task_job_runner.py:222} INFO - ::endgroup::
[2026-04-06T10:08:42.646+0000] {process_utils.py:132} INFO - Sending 15 to group 1545. PIDs of all processes in the group: [1545]
[2026-04-06T10:08:42.647+0000] {process_utils.py:87} INFO - Sending the signal 15 to group 1545
[2026-04-06T10:08:42.687+0000] {taskinstance.py:2611} ERROR - Received SIGTERM. Terminating subprocesses.
[2026-04-06T10:08:42.709+0000] {taskinstance.py:441} INFO - ::group::Post task execution logs
[2026-04-06T10:08:42.821+0000] {process_utils.py:80} INFO - Process psutil.Process(pid=1545, status='terminated', exitcode=0, started='10:08:15') (1545) terminated with exit code 0
