[2026-04-06T10:35:41.135+0000] {local_task_job_runner.py:120} INFO - ::group::Pre task execution logs
[2026-04-06T10:35:41.243+0000] {taskinstance.py:2076} INFO - Dependencies all met for dep_context=non-requeueable deps ti=<TaskInstance: pipeline.ingest_csv_to_bronze manual__2026-04-06T09:31:02.921403+00:00 [queued]>
[2026-04-06T10:35:41.260+0000] {taskinstance.py:2076} INFO - Dependencies all met for dep_context=requeueable deps ti=<TaskInstance: pipeline.ingest_csv_to_bronze manual__2026-04-06T09:31:02.921403+00:00 [queued]>
[2026-04-06T10:35:41.260+0000] {taskinstance.py:2306} INFO - Starting attempt 6 of 6
[2026-04-06T10:35:41.282+0000] {taskinstance.py:2330} INFO - Executing <Task(PythonOperator): ingest_csv_to_bronze> on 2026-04-06 09:31:02.921403+00:00
[2026-04-06T10:35:41.294+0000] {standard_task_runner.py:64} INFO - Started process 2024 to run task
[2026-04-06T10:35:41.309+0000] {standard_task_runner.py:90} INFO - Running: ['airflow', 'tasks', 'run', 'pipeline', 'ingest_csv_to_bronze', 'manual__2026-04-06T09:31:02.921403+00:00', '--job-id', '73', '--raw', '--subdir', 'DAGS_FOLDER/pipeline.py', '--cfg-path', '/tmp/tmpsoki1y7t']
[2026-04-06T10:35:41.326+0000] {standard_task_runner.py:91} INFO - Job 73: Subtask ingest_csv_to_bronze
[2026-04-06T10:35:41.705+0000] {task_command.py:426} INFO - Running <TaskInstance: pipeline.ingest_csv_to_bronze manual__2026-04-06T09:31:02.921403+00:00 [running]> on host 503d89ed3fcb
[2026-04-06T10:35:42.146+0000] {taskinstance.py:2648} INFO - Exporting env vars: AIRFLOW_CTX_DAG_OWNER='data_engineer' AIRFLOW_CTX_DAG_ID='pipeline' AIRFLOW_CTX_TASK_ID='ingest_csv_to_bronze' AIRFLOW_CTX_EXECUTION_DATE='2026-04-06T09:31:02.921403+00:00' AIRFLOW_CTX_TRY_NUMBER='6' AIRFLOW_CTX_DAG_RUN_ID='manual__2026-04-06T09:31:02.921403+00:00'
[2026-04-06T10:35:42.156+0000] {taskinstance.py:430} INFO - ::endgroup::
[2026-04-06T10:35:42.210+0000] {logging_mixin.py:188} INFO - 🚀 Lancement DLT : Injection groupée vers 'Olist'
[2026-04-06T10:35:42.213+0000] {logging_mixin.py:188} INFO - 🧹 Suppression de l'état local DLT : /home/airflow/.dlt/pipelines/olist_bulk_loader
[2026-04-06T10:35:45.086+0000] {config_providers_context.py:146} WARNING - Airflow variable 'dlt_secrets_toml' was not found. This Airflow variable is a recommended place to hold the content of secrets.toml.If you do not use Airflow variables to hold dlt configuration or use variables with other names you can ignore this warning.
[2026-04-06T10:35:57.019+0000] {logging_mixin.py:188} INFO - ❌ ERREUR LORS DE L'INGESTION
[2026-04-06T10:35:57.039+0000] {logging_mixin.py:188} INFO - Traceback (most recent call last):
  File "/opt/airflow/scripts/ingestion_data.py", line 56, in load_to_postgres
    pipeline = dlt.pipeline(
  File "/home/airflow/.local/lib/python3.10/site-packages/dlt/common/configuration/inject.py", line 247, in _wrap
    return f(*bound_args.args, **bound_args.kwargs)
  File "/home/airflow/.local/lib/python3.10/site-packages/dlt/pipeline/__init__.py", line 154, in pipeline
    p = _impl_cls(
  File "/home/airflow/.local/lib/python3.10/site-packages/dlt/pipeline/pipeline.py", line 367, in __init__
    with self.managed_state() as state:
  File "/usr/local/lib/python3.10/contextlib.py", line 142, in __exit__
    next(self.gen)
  File "/home/airflow/.local/lib/python3.10/site-packages/dlt/pipeline/pipeline.py", line 1620, in managed_state
    self._bump_version_and_extract_state(state, extract_state)
  File "/home/airflow/.local/lib/python3.10/site-packages/dlt/pipeline/pipeline.py", line 1711, in _bump_version_and_extract_state
    _, hash_, _ = bump_pipeline_state_version_if_modified(self._props_to_state(state))
  File "/home/airflow/.local/lib/python3.10/site-packages/dlt/pipeline/pipeline.py", line 1672, in _props_to_state
    state["schema_names"] = self._list_schemas_sorted()
  File "/home/airflow/.local/lib/python3.10/site-packages/dlt/pipeline/pipeline.py", line 1744, in _list_schemas_sorted
    return sorted(self._schema_storage.list_schemas())
  File "/home/airflow/.local/lib/python3.10/site-packages/dlt/common/storages/live_schema_storage.py", line 72, in list_schemas
    names = list(set(super().list_schemas()) | set(self.live_schemas.keys()))
  File "/home/airflow/.local/lib/python3.10/site-packages/dlt/common/storages/schema_storage.py", line 105, in list_schemas
    files = self.storage.list_folder_files(".", to_root=False)
  File "/home/airflow/.local/lib/python3.10/site-packages/dlt/common/storages/file_storage.py", line 146, in list_folder_files
    return [e.name for e in os.scandir(scan_path) if e.is_file()]
FileNotFoundError: [Errno 2] No such file or directory: '/home/airflow/.dlt/pipelines/olist_bulk_loader/schemas/.'
[2026-04-06T10:35:57.040+0000] {taskinstance.py:441} INFO - ::group::Post task execution logs
[2026-04-06T10:35:57.041+0000] {taskinstance.py:2905} ERROR - Task failed with exception
Traceback (most recent call last):
  File "/home/airflow/.local/lib/python3.10/site-packages/airflow/models/taskinstance.py", line 465, in _execute_task
    result = _execute_callable(context=context, **execute_callable_kwargs)
  File "/home/airflow/.local/lib/python3.10/site-packages/airflow/models/taskinstance.py", line 432, in _execute_callable
    return execute_callable(context=context, **execute_callable_kwargs)
  File "/home/airflow/.local/lib/python3.10/site-packages/airflow/models/baseoperator.py", line 401, in wrapper
    return func(self, *args, **kwargs)
  File "/home/airflow/.local/lib/python3.10/site-packages/airflow/operators/python.py", line 235, in execute
    return_value = self.execute_callable()
  File "/home/airflow/.local/lib/python3.10/site-packages/airflow/operators/python.py", line 252, in execute_callable
    return self.python_callable(*self.op_args, **self.op_kwargs)
  File "/opt/airflow/scripts/ingestion_data.py", line 93, in load_to_postgres
    raise e
  File "/opt/airflow/scripts/ingestion_data.py", line 56, in load_to_postgres
    pipeline = dlt.pipeline(
  File "/home/airflow/.local/lib/python3.10/site-packages/dlt/common/configuration/inject.py", line 247, in _wrap
    return f(*bound_args.args, **bound_args.kwargs)
  File "/home/airflow/.local/lib/python3.10/site-packages/dlt/pipeline/__init__.py", line 154, in pipeline
    p = _impl_cls(
  File "/home/airflow/.local/lib/python3.10/site-packages/dlt/pipeline/pipeline.py", line 367, in __init__
    with self.managed_state() as state:
  File "/usr/local/lib/python3.10/contextlib.py", line 142, in __exit__
    next(self.gen)
  File "/home/airflow/.local/lib/python3.10/site-packages/dlt/pipeline/pipeline.py", line 1620, in managed_state
    self._bump_version_and_extract_state(state, extract_state)
  File "/home/airflow/.local/lib/python3.10/site-packages/dlt/pipeline/pipeline.py", line 1711, in _bump_version_and_extract_state
    _, hash_, _ = bump_pipeline_state_version_if_modified(self._props_to_state(state))
  File "/home/airflow/.local/lib/python3.10/site-packages/dlt/pipeline/pipeline.py", line 1672, in _props_to_state
    state["schema_names"] = self._list_schemas_sorted()
  File "/home/airflow/.local/lib/python3.10/site-packages/dlt/pipeline/pipeline.py", line 1744, in _list_schemas_sorted
    return sorted(self._schema_storage.list_schemas())
  File "/home/airflow/.local/lib/python3.10/site-packages/dlt/common/storages/live_schema_storage.py", line 72, in list_schemas
    names = list(set(super().list_schemas()) | set(self.live_schemas.keys()))
  File "/home/airflow/.local/lib/python3.10/site-packages/dlt/common/storages/schema_storage.py", line 105, in list_schemas
    files = self.storage.list_folder_files(".", to_root=False)
  File "/home/airflow/.local/lib/python3.10/site-packages/dlt/common/storages/file_storage.py", line 146, in list_folder_files
    return [e.name for e in os.scandir(scan_path) if e.is_file()]
FileNotFoundError: [Errno 2] No such file or directory: '/home/airflow/.dlt/pipelines/olist_bulk_loader/schemas/.'
[2026-04-06T10:35:57.117+0000] {taskinstance.py:1206} INFO - Marking task as FAILED. dag_id=pipeline, task_id=ingest_csv_to_bronze, run_id=manual__2026-04-06T09:31:02.921403+00:00, execution_date=20260406T093102, start_date=20260406T103541, end_date=20260406T103557
[2026-04-06T10:35:57.152+0000] {standard_task_runner.py:110} ERROR - Failed to execute job 73 for task ingest_csv_to_bronze ([Errno 2] No such file or directory: '/home/airflow/.dlt/pipelines/olist_bulk_loader/schemas/.'; 2024)
[2026-04-06T10:35:57.175+0000] {local_task_job_runner.py:243} INFO - Task exited with return code 1
[2026-04-06T10:35:57.405+0000] {taskinstance.py:3503} INFO - 0 downstream tasks scheduled from follow-on schedule check
[2026-04-06T10:35:57.414+0000] {local_task_job_runner.py:222} INFO - ::endgroup::
