[2026-04-06T09:31:07.207+0000] {local_task_job_runner.py:120} INFO - ::group::Pre task execution logs
[2026-04-06T09:31:07.511+0000] {taskinstance.py:2076} INFO - Dependencies all met for dep_context=non-requeueable deps ti=<TaskInstance: pipeline.ingest_csv_to_bronze manual__2026-04-06T09:31:02.921403+00:00 [queued]>
[2026-04-06T09:31:07.529+0000] {taskinstance.py:2076} INFO - Dependencies all met for dep_context=requeueable deps ti=<TaskInstance: pipeline.ingest_csv_to_bronze manual__2026-04-06T09:31:02.921403+00:00 [queued]>
[2026-04-06T09:31:07.530+0000] {taskinstance.py:2306} INFO - Starting attempt 1 of 1
[2026-04-06T09:31:07.554+0000] {taskinstance.py:2330} INFO - Executing <Task(PythonOperator): ingest_csv_to_bronze> on 2026-04-06 09:31:02.921403+00:00
[2026-04-06T09:31:07.569+0000] {standard_task_runner.py:64} INFO - Started process 892 to run task
[2026-04-06T09:31:07.576+0000] {standard_task_runner.py:90} INFO - Running: ['airflow', 'tasks', 'run', 'pipeline', 'ingest_csv_to_bronze', 'manual__2026-04-06T09:31:02.921403+00:00', '--job-id', '33', '--raw', '--subdir', 'DAGS_FOLDER/pipeline.py', '--cfg-path', '/tmp/tmp224zb3mm']
[2026-04-06T09:31:07.584+0000] {standard_task_runner.py:91} INFO - Job 33: Subtask ingest_csv_to_bronze
[2026-04-06T09:31:07.942+0000] {task_command.py:426} INFO - Running <TaskInstance: pipeline.ingest_csv_to_bronze manual__2026-04-06T09:31:02.921403+00:00 [running]> on host 503d89ed3fcb
[2026-04-06T09:31:08.419+0000] {taskinstance.py:2648} INFO - Exporting env vars: AIRFLOW_CTX_DAG_OWNER='data_engineer' AIRFLOW_CTX_DAG_ID='pipeline' AIRFLOW_CTX_TASK_ID='ingest_csv_to_bronze' AIRFLOW_CTX_EXECUTION_DATE='2026-04-06T09:31:02.921403+00:00' AIRFLOW_CTX_TRY_NUMBER='1' AIRFLOW_CTX_DAG_RUN_ID='manual__2026-04-06T09:31:02.921403+00:00'
[2026-04-06T09:31:08.423+0000] {taskinstance.py:430} INFO - ::endgroup::
[2026-04-06T09:31:08.466+0000] {logging_mixin.py:188} INFO - 🚀 Lancement DLT : Injection vers la base 'Olist'
[2026-04-06T09:31:09.302+0000] {config_providers_context.py:146} WARNING - Airflow variable 'dlt_secrets_toml' was not found. This Airflow variable is a recommended place to hold the content of secrets.toml.If you do not use Airflow variables to hold dlt configuration or use variables with other names you can ignore this warning.
[2026-04-06T09:31:21.881+0000] {logging_mixin.py:188} INFO - 📥 Traitement de olist_customers_dataset.csv → customers
[2026-04-06T09:31:59.789+0000] {logging_mixin.py:188} INFO - ✅ customers chargé.
[2026-04-06T09:31:59.790+0000] {logging_mixin.py:188} INFO - 📥 Traitement de olist_geolocation_dataset.csv → geolocation
[2026-04-06T09:33:56.512+0000] {logging_mixin.py:188} INFO - ✅ geolocation chargé.
[2026-04-06T09:33:56.514+0000] {logging_mixin.py:188} INFO - 📥 Traitement de olist_orders_dataset.csv → orders
[2026-04-06T09:34:35.665+0000] {logging_mixin.py:188} INFO - ✅ orders chargé.
[2026-04-06T09:34:35.667+0000] {logging_mixin.py:188} INFO - 📥 Traitement de olist_order_items_dataset.csv → order_items
[2026-04-06T09:35:00.337+0000] {logging_mixin.py:188} INFO - ✅ order_items chargé.
[2026-04-06T09:35:00.338+0000] {logging_mixin.py:188} INFO - 📥 Traitement de olist_order_payments_dataset.csv → order_payments
[2026-04-06T09:35:13.263+0000] {logging_mixin.py:188} INFO - ✅ order_payments chargé.
[2026-04-06T09:35:13.264+0000] {logging_mixin.py:188} INFO - 📥 Traitement de olist_order_reviews_dataset.csv → order_reviews
[2026-04-06T09:35:16.942+0000] {local_task_job_runner.py:313} WARNING - State of this instance has been externally set to failed. Terminating instance.
[2026-04-06T09:35:16.967+0000] {local_task_job_runner.py:222} INFO - ::endgroup::
[2026-04-06T09:35:17.003+0000] {process_utils.py:132} INFO - Sending 15 to group 892. PIDs of all processes in the group: [892]
[2026-04-06T09:35:17.004+0000] {process_utils.py:87} INFO - Sending the signal 15 to group 892
[2026-04-06T09:35:17.005+0000] {taskinstance.py:2611} ERROR - Received SIGTERM. Terminating subprocesses.
[2026-04-06T09:35:17.012+0000] {taskinstance.py:441} INFO - ::group::Post task execution logs
[2026-04-06T09:35:17.138+0000] {process_utils.py:80} INFO - Process psutil.Process(pid=892, status='terminated', exitcode=0, started='09:31:06') (892) terminated with exit code 0
