[2026-04-06T10:59:25.959+0000] {local_task_job_runner.py:120} INFO - ::group::Pre task execution logs
[2026-04-06T10:59:26.090+0000] {taskinstance.py:2076} INFO - Dependencies all met for dep_context=non-requeueable deps ti=<TaskInstance: pipeline.ingest_csv_to_bronze manual__2026-04-06T09:31:02.921403+00:00 [queued]>
[2026-04-06T10:59:26.116+0000] {taskinstance.py:2076} INFO - Dependencies all met for dep_context=requeueable deps ti=<TaskInstance: pipeline.ingest_csv_to_bronze manual__2026-04-06T09:31:02.921403+00:00 [queued]>
[2026-04-06T10:59:26.117+0000] {taskinstance.py:2306} INFO - Starting attempt 9 of 9
[2026-04-06T10:59:26.155+0000] {taskinstance.py:2330} INFO - Executing <Task(PythonOperator): ingest_csv_to_bronze> on 2026-04-06 09:31:02.921403+00:00
[2026-04-06T10:59:26.194+0000] {standard_task_runner.py:64} INFO - Started process 2368 to run task
[2026-04-06T10:59:26.204+0000] {standard_task_runner.py:90} INFO - Running: ['airflow', 'tasks', 'run', 'pipeline', 'ingest_csv_to_bronze', 'manual__2026-04-06T09:31:02.921403+00:00', '--job-id', '82', '--raw', '--subdir', 'DAGS_FOLDER/pipeline.py', '--cfg-path', '/tmp/tmpiqt7u_3u']
[2026-04-06T10:59:26.217+0000] {standard_task_runner.py:91} INFO - Job 82: Subtask ingest_csv_to_bronze
[2026-04-06T10:59:26.544+0000] {task_command.py:426} INFO - Running <TaskInstance: pipeline.ingest_csv_to_bronze manual__2026-04-06T09:31:02.921403+00:00 [running]> on host 503d89ed3fcb
[2026-04-06T10:59:26.960+0000] {taskinstance.py:2648} INFO - Exporting env vars: AIRFLOW_CTX_DAG_OWNER='data_engineer' AIRFLOW_CTX_DAG_ID='pipeline' AIRFLOW_CTX_TASK_ID='ingest_csv_to_bronze' AIRFLOW_CTX_EXECUTION_DATE='2026-04-06T09:31:02.921403+00:00' AIRFLOW_CTX_TRY_NUMBER='9' AIRFLOW_CTX_DAG_RUN_ID='manual__2026-04-06T09:31:02.921403+00:00'
[2026-04-06T10:59:26.962+0000] {taskinstance.py:430} INFO - ::endgroup::
[2026-04-06T10:59:26.983+0000] {logging_mixin.py:188} INFO - 🚀 Lancement DLT : Injection groupée vers 'Olist'
[2026-04-06T10:59:27.903+0000] {config_providers_context.py:146} WARNING - Airflow variable 'dlt_secrets_toml' was not found. This Airflow variable is a recommended place to hold the content of secrets.toml.If you do not use Airflow variables to hold dlt configuration or use variables with other names you can ignore this warning.
[2026-04-06T10:59:36.530+0000] {local_task_job_runner.py:313} WARNING - State of this instance has been externally set to failed. Terminating instance.
[2026-04-06T10:59:36.535+0000] {local_task_job_runner.py:222} INFO - ::endgroup::
[2026-04-06T10:59:36.576+0000] {process_utils.py:132} INFO - Sending 15 to group 2368. PIDs of all processes in the group: [2368]
[2026-04-06T10:59:36.577+0000] {process_utils.py:87} INFO - Sending the signal 15 to group 2368
[2026-04-06T10:59:36.649+0000] {taskinstance.py:2611} ERROR - Received SIGTERM. Terminating subprocesses.
[2026-04-06T10:59:36.651+0000] {taskinstance.py:441} INFO - ::group::Post task execution logs
[2026-04-06T10:59:36.791+0000] {process_utils.py:80} INFO - Process psutil.Process(pid=2368, status='terminated', exitcode=0, started='10:59:25') (2368) terminated with exit code 0
