[2026-04-06T10:05:55.733+0000] {local_task_job_runner.py:120} INFO - ::group::Pre task execution logs
[2026-04-06T10:05:55.845+0000] {taskinstance.py:2076} INFO - Dependencies all met for dep_context=non-requeueable deps ti=<TaskInstance: pipeline.dbt_silver manual__2026-04-06T10:00:32.335470+00:00 [queued]>
[2026-04-06T10:05:55.876+0000] {taskinstance.py:2076} INFO - Dependencies all met for dep_context=requeueable deps ti=<TaskInstance: pipeline.dbt_silver manual__2026-04-06T10:00:32.335470+00:00 [queued]>
[2026-04-06T10:05:55.877+0000] {taskinstance.py:2306} INFO - Starting attempt 1 of 1
[2026-04-06T10:05:55.913+0000] {taskinstance.py:2330} INFO - Executing <Task(BashOperator): dbt_silver> on 2026-04-06 10:00:32.335470+00:00
[2026-04-06T10:05:55.944+0000] {standard_task_runner.py:64} INFO - Started process 1483 to run task
[2026-04-06T10:05:55.951+0000] {standard_task_runner.py:90} INFO - Running: ['airflow', 'tasks', 'run', 'pipeline', 'dbt_silver', 'manual__2026-04-06T10:00:32.335470+00:00', '--job-id', '51', '--raw', '--subdir', 'DAGS_FOLDER/pipeline.py', '--cfg-path', '/tmp/tmp2b5zj2k7']
[2026-04-06T10:05:55.965+0000] {standard_task_runner.py:91} INFO - Job 51: Subtask dbt_silver
[2026-04-06T10:05:56.327+0000] {task_command.py:426} INFO - Running <TaskInstance: pipeline.dbt_silver manual__2026-04-06T10:00:32.335470+00:00 [running]> on host 503d89ed3fcb
[2026-04-06T10:05:57.214+0000] {taskinstance.py:2648} INFO - Exporting env vars: AIRFLOW_CTX_DAG_OWNER='data_engineer' AIRFLOW_CTX_DAG_ID='pipeline' AIRFLOW_CTX_TASK_ID='dbt_silver' AIRFLOW_CTX_EXECUTION_DATE='2026-04-06T10:00:32.335470+00:00' AIRFLOW_CTX_TRY_NUMBER='1' AIRFLOW_CTX_DAG_RUN_ID='manual__2026-04-06T10:00:32.335470+00:00'
[2026-04-06T10:05:57.221+0000] {taskinstance.py:430} INFO - ::endgroup::
[2026-04-06T10:05:57.261+0000] {subprocess.py:63} INFO - Tmp dir root location: /tmp
[2026-04-06T10:05:57.264+0000] {subprocess.py:75} INFO - Running command: ['/usr/bin/bash', '-c', 'cd /opt/airflow/dbt_project/mon_analyse_olist && dbt run --select silver --profiles-dir .']
[2026-04-06T10:05:57.325+0000] {subprocess.py:86} INFO - Output:
[2026-04-06T10:06:01.382+0000] {subprocess.py:93} INFO - [0m10:06:01  Running with dbt=1.8.8
[2026-04-06T10:06:01.898+0000] {subprocess.py:93} INFO - [0m10:06:01  Registered adapter: postgres=1.9.1
[2026-04-06T10:06:02.821+0000] {subprocess.py:93} INFO - [0m10:06:02  Found 14 models, 9 sources, 426 macros
[2026-04-06T10:06:02.835+0000] {subprocess.py:93} INFO - [0m10:06:02
[2026-04-06T10:06:03.804+0000] {subprocess.py:93} INFO - [0m10:06:03  Concurrency: 4 threads (target='dev')
[2026-04-06T10:06:03.809+0000] {subprocess.py:93} INFO - [0m10:06:03
[2026-04-06T10:06:03.871+0000] {subprocess.py:93} INFO - [0m10:06:03  1 of 9 START sql view model silver.stg_category_translation .................... [RUN]
[2026-04-06T10:06:03.877+0000] {subprocess.py:93} INFO - [0m10:06:03  2 of 9 START sql view model silver.stg_customers ............................... [RUN]
[2026-04-06T10:06:03.882+0000] {subprocess.py:93} INFO - [0m10:06:03  3 of 9 START sql view model silver.stg_geolocation ............................. [RUN]
[2026-04-06T10:06:03.886+0000] {subprocess.py:93} INFO - [0m10:06:03  4 of 9 START sql view model silver.stg_order_items ............................. [RUN]
[2026-04-06T10:06:04.610+0000] {subprocess.py:93} INFO - [0m10:06:04  2 of 9 OK created sql view model silver.stg_customers .......................... [[32mCREATE VIEW[0m in 0.70s]
[2026-04-06T10:06:04.612+0000] {subprocess.py:93} INFO - [0m10:06:04  4 of 9 OK created sql view model silver.stg_order_items ........................ [[32mCREATE VIEW[0m in 0.70s]
[2026-04-06T10:06:04.615+0000] {subprocess.py:93} INFO - [0m10:06:04  3 of 9 OK created sql view model silver.stg_geolocation ........................ [[32mCREATE VIEW[0m in 0.71s]
[2026-04-06T10:06:04.617+0000] {subprocess.py:93} INFO - [0m10:06:04  1 of 9 OK created sql view model silver.stg_category_translation ............... [[32mCREATE VIEW[0m in 0.72s]
[2026-04-06T10:06:04.636+0000] {subprocess.py:93} INFO - [0m10:06:04  5 of 9 START sql view model silver.stg_order_payments .......................... [RUN]
[2026-04-06T10:06:04.638+0000] {subprocess.py:93} INFO - [0m10:06:04  6 of 9 START sql view model silver.stg_order_reviews ........................... [RUN]
[2026-04-06T10:06:04.640+0000] {subprocess.py:93} INFO - [0m10:06:04  7 of 9 START sql view model silver.stg_orders .................................. [RUN]
[2026-04-06T10:06:04.643+0000] {subprocess.py:93} INFO - [0m10:06:04  8 of 9 START sql view model silver.stg_products ................................ [RUN]
[2026-04-06T10:06:05.110+0000] {subprocess.py:93} INFO - [0m10:06:05  7 of 9 OK created sql view model silver.stg_orders ............................. [[32mCREATE VIEW[0m in 0.45s]
[2026-04-06T10:06:05.113+0000] {subprocess.py:93} INFO - [0m10:06:05  5 of 9 OK created sql view model silver.stg_order_payments ..................... [[32mCREATE VIEW[0m in 0.45s]
[2026-04-06T10:06:05.126+0000] {subprocess.py:93} INFO - [0m10:06:05  6 of 9 OK created sql view model silver.stg_order_reviews ...................... [[32mCREATE VIEW[0m in 0.47s]
[2026-04-06T10:06:05.141+0000] {subprocess.py:93} INFO - [0m10:06:05  9 of 9 START sql view model silver.stg_sellers ................................. [RUN]
[2026-04-06T10:06:05.145+0000] {subprocess.py:93} INFO - [0m10:06:05  8 of 9 OK created sql view model silver.stg_products ........................... [[32mCREATE VIEW[0m in 0.49s]
[2026-04-06T10:06:05.334+0000] {subprocess.py:93} INFO - [0m10:06:05  9 of 9 OK created sql view model silver.stg_sellers ............................ [[32mCREATE VIEW[0m in 0.18s]
[2026-04-06T10:06:05.471+0000] {subprocess.py:93} INFO - [0m10:06:05
[2026-04-06T10:06:05.474+0000] {subprocess.py:93} INFO - [0m10:06:05  Finished running 9 view models in 0 hours 0 minutes and 2.63 seconds (2.63s).
[2026-04-06T10:06:05.585+0000] {subprocess.py:93} INFO - [0m10:06:05
[2026-04-06T10:06:05.587+0000] {subprocess.py:93} INFO - [0m10:06:05  [32mCompleted successfully[0m
[2026-04-06T10:06:05.588+0000] {subprocess.py:93} INFO - [0m10:06:05
[2026-04-06T10:06:05.590+0000] {subprocess.py:93} INFO - [0m10:06:05  Done. PASS=9 WARN=0 ERROR=0 SKIP=0 TOTAL=9
[2026-04-06T10:06:07.703+0000] {subprocess.py:97} INFO - Command exited with return code 0
[2026-04-06T10:06:07.705+0000] {taskinstance.py:441} INFO - ::group::Post task execution logs
[2026-04-06T10:06:07.864+0000] {taskinstance.py:1206} INFO - Marking task as SUCCESS. dag_id=pipeline, task_id=dbt_silver, run_id=manual__2026-04-06T10:00:32.335470+00:00, execution_date=20260406T100032, start_date=20260406T100555, end_date=20260406T100607
[2026-04-06T10:06:07.942+0000] {local_task_job_runner.py:243} INFO - Task exited with return code 0
[2026-04-06T10:06:08.041+0000] {taskinstance.py:3503} INFO - 1 downstream tasks scheduled from follow-on schedule check
[2026-04-06T10:06:08.045+0000] {local_task_job_runner.py:222} INFO - ::endgroup::
