[0m17:12:14.525937 [debug] [MainThread]: Sending event: {'category': 'dbt', 'action': 'invocation', 'label': 'start', 'context': [<snowplow_tracker.self_describing_json.SelfDescribingJson object at 0x0000020B36BFB510>, <snowplow_tracker.self_describing_json.SelfDescribingJson object at 0x0000020B36BF8F90>, <snowplow_tracker.self_describing_json.SelfDescribingJson object at 0x0000020B36BFB8D0>]}


============================== 17:12:14.531218 | 9b9c9fa8-9c60-4287-b767-b83247ad772f ==============================
[0m17:12:14.531218 [info ] [MainThread]: Running with dbt=1.11.2
[0m17:12:14.534269 [debug] [MainThread]: running dbt with arguments {'static_parser': 'True', 'no_print': 'None', 'version_check': 'True', 'warn_error_options': 'WarnErrorOptionsV2(error=[], warn=[], silence=[])', 'target_path': 'None', 'printer_width': '80', 'write_json': 'True', 'empty': 'None', 'log_cache_events': 'False', 'introspect': 'True', 'cache_selected_only': 'False', 'fail_fast': 'False', 'debug': 'False', 'log_format': 'default', 'profiles_dir': 'C:\\Users\\DHM\\.dbt', 'send_anonymous_usage_stats': 'True', 'quiet': 'False', 'warn_error': 'None', 'partial_parse': 'True', 'invocation_command': 'dbt init mon_analyse_olist', 'use_colors': 'True', 'indirect_selection': 'eager', 'use_experimental_parser': 'False', 'log_path': 'logs'}
[0m17:12:14.574511 [info ] [MainThread]: Creating dbt configuration folder at C:\Users\DHM\.dbt
[0m17:12:14.582532 [debug] [MainThread]: Starter project path: C:\Users\DHM\AppData\Local\Programs\Python\Python311\Lib\site-packages\dbt\include\starter_project
[0m17:12:14.679680 [info ] [MainThread]: 
Your new dbt project "mon_analyse_olist" was created!

For more information on how to configure the profiles.yml file,
please consult the dbt documentation here:

  https://docs.getdbt.com/docs/configure-your-profile

One more thing:

Need help? Don't hesitate to reach out to us via GitHub issues or on Slack:

  https://community.getdbt.com/

Happy modeling!

[0m17:12:14.687725 [info ] [MainThread]: Setting up your profile.
[0m17:14:34.735295 [error] [MainThread]: Encountered an error:

[0m17:14:34.738311 [error] [MainThread]: Traceback (most recent call last):
  File "C:\Users\DHM\AppData\Local\Programs\Python\Python311\Lib\site-packages\dbt\cli\requires.py", line 182, in wrapper
    result, success = func(*args, **kwargs)
                      ^^^^^^^^^^^^^^^^^^^^^
  File "C:\Users\DHM\AppData\Local\Programs\Python\Python311\Lib\site-packages\dbt\cli\requires.py", line 128, in wrapper
    return func(*args, **kwargs)
           ^^^^^^^^^^^^^^^^^^^^^
  File "C:\Users\DHM\AppData\Local\Programs\Python\Python311\Lib\site-packages\dbt\cli\main.py", line 483, in init
    results = task.run()
              ^^^^^^^^^^
  File "C:\Users\DHM\AppData\Local\Programs\Python\Python311\Lib\site-packages\dbt\task\init.py", line 346, in run
    self.setup_profile(profile_name)
  File "C:\Users\DHM\AppData\Local\Programs\Python\Python311\Lib\site-packages\dbt\task\init.py", line 262, in setup_profile
    self.create_profile_from_target(adapter, profile_name=profile_name)
  File "C:\Users\DHM\AppData\Local\Programs\Python\Python311\Lib\site-packages\dbt\task\init.py", line 179, in create_profile_from_target
    self.create_profile_from_profile_template(profile_template, profile_name)
  File "C:\Users\DHM\AppData\Local\Programs\Python\Python311\Lib\site-packages\dbt\task\init.py", line 163, in create_profile_from_profile_template
    target = self.generate_target_from_input(prompts, initial_target)
             ^^^^^^^^^^^^^^^^^^^^^^^^^^^^^^^^^^^^^^^^^^^^^^^^^^^^^^^^
  File "C:\Users\DHM\AppData\Local\Programs\Python\Python311\Lib\site-packages\dbt\task\init.py", line 129, in generate_target_from_input
    target[key] = click.prompt(
                  ^^^^^^^^^^^^^
  File "C:\Users\DHM\AppData\Local\Programs\Python\Python311\Lib\site-packages\click\termui.py", line 171, in prompt
    value = prompt_func(prompt)
            ^^^^^^^^^^^^^^^^^^^
  File "C:\Users\DHM\AppData\Local\Programs\Python\Python311\Lib\site-packages\click\termui.py", line 154, in prompt_func
    raise Abort() from None
click.exceptions.Abort

[0m17:14:34.751149 [debug] [MainThread]: Command `dbt init` failed at 17:14:34.751149 after 140.36 seconds
[0m17:14:34.754669 [debug] [MainThread]: Sending event: {'category': 'dbt', 'action': 'invocation', 'label': 'end', 'context': [<snowplow_tracker.self_describing_json.SelfDescribingJson object at 0x0000020B2EE1C1D0>, <snowplow_tracker.self_describing_json.SelfDescribingJson object at 0x0000020B36BFB0D0>, <snowplow_tracker.self_describing_json.SelfDescribingJson object at 0x0000020B311B8710>]}
[0m17:14:34.757928 [debug] [MainThread]: Flushing usage events
[0m17:14:35.911099 [debug] [MainThread]: An error was encountered while trying to flush usage events
[0m17:14:41.938508 [debug] [MainThread]: Sending event: {'category': 'dbt', 'action': 'invocation', 'label': 'start', 'context': [<snowplow_tracker.self_describing_json.SelfDescribingJson object at 0x000001EAAB6854D0>, <snowplow_tracker.self_describing_json.SelfDescribingJson object at 0x000001EAAFE122D0>, <snowplow_tracker.self_describing_json.SelfDescribingJson object at 0x000001EAAB685190>]}


============================== 17:14:41.945516 | 68ba4a84-3a4e-4ae3-a548-ad2749d24a65 ==============================
[0m17:14:41.945516 [info ] [MainThread]: Running with dbt=1.11.2
[0m17:14:41.950562 [debug] [MainThread]: running dbt with arguments {'static_parser': 'True', 'no_print': 'None', 'version_check': 'True', 'target_path': 'None', 'warn_error_options': 'WarnErrorOptionsV2(error=[], warn=[], silence=[])', 'printer_width': '80', 'write_json': 'True', 'empty': 'None', 'log_cache_events': 'False', 'introspect': 'True', 'cache_selected_only': 'False', 'fail_fast': 'False', 'debug': 'False', 'log_format': 'default', 'partial_parse': 'True', 'send_anonymous_usage_stats': 'True', 'quiet': 'False', 'warn_error': 'None', 'profiles_dir': 'C:\\Users\\DHM\\.dbt', 'use_colors': 'True', 'indirect_selection': 'eager', 'invocation_command': 'dbt init mon_analyse_olist', 'use_experimental_parser': 'False', 'log_path': 'logs'}
[0m17:14:41.985952 [info ] [MainThread]: A project called mon_analyse_olist already exists here.
[0m17:14:41.993969 [debug] [MainThread]: Command `dbt init` succeeded at 17:14:41.993969 after 0.20 seconds
[0m17:14:41.993969 [debug] [MainThread]: Sending event: {'category': 'dbt', 'action': 'invocation', 'label': 'end', 'context': [<snowplow_tracker.self_describing_json.SelfDescribingJson object at 0x000001EAAE91FB90>, <snowplow_tracker.self_describing_json.SelfDescribingJson object at 0x000001EAA7FBC1D0>, <snowplow_tracker.self_describing_json.SelfDescribingJson object at 0x000001EAAFDD0710>]}
[0m17:14:41.993969 [debug] [MainThread]: Flushing usage events
[0m17:14:42.568959 [debug] [MainThread]: An error was encountered while trying to flush usage events
[0m17:16:36.465069 [debug] [MainThread]: Sending event: {'category': 'dbt', 'action': 'invocation', 'label': 'start', 'context': [<snowplow_tracker.self_describing_json.SelfDescribingJson object at 0x000002C3679DE3D0>, <snowplow_tracker.self_describing_json.SelfDescribingJson object at 0x000002C367960E90>, <snowplow_tracker.self_describing_json.SelfDescribingJson object at 0x000002C36321FF50>]}


============================== 17:16:36.473086 | 1e446c31-e312-4c74-a304-8a25aea3329f ==============================
[0m17:16:36.473086 [info ] [MainThread]: Running with dbt=1.11.2
[0m17:16:36.473086 [debug] [MainThread]: running dbt with arguments {'static_parser': 'True', 'no_print': 'None', 'version_check': 'True', 'target_path': 'None', 'warn_error_options': 'WarnErrorOptionsV2(error=[], warn=[], silence=[])', 'printer_width': '80', 'write_json': 'True', 'empty': 'None', 'log_cache_events': 'False', 'introspect': 'True', 'cache_selected_only': 'False', 'log_format': 'default', 'debug': 'False', 'fail_fast': 'False', 'profiles_dir': 'C:\\Users\\DHM\\.dbt', 'send_anonymous_usage_stats': 'True', 'quiet': 'False', 'warn_error': 'None', 'partial_parse': 'True', 'use_colors': 'True', 'invocation_command': 'dbt init mon_analyse_olist', 'indirect_selection': 'eager', 'use_experimental_parser': 'False', 'log_path': 'logs'}
[0m17:16:36.527973 [debug] [MainThread]: Starter project path: C:\Users\DHM\AppData\Local\Programs\Python\Python311\Lib\site-packages\dbt\include\starter_project
[0m17:16:36.689221 [info ] [MainThread]: 
Your new dbt project "mon_analyse_olist" was created!

For more information on how to configure the profiles.yml file,
please consult the dbt documentation here:

  https://docs.getdbt.com/docs/configure-your-profile

One more thing:

Need help? Don't hesitate to reach out to us via GitHub issues or on Slack:

  https://community.getdbt.com/

Happy modeling!

[0m17:16:36.697211 [info ] [MainThread]: Setting up your profile.
[0m17:18:09.752038 [info ] [MainThread]: Profile mon_analyse_olist written to C:\Users\DHM\.dbt\profiles.yml using target's profile_template.yml and your supplied values. Run 'dbt debug' to validate the connection.
[0m17:18:09.760454 [debug] [MainThread]: Command `dbt init` succeeded at 17:18:09.756936 after 93.47 seconds
[0m17:18:09.760454 [debug] [MainThread]: Sending event: {'category': 'dbt', 'action': 'invocation', 'label': 'end', 'context': [<snowplow_tracker.self_describing_json.SelfDescribingJson object at 0x000002C3664AFB90>, <snowplow_tracker.self_describing_json.SelfDescribingJson object at 0x000002C35FBAC1D0>, <snowplow_tracker.self_describing_json.SelfDescribingJson object at 0x000002C3679DE450>]}
[0m17:18:09.760454 [debug] [MainThread]: Flushing usage events
[0m17:18:10.428633 [debug] [MainThread]: An error was encountered while trying to flush usage events
[0m18:01:22.651964 [debug] [MainThread]: Sending event: {'category': 'dbt', 'action': 'invocation', 'label': 'start', 'context': [<snowplow_tracker.self_describing_json.SelfDescribingJson object at 0x000001E8C3C51450>, <snowplow_tracker.self_describing_json.SelfDescribingJson object at 0x000001E8C3CCF710>, <snowplow_tracker.self_describing_json.SelfDescribingJson object at 0x000001E8C3C53B10>]}


============================== 18:01:22.661128 | 0737dff5-f65e-46d8-b7bd-813d9f7cb965 ==============================
[0m18:01:22.661128 [info ] [MainThread]: Running with dbt=1.11.2
[0m18:01:22.667640 [debug] [MainThread]: running dbt with arguments {'version_check': 'True', 'no_print': 'None', 'static_parser': 'True', 'target_path': 'None', 'warn_error_options': 'WarnErrorOptionsV2(error=[], warn=[], silence=[])', 'printer_width': '80', 'write_json': 'True', 'introspect': 'True', 'log_cache_events': 'False', 'empty': 'None', 'cache_selected_only': 'False', 'fail_fast': 'False', 'debug': 'False', 'log_format': 'default', 'profiles_dir': 'C:\\Users\\DHM\\.dbt', 'send_anonymous_usage_stats': 'True', 'quiet': 'False', 'warn_error': 'None', 'partial_parse': 'True', 'use_colors': 'True', 'invocation_command': 'dbt docs generate', 'indirect_selection': 'eager', 'use_experimental_parser': 'False', 'log_path': 'logs'}
[0m18:01:22.667640 [error] [MainThread]: Encountered an error:
Runtime Error
  No dbt_project.yml found at expected path C:\Users\DHM\Downloads\ETL_Project\dbt_project\dbt_project.yml
  Verify that each entry within packages.yml (and their transitive dependencies) contains a file named dbt_project.yml
  
[0m18:01:22.667640 [debug] [MainThread]: Command `dbt docs generate` failed at 18:01:22.667640 after 0.16 seconds
[0m18:01:22.671224 [debug] [MainThread]: Sending event: {'category': 'dbt', 'action': 'invocation', 'label': 'end', 'context': [<snowplow_tracker.self_describing_json.SelfDescribingJson object at 0x000001E8C3C59D50>, <snowplow_tracker.self_describing_json.SelfDescribingJson object at 0x000001E8C2A40950>, <snowplow_tracker.self_describing_json.SelfDescribingJson object at 0x000001E8C3C534D0>]}
[0m18:01:22.671224 [debug] [MainThread]: Flushing usage events
[0m18:01:23.620801 [debug] [MainThread]: An error was encountered while trying to flush usage events
