[2026-04-06T14:19:22.858+0000] {local_task_job_runner.py:120} INFO - ::group::Pre task execution logs
[2026-04-06T14:19:23.035+0000] {taskinstance.py:2076} INFO - Dependencies all met for dep_context=non-requeueable deps ti=<TaskInstance: pipeline.dbt_gold manual__2026-04-06T14:18:54.080981+00:00 [queued]>
[2026-04-06T14:19:23.066+0000] {taskinstance.py:2076} INFO - Dependencies all met for dep_context=requeueable deps ti=<TaskInstance: pipeline.dbt_gold manual__2026-04-06T14:18:54.080981+00:00 [queued]>
[2026-04-06T14:19:23.068+0000] {taskinstance.py:2306} INFO - Starting attempt 1 of 1
[2026-04-06T14:19:23.114+0000] {taskinstance.py:2330} INFO - Executing <Task(BashOperator): dbt_gold> on 2026-04-06 14:18:54.080981+00:00
[2026-04-06T14:19:23.133+0000] {standard_task_runner.py:64} INFO - Started process 280 to run task
[2026-04-06T14:19:23.144+0000] {standard_task_runner.py:90} INFO - Running: ['airflow', 'tasks', 'run', 'pipeline', 'dbt_gold', 'manual__2026-04-06T14:18:54.080981+00:00', '--job-id', '128', '--raw', '--subdir', 'DAGS_FOLDER/pipeline.py', '--cfg-path', '/tmp/tmpv36kgy37']
[2026-04-06T14:19:23.158+0000] {standard_task_runner.py:91} INFO - Job 128: Subtask dbt_gold
[2026-04-06T14:19:23.515+0000] {task_command.py:426} INFO - Running <TaskInstance: pipeline.dbt_gold manual__2026-04-06T14:18:54.080981+00:00 [running]> on host 7b6c21d2cd2f
[2026-04-06T14:19:24.207+0000] {taskinstance.py:2648} INFO - Exporting env vars: AIRFLOW_CTX_DAG_OWNER='data_engineer' AIRFLOW_CTX_DAG_ID='pipeline' AIRFLOW_CTX_TASK_ID='dbt_gold' AIRFLOW_CTX_EXECUTION_DATE='2026-04-06T14:18:54.080981+00:00' AIRFLOW_CTX_TRY_NUMBER='1' AIRFLOW_CTX_DAG_RUN_ID='manual__2026-04-06T14:18:54.080981+00:00'
[2026-04-06T14:19:24.209+0000] {taskinstance.py:430} INFO - ::endgroup::
[2026-04-06T14:19:24.236+0000] {subprocess.py:63} INFO - Tmp dir root location: /tmp
[2026-04-06T14:19:24.238+0000] {subprocess.py:75} INFO - Running command: ['/usr/bin/bash', '-c', 'cd /opt/airflow/dbt_project/mon_analyse_olist && dbt run --select marts --profiles-dir .']
[2026-04-06T14:19:24.294+0000] {subprocess.py:86} INFO - Output:
[2026-04-06T14:19:29.157+0000] {subprocess.py:93} INFO - [0m14:19:29  Running with dbt=1.8.8
[2026-04-06T14:19:29.947+0000] {subprocess.py:93} INFO - [0m14:19:29  Registered adapter: postgres=1.9.1
[2026-04-06T14:19:31.165+0000] {subprocess.py:93} INFO - [0m14:19:31  Found 14 models, 11 data tests, 9 sources, 426 macros
[2026-04-06T14:19:31.174+0000] {subprocess.py:93} INFO - [0m14:19:31
[2026-04-06T14:19:31.719+0000] {subprocess.py:93} INFO - [0m14:19:31  Concurrency: 4 threads (target='dev')
[2026-04-06T14:19:31.720+0000] {subprocess.py:93} INFO - [0m14:19:31
[2026-04-06T14:19:31.737+0000] {subprocess.py:93} INFO - [0m14:19:31  1 of 5 START sql table model gold.dim_customers ................................ [RUN]
[2026-04-06T14:19:31.739+0000] {subprocess.py:93} INFO - [0m14:19:31  2 of 5 START sql table model gold.dim_products ................................. [RUN]
[2026-04-06T14:19:31.741+0000] {subprocess.py:93} INFO - [0m14:19:31  3 of 5 START sql table model gold.fct_order_items .............................. [RUN]
[2026-04-06T14:19:31.743+0000] {subprocess.py:93} INFO - [0m14:19:31  4 of 5 START sql table model gold.fct_orders ................................... [RUN]
[2026-04-06T14:19:32.563+0000] {subprocess.py:93} INFO - [0m14:19:32  2 of 5 OK created sql table model gold.dim_products ............................ [[32mSELECT 32951[0m in 0.80s]
[2026-04-06T14:19:32.987+0000] {subprocess.py:93} INFO - [0m14:19:32  1 of 5 OK created sql table model gold.dim_customers ........................... [[32mSELECT 99441[0m in 1.21s]
[2026-04-06T14:19:33.877+0000] {local_task_job_runner.py:313} WARNING - State of this instance has been externally set to success. Terminating instance.
[2026-04-06T14:19:33.888+0000] {local_task_job_runner.py:222} INFO - ::endgroup::
[2026-04-06T14:19:33.903+0000] {process_utils.py:132} INFO - Sending 15 to group 280. PIDs of all processes in the group: [290, 295, 280]
[2026-04-06T14:19:33.907+0000] {process_utils.py:87} INFO - Sending the signal 15 to group 280
[2026-04-06T14:19:33.909+0000] {taskinstance.py:2611} ERROR - Received SIGTERM. Terminating subprocesses.
[2026-04-06T14:19:33.910+0000] {subprocess.py:104} INFO - Sending SIGTERM signal to process group
[2026-04-06T14:19:33.914+0000] {taskinstance.py:441} INFO - ::group::Post task execution logs
[2026-04-06T14:19:34.163+0000] {process_utils.py:80} INFO - Process psutil.Process(pid=290, status='terminated', started='14:19:23') (290) terminated with exit code None
[2026-04-06T14:19:34.169+0000] {process_utils.py:80} INFO - Process psutil.Process(pid=280, status='terminated', exitcode=0, started='14:19:22') (280) terminated with exit code 0
[2026-04-06T14:19:34.175+0000] {process_utils.py:80} INFO - Process psutil.Process(pid=295, status='terminated', started='14:19:29') (295) terminated with exit code None
