[2026-04-06T13:58:50.787+0000] {local_task_job_runner.py:120} INFO - ::group::Pre task execution logs
[2026-04-06T13:58:50.926+0000] {taskinstance.py:2076} INFO - Dependencies all met for dep_context=non-requeueable deps ti=<TaskInstance: pipeline.ingest_csv_to_bronze manual__2026-04-06T13:58:45.118345+00:00 [queued]>
[2026-04-06T13:58:50.949+0000] {taskinstance.py:2076} INFO - Dependencies all met for dep_context=requeueable deps ti=<TaskInstance: pipeline.ingest_csv_to_bronze manual__2026-04-06T13:58:45.118345+00:00 [queued]>
[2026-04-06T13:58:50.950+0000] {taskinstance.py:2306} INFO - Starting attempt 1 of 1
[2026-04-06T13:58:50.977+0000] {taskinstance.py:2330} INFO - Executing <Task(PythonOperator): ingest_csv_to_bronze> on 2026-04-06 13:58:45.118345+00:00
[2026-04-06T13:58:50.988+0000] {standard_task_runner.py:64} INFO - Started process 1671 to run task
[2026-04-06T13:58:50.994+0000] {standard_task_runner.py:90} INFO - Running: ['airflow', 'tasks', 'run', 'pipeline', 'ingest_csv_to_bronze', 'manual__2026-04-06T13:58:45.118345+00:00', '--job-id', '110', '--raw', '--subdir', 'DAGS_FOLDER/pipeline.py', '--cfg-path', '/tmp/tmpr7cjhg0k']
[2026-04-06T13:58:51.001+0000] {standard_task_runner.py:91} INFO - Job 110: Subtask ingest_csv_to_bronze
[2026-04-06T13:58:51.302+0000] {task_command.py:426} INFO - Running <TaskInstance: pipeline.ingest_csv_to_bronze manual__2026-04-06T13:58:45.118345+00:00 [running]> on host 01524f5c0bbf
[2026-04-06T13:58:51.780+0000] {taskinstance.py:2648} INFO - Exporting env vars: AIRFLOW_CTX_DAG_OWNER='data_engineer' AIRFLOW_CTX_DAG_ID='pipeline' AIRFLOW_CTX_TASK_ID='ingest_csv_to_bronze' AIRFLOW_CTX_EXECUTION_DATE='2026-04-06T13:58:45.118345+00:00' AIRFLOW_CTX_TRY_NUMBER='1' AIRFLOW_CTX_DAG_RUN_ID='manual__2026-04-06T13:58:45.118345+00:00'
[2026-04-06T13:58:51.783+0000] {taskinstance.py:430} INFO - ::endgroup::
[2026-04-06T13:58:51.802+0000] {ingestion_data.py:50} INFO - 🚀 Lancement du Pipeline DLT | Cible: Olist.bronze
[2026-04-06T13:58:52.687+0000] {config_providers_context.py:146} WARNING - Airflow variable 'dlt_secrets_toml' was not found. This Airflow variable is a recommended place to hold the content of secrets.toml.If you do not use Airflow variables to hold dlt configuration or use variables with other names you can ignore this warning.
[2026-04-06T13:59:05.837+0000] {ingestion_data.py:75} INFO - 🔍 9 fichiers CSV détectés dans /opt/airflow/data
[2026-04-06T13:59:05.838+0000] {ingestion_data.py:82} INFO - 📦 Création de la ressource DLT pour la table: 'customers'
[2026-04-06T13:59:05.842+0000] {ingestion_data.py:82} INFO - 📦 Création de la ressource DLT pour la table: 'geolocation'
[2026-04-06T13:59:05.843+0000] {ingestion_data.py:82} INFO - 📦 Création de la ressource DLT pour la table: 'orders'
[2026-04-06T13:59:05.844+0000] {ingestion_data.py:82} INFO - 📦 Création de la ressource DLT pour la table: 'order_items'
[2026-04-06T13:59:05.844+0000] {ingestion_data.py:82} INFO - 📦 Création de la ressource DLT pour la table: 'order_payments'
[2026-04-06T13:59:05.845+0000] {ingestion_data.py:82} INFO - 📦 Création de la ressource DLT pour la table: 'order_reviews'
[2026-04-06T13:59:05.846+0000] {ingestion_data.py:82} INFO - 📦 Création de la ressource DLT pour la table: 'products'
[2026-04-06T13:59:05.847+0000] {ingestion_data.py:82} INFO - 📦 Création de la ressource DLT pour la table: 'sellers'
[2026-04-06T13:59:05.849+0000] {ingestion_data.py:82} INFO - 📦 Création de la ressource DLT pour la table: 'product_category_translation'
[2026-04-06T13:59:05.850+0000] {ingestion_data.py:95} INFO - ⚡ Début de l'injection batch (bulk load) vers Postgres...
[2026-04-06T14:00:32.561+0000] {local_task_job_runner.py:124} ERROR - Received SIGTERM. Terminating subprocesses
[2026-04-06T14:00:32.594+0000] {process_utils.py:132} INFO - Sending 15 to group 1671. PIDs of all processes in the group: [1671]
[2026-04-06T14:00:32.603+0000] {process_utils.py:87} INFO - Sending the signal 15 to group 1671
[2026-04-06T14:00:32.622+0000] {taskinstance.py:2611} ERROR - Received SIGTERM. Terminating subprocesses.
[2026-04-06T14:00:32.687+0000] {taskinstance.py:441} INFO - ::group::Post task execution logs
[2026-04-06T14:00:32.976+0000] {taskinstance.py:2905} ERROR - Task failed with exception
Traceback (most recent call last):
  File "/home/airflow/.local/lib/python3.10/site-packages/airflow/models/taskinstance.py", line 465, in _execute_task
    result = _execute_callable(context=context, **execute_callable_kwargs)
  File "/home/airflow/.local/lib/python3.10/site-packages/airflow/models/taskinstance.py", line 432, in _execute_callable
    return execute_callable(context=context, **execute_callable_kwargs)
  File "/home/airflow/.local/lib/python3.10/site-packages/airflow/models/baseoperator.py", line 401, in wrapper
    return func(self, *args, **kwargs)
  File "/home/airflow/.local/lib/python3.10/site-packages/airflow/operators/python.py", line 235, in execute
    return_value = self.execute_callable()
  File "/home/airflow/.local/lib/python3.10/site-packages/airflow/operators/python.py", line 252, in execute_callable
    return self.python_callable(*self.op_args, **self.op_kwargs)
  File "/opt/airflow/scripts/ingestion_data.py", line 96, in load_to_postgres
    load_info = pipeline.run(
  File "/home/airflow/.local/lib/python3.10/site-packages/dlt/pipeline/pipeline.py", line 226, in _wrap
    step_info = f(self, *args, **kwargs)
  File "/home/airflow/.local/lib/python3.10/site-packages/dlt/pipeline/pipeline.py", line 275, in _wrap
    return f(self, *args, **kwargs)
  File "/home/airflow/.local/lib/python3.10/site-packages/dlt/pipeline/pipeline.py", line 735, in run
    self.extract(
  File "/home/airflow/.local/lib/python3.10/site-packages/dlt/pipeline/pipeline.py", line 226, in _wrap
    step_info = f(self, *args, **kwargs)
  File "/home/airflow/.local/lib/python3.10/site-packages/dlt/pipeline/pipeline.py", line 180, in _wrap
    rv = f(self, *args, **kwargs)
  File "/home/airflow/.local/lib/python3.10/site-packages/dlt/pipeline/pipeline.py", line 166, in _wrap
    return f(self, *args, **kwargs)
  File "/home/airflow/.local/lib/python3.10/site-packages/dlt/pipeline/pipeline.py", line 275, in _wrap
    return f(self, *args, **kwargs)
  File "/home/airflow/.local/lib/python3.10/site-packages/dlt/pipeline/pipeline.py", line 471, in extract
    self._extract_source(
  File "/home/airflow/.local/lib/python3.10/site-packages/dlt/pipeline/pipeline.py", line 1239, in _extract_source
    load_id = extract.extract(
  File "/home/airflow/.local/lib/python3.10/site-packages/dlt/extract/extract.py", line 421, in extract
    self._extract_single_source(
  File "/home/airflow/.local/lib/python3.10/site-packages/dlt/extract/extract.py", line 344, in _extract_single_source
    for pipe_item in pipes:
  File "/home/airflow/.local/lib/python3.10/site-packages/dlt/extract/pipe_iterator.py", line 162, in __next__
    pipe_item = self._get_source_item()
  File "/home/airflow/.local/lib/python3.10/site-packages/dlt/extract/pipe_iterator.py", line 277, in _get_source_item
    pipe_item = next(gen)
  File "/opt/airflow/scripts/ingestion_data.py", line 85, in get_rows
    yield from csv_rows(p)
  File "/opt/airflow/scripts/ingestion_data.py", line 42, in csv_rows
    for row in reader:
  File "/usr/local/lib/python3.10/csv.py", line 111, in __next__
    row = next(self.reader)
  File "/usr/local/lib/python3.10/codecs.py", line 319, in decode
    def decode(self, input, final=False):
  File "/home/airflow/.local/lib/python3.10/site-packages/airflow/models/taskinstance.py", line 2613, in signal_handler
    raise AirflowTaskTerminated("Task received SIGTERM signal")
airflow.exceptions.AirflowTaskTerminated: Task received SIGTERM signal
[2026-04-06T14:00:33.041+0000] {taskinstance.py:1206} INFO - Marking task as FAILED. dag_id=pipeline, task_id=ingest_csv_to_bronze, run_id=manual__2026-04-06T13:58:45.118345+00:00, execution_date=20260406T135845, start_date=20260406T135850, end_date=20260406T140033
[2026-04-06T14:00:33.189+0000] {process_utils.py:80} INFO - Process psutil.Process(pid=1671, status='terminated', exitcode=2, started='13:58:50') (1671) terminated with exit code 2
[2026-04-06T14:00:33.191+0000] {local_task_job_runner.py:243} INFO - Task exited with return code 143
[2026-04-06T14:00:33.297+0000] {taskinstance.py:3503} INFO - 0 downstream tasks scheduled from follow-on schedule check
[2026-04-06T14:00:35.131+0000] {local_task_job_runner.py:222} INFO - ::endgroup::
