[2026-04-06T08:26:08.182+0000] {local_task_job_runner.py:120} INFO - ::group::Pre task execution logs
[2026-04-06T08:26:08.503+0000] {taskinstance.py:2076} INFO - Dependencies all met for dep_context=non-requeueable deps ti=<TaskInstance: pipeline.ingest_csv_to_bronze manual__2026-04-06T08:26:03.558690+00:00 [queued]>
[2026-04-06T08:26:08.562+0000] {taskinstance.py:2076} INFO - Dependencies all met for dep_context=requeueable deps ti=<TaskInstance: pipeline.ingest_csv_to_bronze manual__2026-04-06T08:26:03.558690+00:00 [queued]>
[2026-04-06T08:26:08.565+0000] {taskinstance.py:2306} INFO - Starting attempt 1 of 1
[2026-04-06T08:26:08.647+0000] {taskinstance.py:2330} INFO - Executing <Task(PythonOperator): ingest_csv_to_bronze> on 2026-04-06 08:26:03.558690+00:00
[2026-04-06T08:26:08.680+0000] {standard_task_runner.py:64} INFO - Started process 380 to run task
[2026-04-06T08:26:08.692+0000] {standard_task_runner.py:90} INFO - Running: ['airflow', 'tasks', 'run', 'pipeline', 'ingest_csv_to_bronze', 'manual__2026-04-06T08:26:03.558690+00:00', '--job-id', '20', '--raw', '--subdir', 'DAGS_FOLDER/pipeline.py', '--cfg-path', '/tmp/tmpoqo_xleq']
[2026-04-06T08:26:08.704+0000] {standard_task_runner.py:91} INFO - Job 20: Subtask ingest_csv_to_bronze
[2026-04-06T08:26:09.127+0000] {task_command.py:426} INFO - Running <TaskInstance: pipeline.ingest_csv_to_bronze manual__2026-04-06T08:26:03.558690+00:00 [running]> on host c4ea4b566a5b
[2026-04-06T08:26:09.628+0000] {taskinstance.py:2648} INFO - Exporting env vars: AIRFLOW_CTX_DAG_OWNER='data_engineer' AIRFLOW_CTX_DAG_ID='pipeline' AIRFLOW_CTX_TASK_ID='ingest_csv_to_bronze' AIRFLOW_CTX_EXECUTION_DATE='2026-04-06T08:26:03.558690+00:00' AIRFLOW_CTX_TRY_NUMBER='1' AIRFLOW_CTX_DAG_RUN_ID='manual__2026-04-06T08:26:03.558690+00:00'
[2026-04-06T08:26:09.630+0000] {taskinstance.py:430} INFO - ::endgroup::
[2026-04-06T08:26:09.661+0000] {logging_mixin.py:188} INFO - 🚀 Lancement DLT : Injection vers la base 'Olist'
[2026-04-06T08:26:10.711+0000] {config_providers_context.py:146} WARNING - Airflow variable 'dlt_secrets_toml' was not found. This Airflow variable is a recommended place to hold the content of secrets.toml.If you do not use Airflow variables to hold dlt configuration or use variables with other names you can ignore this warning.
[2026-04-06T08:26:23.614+0000] {logging_mixin.py:188} INFO - 📥 Préparation de olist_customers_dataset.csv → customers
[2026-04-06T08:26:23.620+0000] {logging_mixin.py:188} INFO - 📥 Préparation de olist_geolocation_dataset.csv → geolocation
[2026-04-06T08:26:23.621+0000] {logging_mixin.py:188} INFO - 📥 Préparation de olist_orders_dataset.csv → orders
[2026-04-06T08:26:23.622+0000] {logging_mixin.py:188} INFO - 📥 Préparation de olist_order_items_dataset.csv → order_items
[2026-04-06T08:26:23.623+0000] {logging_mixin.py:188} INFO - 📥 Préparation de olist_order_payments_dataset.csv → order_payments
[2026-04-06T08:26:23.624+0000] {logging_mixin.py:188} INFO - 📥 Préparation de olist_order_reviews_dataset.csv → order_reviews
[2026-04-06T08:26:23.625+0000] {logging_mixin.py:188} INFO - 📥 Préparation de olist_products_dataset.csv → products
[2026-04-06T08:26:23.626+0000] {logging_mixin.py:188} INFO - 📥 Préparation de olist_sellers_dataset.csv → sellers
[2026-04-06T08:26:23.627+0000] {logging_mixin.py:188} INFO - 📥 Préparation de product_category_name_translation.csv → product_category_translation
[2026-04-06T08:30:34.768+0000] {logging_mixin.py:188} INFO - ✅ Chargement terminé avec succès !
[2026-04-06T08:30:34.782+0000] {logging_mixin.py:188} INFO - Pipeline olist_bulk_loader load step completed in 38.74 seconds
1 load package(s) were loaded to destination postgres and into dataset bronze
The postgres destination used postgresql://postgres:***@host.docker.internal:5432/Olist location to store data
Load package 1775463995.318755 is LOADED and contains no failed jobs
[2026-04-06T08:30:34.792+0000] {python.py:237} INFO - Done. Returned value was: None
[2026-04-06T08:30:34.795+0000] {taskinstance.py:441} INFO - ::group::Post task execution logs
[2026-04-06T08:30:34.981+0000] {taskinstance.py:1206} INFO - Marking task as SUCCESS. dag_id=pipeline, task_id=ingest_csv_to_bronze, run_id=manual__2026-04-06T08:26:03.558690+00:00, execution_date=20260406T082603, start_date=20260406T082608, end_date=20260406T083034
[2026-04-06T08:30:35.295+0000] {local_task_job_runner.py:243} INFO - Task exited with return code 0
[2026-04-06T08:30:35.577+0000] {taskinstance.py:3503} INFO - 1 downstream tasks scheduled from follow-on schedule check
[2026-04-06T08:30:35.581+0000] {local_task_job_runner.py:222} INFO - ::endgroup::
