[2026-04-06T14:05:24.953+0000] {local_task_job_runner.py:120} INFO - ::group::Pre task execution logs
[2026-04-06T14:05:25.049+0000] {taskinstance.py:2076} INFO - Dependencies all met for dep_context=non-requeueable deps ti=<TaskInstance: pipeline.ingest_csv_to_bronze manual__2026-04-06T14:05:20.889496+00:00 [queued]>
[2026-04-06T14:05:25.066+0000] {taskinstance.py:2076} INFO - Dependencies all met for dep_context=requeueable deps ti=<TaskInstance: pipeline.ingest_csv_to_bronze manual__2026-04-06T14:05:20.889496+00:00 [queued]>
[2026-04-06T14:05:25.067+0000] {taskinstance.py:2306} INFO - Starting attempt 1 of 1
[2026-04-06T14:05:25.095+0000] {taskinstance.py:2330} INFO - Executing <Task(PythonOperator): ingest_csv_to_bronze> on 2026-04-06 14:05:20.889496+00:00
[2026-04-06T14:05:25.105+0000] {standard_task_runner.py:64} INFO - Started process 264 to run task
[2026-04-06T14:05:25.113+0000] {standard_task_runner.py:90} INFO - Running: ['airflow', 'tasks', 'run', 'pipeline', 'ingest_csv_to_bronze', 'manual__2026-04-06T14:05:20.889496+00:00', '--job-id', '117', '--raw', '--subdir', 'DAGS_FOLDER/pipeline.py', '--cfg-path', '/tmp/tmp1cytgc0s']
[2026-04-06T14:05:25.122+0000] {standard_task_runner.py:91} INFO - Job 117: Subtask ingest_csv_to_bronze
[2026-04-06T14:05:25.552+0000] {task_command.py:426} INFO - Running <TaskInstance: pipeline.ingest_csv_to_bronze manual__2026-04-06T14:05:20.889496+00:00 [running]> on host 5a1d364d330a
[2026-04-06T14:05:25.972+0000] {taskinstance.py:2648} INFO - Exporting env vars: AIRFLOW_CTX_DAG_OWNER='data_engineer' AIRFLOW_CTX_DAG_ID='pipeline' AIRFLOW_CTX_TASK_ID='ingest_csv_to_bronze' AIRFLOW_CTX_EXECUTION_DATE='2026-04-06T14:05:20.889496+00:00' AIRFLOW_CTX_TRY_NUMBER='1' AIRFLOW_CTX_DAG_RUN_ID='manual__2026-04-06T14:05:20.889496+00:00'
[2026-04-06T14:05:25.975+0000] {taskinstance.py:430} INFO - ::endgroup::
[2026-04-06T14:05:26.012+0000] {ingestion_data.py:50} INFO - 🚀 Lancement du Pipeline DLT | Cible: Olist.bronze
[2026-04-06T14:05:27.138+0000] {config_providers_context.py:146} WARNING - Airflow variable 'dlt_secrets_toml' was not found. This Airflow variable is a recommended place to hold the content of secrets.toml.If you do not use Airflow variables to hold dlt configuration or use variables with other names you can ignore this warning.
[2026-04-06T14:05:39.642+0000] {ingestion_data.py:75} INFO - 🔍 9 fichiers CSV détectés dans /opt/airflow/data
[2026-04-06T14:05:39.643+0000] {ingestion_data.py:82} INFO - 📦 Création de la ressource DLT pour la table: 'customers'
[2026-04-06T14:05:39.646+0000] {ingestion_data.py:82} INFO - 📦 Création de la ressource DLT pour la table: 'geolocation'
[2026-04-06T14:05:39.646+0000] {ingestion_data.py:82} INFO - 📦 Création de la ressource DLT pour la table: 'orders'
[2026-04-06T14:05:39.647+0000] {ingestion_data.py:82} INFO - 📦 Création de la ressource DLT pour la table: 'order_items'
[2026-04-06T14:05:39.648+0000] {ingestion_data.py:82} INFO - 📦 Création de la ressource DLT pour la table: 'order_payments'
[2026-04-06T14:05:39.648+0000] {ingestion_data.py:82} INFO - 📦 Création de la ressource DLT pour la table: 'order_reviews'
[2026-04-06T14:05:39.649+0000] {ingestion_data.py:82} INFO - 📦 Création de la ressource DLT pour la table: 'products'
[2026-04-06T14:05:39.649+0000] {ingestion_data.py:82} INFO - 📦 Création de la ressource DLT pour la table: 'sellers'
[2026-04-06T14:05:39.650+0000] {ingestion_data.py:82} INFO - 📦 Création de la ressource DLT pour la table: 'product_category_translation'
[2026-04-06T14:05:39.651+0000] {ingestion_data.py:95} INFO - ⚡ Début de l'injection batch (bulk load) vers Postgres...
[2026-04-06T14:05:40.748+0000] {local_task_job_runner.py:313} WARNING - State of this instance has been externally set to restarting. Terminating instance.
[2026-04-06T14:05:40.750+0000] {local_task_job_runner.py:222} INFO - ::endgroup::
[2026-04-06T14:05:40.753+0000] {process_utils.py:132} INFO - Sending 15 to group 264. PIDs of all processes in the group: [264]
[2026-04-06T14:05:40.754+0000] {process_utils.py:87} INFO - Sending the signal 15 to group 264
[2026-04-06T14:05:40.772+0000] {taskinstance.py:2611} ERROR - Received SIGTERM. Terminating subprocesses.
[2026-04-06T14:05:40.780+0000] {taskinstance.py:441} INFO - ::group::Post task execution logs
[2026-04-06T14:05:40.872+0000] {taskinstance.py:2905} ERROR - Task failed with exception
Traceback (most recent call last):
  File "/home/airflow/.local/lib/python3.10/site-packages/airflow/models/taskinstance.py", line 465, in _execute_task
    result = _execute_callable(context=context, **execute_callable_kwargs)
  File "/home/airflow/.local/lib/python3.10/site-packages/airflow/models/taskinstance.py", line 432, in _execute_callable
    return execute_callable(context=context, **execute_callable_kwargs)
  File "/home/airflow/.local/lib/python3.10/site-packages/airflow/models/baseoperator.py", line 401, in wrapper
    return func(self, *args, **kwargs)
  File "/home/airflow/.local/lib/python3.10/site-packages/airflow/operators/python.py", line 235, in execute
    return_value = self.execute_callable()
  File "/home/airflow/.local/lib/python3.10/site-packages/airflow/operators/python.py", line 252, in execute_callable
    return self.python_callable(*self.op_args, **self.op_kwargs)
  File "/opt/airflow/scripts/ingestion_data.py", line 96, in load_to_postgres
    load_info = pipeline.run(
  File "/home/airflow/.local/lib/python3.10/site-packages/dlt/pipeline/pipeline.py", line 226, in _wrap
    step_info = f(self, *args, **kwargs)
  File "/home/airflow/.local/lib/python3.10/site-packages/dlt/pipeline/pipeline.py", line 275, in _wrap
    return f(self, *args, **kwargs)
  File "/home/airflow/.local/lib/python3.10/site-packages/dlt/pipeline/pipeline.py", line 705, in run
    self._set_destinations(
  File "/home/airflow/.local/lib/python3.10/site-packages/dlt/pipeline/pipeline.py", line 1376, in _set_destinations
    and not self._destination.capabilities().supported_loader_file_formats
  File "/home/airflow/.local/lib/python3.10/site-packages/dlt/common/destination/reference.py", line 856, in capabilities
    config = self.configuration(config, accept_partial=True)
  File "/home/airflow/.local/lib/python3.10/site-packages/dlt/common/destination/reference.py", line 893, in configuration
    config = resolve_configuration(
  File "/home/airflow/.local/lib/python3.10/site-packages/dlt/common/configuration/resolve.py", line 67, in resolve_configuration
    return _resolve_configuration(config, sections, (), explicit_value, accept_partial)
  File "/home/airflow/.local/lib/python3.10/site-packages/dlt/common/configuration/resolve.py", line 164, in _resolve_configuration
    _resolve_config_fields(
  File "/home/airflow/.local/lib/python3.10/site-packages/dlt/common/configuration/resolve.py", line 264, in _resolve_config_fields
    current_value, traces = _resolve_config_field(
  File "/home/airflow/.local/lib/python3.10/site-packages/dlt/common/configuration/resolve.py", line 321, in _resolve_config_field
    value, traces = _resolve_single_value(
  File "/home/airflow/.local/lib/python3.10/site-packages/dlt/common/configuration/resolve.py", line 465, in _resolve_single_value
    value = look_sections(sections_context.pipeline_name)
  File "/home/airflow/.local/lib/python3.10/site-packages/dlt/common/configuration/resolve.py", line 446, in look_sections
    value, provider_traces = resolve_single_provider_value(
  File "/home/airflow/.local/lib/python3.10/site-packages/dlt/common/configuration/resolve.py", line 505, in resolve_single_provider_value
    value, ns_key = provider.get_value(key, hint, pipeline_name, *full_ns)
  File "/home/airflow/.local/lib/python3.10/site-packages/dlt/common/configuration/providers/vault.py", line 89, in get_value
    _lookup_paths(
  File "/home/airflow/.local/lib/python3.10/site-packages/dlt/common/configuration/providers/vault.py", line 84, in _lookup_paths
    _look_at_idx(idx + 1, full_path, pipeline_name_)
  File "/home/airflow/.local/lib/python3.10/site-packages/dlt/common/configuration/providers/vault.py", line 71, in _look_at_idx
    self._update_from_vault(
  File "/home/airflow/.local/lib/python3.10/site-packages/dlt/common/configuration/providers/vault.py", line 119, in _update_from_vault
    secret = self._look_vault(full_key, hint)
  File "/home/airflow/.local/lib/python3.10/site-packages/dlt/common/configuration/providers/airflow.py", line 20, in _look_vault
    return Variable.get(full_key, default_var=None)  # type: ignore
  File "/home/airflow/.local/lib/python3.10/site-packages/airflow/models/variable.py", line 138, in get
    var_val = Variable.get_variable_from_secrets(key=key)
  File "/home/airflow/.local/lib/python3.10/site-packages/airflow/models/variable.py", line 283, in get_variable_from_secrets
    var_val = secrets_backend.get_variable(key=key)
  File "/home/airflow/.local/lib/python3.10/site-packages/airflow/utils/session.py", line 79, in wrapper
    return func(*args, session=session, **kwargs)
  File "/home/airflow/.local/lib/python3.10/site-packages/airflow/secrets/metastore.py", line 66, in get_variable
    return MetastoreBackend._fetch_variable(key=key, session=session)
  File "/home/airflow/.local/lib/python3.10/site-packages/airflow/api_internal/internal_api_call.py", line 115, in wrapper
    return func(*args, **kwargs)
  File "/home/airflow/.local/lib/python3.10/site-packages/airflow/utils/session.py", line 76, in wrapper
    return func(*args, **kwargs)
  File "/home/airflow/.local/lib/python3.10/site-packages/airflow/secrets/metastore.py", line 84, in _fetch_variable
    var_value = session.scalar(select(Variable).where(Variable.key == key).limit(1))
  File "/home/airflow/.local/lib/python3.10/site-packages/sqlalchemy/orm/session.py", line 1747, in scalar
    return self.execute(
  File "/home/airflow/.local/lib/python3.10/site-packages/sqlalchemy/orm/session.py", line 1716, in execute
    conn = self._connection_for_bind(bind)
  File "/home/airflow/.local/lib/python3.10/site-packages/sqlalchemy/orm/session.py", line 1555, in _connection_for_bind
    return self._transaction._connection_for_bind(
  File "/home/airflow/.local/lib/python3.10/site-packages/sqlalchemy/orm/session.py", line 750, in _connection_for_bind
    conn = bind.connect()
  File "/home/airflow/.local/lib/python3.10/site-packages/sqlalchemy/future/engine.py", line 412, in connect
    return super(Engine, self).connect()
  File "/home/airflow/.local/lib/python3.10/site-packages/sqlalchemy/engine/base.py", line 3325, in connect
    return self._connection_cls(self, close_with_result=close_with_result)
  File "/home/airflow/.local/lib/python3.10/site-packages/sqlalchemy/engine/base.py", line 96, in __init__
    else engine.raw_connection()
  File "/home/airflow/.local/lib/python3.10/site-packages/sqlalchemy/engine/base.py", line 3404, in raw_connection
    return self._wrap_pool_connect(self.pool.connect, _connection)
  File "/home/airflow/.local/lib/python3.10/site-packages/sqlalchemy/engine/base.py", line 3371, in _wrap_pool_connect
    return fn()
  File "/home/airflow/.local/lib/python3.10/site-packages/sqlalchemy/pool/base.py", line 327, in connect
    return _ConnectionFairy._checkout(self)
  File "/home/airflow/.local/lib/python3.10/site-packages/sqlalchemy/pool/base.py", line 894, in _checkout
    fairy = _ConnectionRecord.checkout(pool)
  File "/home/airflow/.local/lib/python3.10/site-packages/sqlalchemy/pool/base.py", line 493, in checkout
    rec = pool._do_get()
  File "/home/airflow/.local/lib/python3.10/site-packages/sqlalchemy/pool/impl.py", line 256, in _do_get
    return self._create_connection()
  File "/home/airflow/.local/lib/python3.10/site-packages/sqlalchemy/pool/base.py", line 273, in _create_connection
    return _ConnectionRecord(self)
  File "/home/airflow/.local/lib/python3.10/site-packages/sqlalchemy/pool/base.py", line 388, in __init__
    self.__connect()
  File "/home/airflow/.local/lib/python3.10/site-packages/sqlalchemy/pool/base.py", line 690, in __connect
    with util.safe_reraise():
  File "/home/airflow/.local/lib/python3.10/site-packages/sqlalchemy/util/langhelpers.py", line 70, in __exit__
    compat.raise_(
  File "/home/airflow/.local/lib/python3.10/site-packages/sqlalchemy/util/compat.py", line 211, in raise_
    raise exception
  File "/home/airflow/.local/lib/python3.10/site-packages/sqlalchemy/pool/base.py", line 686, in __connect
    self.dbapi_connection = connection = pool._invoke_creator(self)
  File "/home/airflow/.local/lib/python3.10/site-packages/sqlalchemy/engine/create.py", line 574, in connect
    return dialect.connect(*cargs, **cparams)
  File "/home/airflow/.local/lib/python3.10/site-packages/sqlalchemy/engine/default.py", line 598, in connect
    return self.dbapi.connect(*cargs, **cparams)
  File "/home/airflow/.local/lib/python3.10/site-packages/psycopg2/__init__.py", line 122, in connect
    conn = _connect(dsn, connection_factory=connection_factory, **kwasync)
  File "/home/airflow/.local/lib/python3.10/site-packages/airflow/models/taskinstance.py", line 2613, in signal_handler
    raise AirflowTaskTerminated("Task received SIGTERM signal")
airflow.exceptions.AirflowTaskTerminated: Task received SIGTERM signal
[2026-04-06T14:05:40.990+0000] {taskinstance.py:1206} INFO - Marking task as UP_FOR_RETRY. dag_id=pipeline, task_id=ingest_csv_to_bronze, run_id=manual__2026-04-06T14:05:20.889496+00:00, execution_date=20260406T140520, start_date=20260406T140525, end_date=20260406T140540
[2026-04-06T14:05:41.089+0000] {process_utils.py:80} INFO - Process psutil.Process(pid=264, status='terminated', exitcode=2, started='14:05:24') (264) terminated with exit code 2
