[2026-04-06T14:05:44.325+0000] {local_task_job_runner.py:120} INFO - ::group::Pre task execution logs
[2026-04-06T14:05:44.414+0000] {taskinstance.py:2076} INFO - Dependencies all met for dep_context=non-requeueable deps ti=<TaskInstance: pipeline.ingest_csv_to_bronze manual__2026-04-06T14:05:20.889496+00:00 [queued]>
[2026-04-06T14:05:44.430+0000] {taskinstance.py:2076} INFO - Dependencies all met for dep_context=requeueable deps ti=<TaskInstance: pipeline.ingest_csv_to_bronze manual__2026-04-06T14:05:20.889496+00:00 [queued]>
[2026-04-06T14:05:44.431+0000] {taskinstance.py:2306} INFO - Starting attempt 2 of 2
[2026-04-06T14:05:44.453+0000] {taskinstance.py:2330} INFO - Executing <Task(PythonOperator): ingest_csv_to_bronze> on 2026-04-06 14:05:20.889496+00:00
[2026-04-06T14:05:44.463+0000] {standard_task_runner.py:64} INFO - Started process 279 to run task
[2026-04-06T14:05:44.468+0000] {standard_task_runner.py:90} INFO - Running: ['airflow', 'tasks', 'run', 'pipeline', 'ingest_csv_to_bronze', 'manual__2026-04-06T14:05:20.889496+00:00', '--job-id', '118', '--raw', '--subdir', 'DAGS_FOLDER/pipeline.py', '--cfg-path', '/tmp/tmpfzrycmcy']
[2026-04-06T14:05:44.474+0000] {standard_task_runner.py:91} INFO - Job 118: Subtask ingest_csv_to_bronze
[2026-04-06T14:05:44.708+0000] {task_command.py:426} INFO - Running <TaskInstance: pipeline.ingest_csv_to_bronze manual__2026-04-06T14:05:20.889496+00:00 [running]> on host 5a1d364d330a
[2026-04-06T14:05:45.229+0000] {taskinstance.py:2648} INFO - Exporting env vars: AIRFLOW_CTX_DAG_OWNER='data_engineer' AIRFLOW_CTX_DAG_ID='pipeline' AIRFLOW_CTX_TASK_ID='ingest_csv_to_bronze' AIRFLOW_CTX_EXECUTION_DATE='2026-04-06T14:05:20.889496+00:00' AIRFLOW_CTX_TRY_NUMBER='2' AIRFLOW_CTX_DAG_RUN_ID='manual__2026-04-06T14:05:20.889496+00:00'
[2026-04-06T14:05:45.231+0000] {taskinstance.py:430} INFO - ::endgroup::
[2026-04-06T14:05:45.247+0000] {ingestion_data.py:50} INFO - 🚀 Lancement du Pipeline DLT | Cible: Olist.bronze
[2026-04-06T14:05:46.022+0000] {config_providers_context.py:146} WARNING - Airflow variable 'dlt_secrets_toml' was not found. This Airflow variable is a recommended place to hold the content of secrets.toml.If you do not use Airflow variables to hold dlt configuration or use variables with other names you can ignore this warning.
[2026-04-06T14:05:58.996+0000] {ingestion_data.py:75} INFO - 🔍 9 fichiers CSV détectés dans /opt/airflow/data
[2026-04-06T14:05:58.997+0000] {ingestion_data.py:82} INFO - 📦 Création de la ressource DLT pour la table: 'customers'
[2026-04-06T14:05:59.001+0000] {ingestion_data.py:82} INFO - 📦 Création de la ressource DLT pour la table: 'geolocation'
[2026-04-06T14:05:59.003+0000] {ingestion_data.py:82} INFO - 📦 Création de la ressource DLT pour la table: 'orders'
[2026-04-06T14:05:59.003+0000] {ingestion_data.py:82} INFO - 📦 Création de la ressource DLT pour la table: 'order_items'
[2026-04-06T14:05:59.004+0000] {ingestion_data.py:82} INFO - 📦 Création de la ressource DLT pour la table: 'order_payments'
[2026-04-06T14:05:59.005+0000] {ingestion_data.py:82} INFO - 📦 Création de la ressource DLT pour la table: 'order_reviews'
[2026-04-06T14:05:59.006+0000] {ingestion_data.py:82} INFO - 📦 Création de la ressource DLT pour la table: 'products'
[2026-04-06T14:05:59.006+0000] {ingestion_data.py:82} INFO - 📦 Création de la ressource DLT pour la table: 'sellers'
[2026-04-06T14:05:59.007+0000] {ingestion_data.py:82} INFO - 📦 Création de la ressource DLT pour la table: 'product_category_translation'
[2026-04-06T14:05:59.008+0000] {ingestion_data.py:95} INFO - ⚡ Début de l'injection batch (bulk load) vers Postgres...
[2026-04-06T14:06:15.587+0000] {local_task_job_runner.py:313} WARNING - State of this instance has been externally set to success. Terminating instance.
[2026-04-06T14:06:15.589+0000] {local_task_job_runner.py:222} INFO - ::endgroup::
[2026-04-06T14:06:15.592+0000] {process_utils.py:132} INFO - Sending 15 to group 279. PIDs of all processes in the group: [279]
[2026-04-06T14:06:15.593+0000] {process_utils.py:87} INFO - Sending the signal 15 to group 279
[2026-04-06T14:06:15.648+0000] {taskinstance.py:2611} ERROR - Received SIGTERM. Terminating subprocesses.
[2026-04-06T14:06:15.657+0000] {taskinstance.py:441} INFO - ::group::Post task execution logs
[2026-04-06T14:06:15.766+0000] {process_utils.py:80} INFO - Process psutil.Process(pid=279, status='terminated', exitcode=0, started='14:05:44') (279) terminated with exit code 0
