[2026-04-06T14:21:26.386+0000] {local_task_job_runner.py:120} INFO - ::group::Pre task execution logs
[2026-04-06T14:21:26.543+0000] {taskinstance.py:2076} INFO - Dependencies all met for dep_context=non-requeueable deps ti=<TaskInstance: pipeline.dbt_gold manual__2026-04-06T14:20:59.961616+00:00 [queued]>
[2026-04-06T14:21:26.575+0000] {taskinstance.py:2076} INFO - Dependencies all met for dep_context=requeueable deps ti=<TaskInstance: pipeline.dbt_gold manual__2026-04-06T14:20:59.961616+00:00 [queued]>
[2026-04-06T14:21:26.577+0000] {taskinstance.py:2306} INFO - Starting attempt 1 of 1
[2026-04-06T14:21:26.612+0000] {taskinstance.py:2330} INFO - Executing <Task(BashOperator): dbt_gold> on 2026-04-06 14:20:59.961616+00:00
[2026-04-06T14:21:26.624+0000] {standard_task_runner.py:64} INFO - Started process 429 to run task
[2026-04-06T14:21:26.632+0000] {standard_task_runner.py:90} INFO - Running: ['airflow', 'tasks', 'run', 'pipeline', 'dbt_gold', 'manual__2026-04-06T14:20:59.961616+00:00', '--job-id', '137', '--raw', '--subdir', 'DAGS_FOLDER/pipeline.py', '--cfg-path', '/tmp/tmp88niyj06']
[2026-04-06T14:21:26.642+0000] {standard_task_runner.py:91} INFO - Job 137: Subtask dbt_gold
[2026-04-06T14:21:26.937+0000] {task_command.py:426} INFO - Running <TaskInstance: pipeline.dbt_gold manual__2026-04-06T14:20:59.961616+00:00 [running]> on host 7b6c21d2cd2f
[2026-04-06T14:21:27.467+0000] {taskinstance.py:2648} INFO - Exporting env vars: AIRFLOW_CTX_DAG_OWNER='data_engineer' AIRFLOW_CTX_DAG_ID='pipeline' AIRFLOW_CTX_TASK_ID='dbt_gold' AIRFLOW_CTX_EXECUTION_DATE='2026-04-06T14:20:59.961616+00:00' AIRFLOW_CTX_TRY_NUMBER='1' AIRFLOW_CTX_DAG_RUN_ID='manual__2026-04-06T14:20:59.961616+00:00'
[2026-04-06T14:21:27.471+0000] {taskinstance.py:430} INFO - ::endgroup::
[2026-04-06T14:21:27.507+0000] {subprocess.py:63} INFO - Tmp dir root location: /tmp
[2026-04-06T14:21:27.512+0000] {subprocess.py:75} INFO - Running command: ['/usr/bin/bash', '-c', 'cd /opt/airflow/dbt_project/mon_analyse_olist && dbt run --select marts --profiles-dir .']
[2026-04-06T14:21:27.552+0000] {subprocess.py:86} INFO - Output:
[2026-04-06T14:21:31.172+0000] {subprocess.py:93} INFO - [0m14:21:31  Running with dbt=1.8.8
[2026-04-06T14:21:31.840+0000] {subprocess.py:93} INFO - [0m14:21:31  Registered adapter: postgres=1.9.1
[2026-04-06T14:21:32.858+0000] {subprocess.py:93} INFO - [0m14:21:32  Found 14 models, 11 data tests, 9 sources, 426 macros
[2026-04-06T14:21:32.872+0000] {subprocess.py:93} INFO - [0m14:21:32
[2026-04-06T14:21:33.401+0000] {subprocess.py:93} INFO - [0m14:21:33  Concurrency: 4 threads (target='dev')
[2026-04-06T14:21:33.403+0000] {subprocess.py:93} INFO - [0m14:21:33
[2026-04-06T14:21:33.418+0000] {subprocess.py:93} INFO - [0m14:21:33  1 of 5 START sql table model gold.dim_customers ................................ [RUN]
[2026-04-06T14:21:33.419+0000] {subprocess.py:93} INFO - [0m14:21:33  2 of 5 START sql table model gold.dim_products ................................. [RUN]
[2026-04-06T14:21:33.421+0000] {subprocess.py:93} INFO - [0m14:21:33  3 of 5 START sql table model gold.fct_order_items .............................. [RUN]
[2026-04-06T14:21:33.422+0000] {subprocess.py:93} INFO - [0m14:21:33  4 of 5 START sql table model gold.fct_orders ................................... [RUN]
[2026-04-06T14:21:34.192+0000] {subprocess.py:93} INFO - [0m14:21:34  2 of 5 OK created sql table model gold.dim_products ............................ [[32mSELECT 32951[0m in 0.75s]
[2026-04-06T14:21:34.338+0000] {subprocess.py:93} INFO - [0m14:21:34  1 of 5 OK created sql table model gold.dim_customers ........................... [[32mSELECT 99441[0m in 0.91s]
[2026-04-06T14:21:35.729+0000] {subprocess.py:93} INFO - [0m14:21:35  3 of 5 OK created sql table model gold.fct_order_items ......................... [[32mSELECT 112650[0m in 2.30s]
[2026-04-06T14:21:37.058+0000] {local_task_job_runner.py:313} WARNING - State of this instance has been externally set to success. Terminating instance.
[2026-04-06T14:21:37.060+0000] {local_task_job_runner.py:222} INFO - ::endgroup::
[2026-04-06T14:21:37.064+0000] {process_utils.py:132} INFO - Sending 15 to group 429. PIDs of all processes in the group: [430, 434, 429]
[2026-04-06T14:21:37.065+0000] {process_utils.py:87} INFO - Sending the signal 15 to group 429
[2026-04-06T14:21:37.065+0000] {taskinstance.py:2611} ERROR - Received SIGTERM. Terminating subprocesses.
[2026-04-06T14:21:37.066+0000] {subprocess.py:104} INFO - Sending SIGTERM signal to process group
[2026-04-06T14:21:37.067+0000] {taskinstance.py:441} INFO - ::group::Post task execution logs
[2026-04-06T14:21:37.198+0000] {process_utils.py:80} INFO - Process psutil.Process(pid=430, status='terminated', started='14:21:27') (430) terminated with exit code None
[2026-04-06T14:21:37.199+0000] {process_utils.py:80} INFO - Process psutil.Process(pid=434, status='terminated', started='14:21:31') (434) terminated with exit code None
[2026-04-06T14:21:37.200+0000] {process_utils.py:80} INFO - Process psutil.Process(pid=429, status='terminated', exitcode=0, started='14:21:26') (429) terminated with exit code 0
