[2026-04-06T11:11:34.928+0000] {local_task_job_runner.py:120} INFO - ::group::Pre task execution logs
[2026-04-06T11:11:35.005+0000] {taskinstance.py:2076} INFO - Dependencies all met for dep_context=non-requeueable deps ti=<TaskInstance: pipeline.dbt_gold manual__2026-04-06T10:59:03.094242+00:00 [queued]>
[2026-04-06T11:11:35.021+0000] {taskinstance.py:2076} INFO - Dependencies all met for dep_context=requeueable deps ti=<TaskInstance: pipeline.dbt_gold manual__2026-04-06T10:59:03.094242+00:00 [queued]>
[2026-04-06T11:11:35.022+0000] {taskinstance.py:2306} INFO - Starting attempt 1 of 1
[2026-04-06T11:11:35.042+0000] {taskinstance.py:2330} INFO - Executing <Task(BashOperator): dbt_gold> on 2026-04-06 10:59:03.094242+00:00
[2026-04-06T11:11:35.052+0000] {standard_task_runner.py:64} INFO - Started process 2554 to run task
[2026-04-06T11:11:35.059+0000] {standard_task_runner.py:90} INFO - Running: ['airflow', 'tasks', 'run', 'pipeline', 'dbt_gold', 'manual__2026-04-06T10:59:03.094242+00:00', '--job-id', '88', '--raw', '--subdir', 'DAGS_FOLDER/pipeline.py', '--cfg-path', '/tmp/tmpjiklf_c8']
[2026-04-06T11:11:35.069+0000] {standard_task_runner.py:91} INFO - Job 88: Subtask dbt_gold
[2026-04-06T11:11:35.302+0000] {task_command.py:426} INFO - Running <TaskInstance: pipeline.dbt_gold manual__2026-04-06T10:59:03.094242+00:00 [running]> on host 503d89ed3fcb
[2026-04-06T11:11:35.714+0000] {taskinstance.py:2648} INFO - Exporting env vars: AIRFLOW_CTX_DAG_OWNER='data_engineer' AIRFLOW_CTX_DAG_ID='pipeline' AIRFLOW_CTX_TASK_ID='dbt_gold' AIRFLOW_CTX_EXECUTION_DATE='2026-04-06T10:59:03.094242+00:00' AIRFLOW_CTX_TRY_NUMBER='1' AIRFLOW_CTX_DAG_RUN_ID='manual__2026-04-06T10:59:03.094242+00:00'
[2026-04-06T11:11:35.716+0000] {taskinstance.py:430} INFO - ::endgroup::
[2026-04-06T11:11:35.732+0000] {subprocess.py:63} INFO - Tmp dir root location: /tmp
[2026-04-06T11:11:35.735+0000] {subprocess.py:75} INFO - Running command: ['/usr/bin/bash', '-c', 'cd /opt/airflow/dbt_project/mon_analyse_olist && dbt run --select marts --profiles-dir .']
[2026-04-06T11:11:35.753+0000] {subprocess.py:86} INFO - Output:
[2026-04-06T11:11:38.232+0000] {subprocess.py:93} INFO - [0m11:11:38  Running with dbt=1.8.8
[2026-04-06T11:11:38.665+0000] {subprocess.py:93} INFO - [0m11:11:38  Registered adapter: postgres=1.9.1
[2026-04-06T11:11:39.516+0000] {subprocess.py:93} INFO - [0m11:11:39  Found 14 models, 9 sources, 426 macros
[2026-04-06T11:11:39.525+0000] {subprocess.py:93} INFO - [0m11:11:39
[2026-04-06T11:11:40.082+0000] {subprocess.py:93} INFO - [0m11:11:40  Concurrency: 4 threads (target='dev')
[2026-04-06T11:11:40.084+0000] {subprocess.py:93} INFO - [0m11:11:40
[2026-04-06T11:11:40.119+0000] {subprocess.py:93} INFO - [0m11:11:40  1 of 5 START sql table model gold.dim_customers ................................ [RUN]
[2026-04-06T11:11:40.121+0000] {subprocess.py:93} INFO - [0m11:11:40  2 of 5 START sql table model gold.dim_products ................................. [RUN]
[2026-04-06T11:11:40.123+0000] {subprocess.py:93} INFO - [0m11:11:40  3 of 5 START sql table model gold.fct_order_items .............................. [RUN]
[2026-04-06T11:11:40.126+0000] {subprocess.py:93} INFO - [0m11:11:40  4 of 5 START sql table model gold.fct_orders ................................... [RUN]
[2026-04-06T11:11:41.049+0000] {subprocess.py:93} INFO - [0m11:11:41  2 of 5 OK created sql table model gold.dim_products ............................ [[32mSELECT 32951[0m in 0.91s]
[2026-04-06T11:11:41.194+0000] {subprocess.py:93} INFO - [0m11:11:41  1 of 5 OK created sql table model gold.dim_customers ........................... [[32mSELECT 99441[0m in 1.06s]
[2026-04-06T11:11:42.502+0000] {subprocess.py:93} INFO - [0m11:11:42  3 of 5 OK created sql table model gold.fct_order_items ......................... [[32mSELECT 112650[0m in 2.37s]
[2026-04-06T11:11:44.437+0000] {subprocess.py:93} INFO - [0m11:11:44  4 of 5 OK created sql table model gold.fct_orders .............................. [[32mSELECT 99441[0m in 4.30s]
[2026-04-06T11:11:44.444+0000] {subprocess.py:93} INFO - [0m11:11:44  5 of 5 START sql table model gold.dim_customers_rfm ............................ [RUN]
[2026-04-06T11:11:47.536+0000] {subprocess.py:93} INFO - [0m11:11:47  5 of 5 OK created sql table model gold.dim_customers_rfm ....................... [[32mSELECT 96096[0m in 3.09s]
[2026-04-06T11:11:47.604+0000] {subprocess.py:93} INFO - [0m11:11:47
[2026-04-06T11:11:47.606+0000] {subprocess.py:93} INFO - [0m11:11:47  Finished running 5 table models in 0 hours 0 minutes and 8.08 seconds (8.08s).
[2026-04-06T11:11:47.764+0000] {subprocess.py:93} INFO - [0m11:11:47
[2026-04-06T11:11:47.768+0000] {subprocess.py:93} INFO - [0m11:11:47  [32mCompleted successfully[0m
[2026-04-06T11:11:47.771+0000] {subprocess.py:93} INFO - [0m11:11:47
[2026-04-06T11:11:47.773+0000] {subprocess.py:93} INFO - [0m11:11:47  Done. PASS=5 WARN=0 ERROR=0 SKIP=0 TOTAL=5
[2026-04-06T11:11:49.340+0000] {subprocess.py:97} INFO - Command exited with return code 0
[2026-04-06T11:11:49.342+0000] {taskinstance.py:441} INFO - ::group::Post task execution logs
[2026-04-06T11:11:49.532+0000] {taskinstance.py:1206} INFO - Marking task as SUCCESS. dag_id=pipeline, task_id=dbt_gold, run_id=manual__2026-04-06T10:59:03.094242+00:00, execution_date=20260406T105903, start_date=20260406T111135, end_date=20260406T111149
[2026-04-06T11:11:49.641+0000] {local_task_job_runner.py:243} INFO - Task exited with return code 0
[2026-04-06T11:11:49.785+0000] {taskinstance.py:3503} INFO - 1 downstream tasks scheduled from follow-on schedule check
[2026-04-06T11:11:49.789+0000] {local_task_job_runner.py:222} INFO - ::endgroup::
