[2026-04-06T14:21:19.084+0000] {local_task_job_runner.py:120} INFO - ::group::Pre task execution logs
[2026-04-06T14:21:19.188+0000] {taskinstance.py:2076} INFO - Dependencies all met for dep_context=non-requeueable deps ti=<TaskInstance: pipeline.dbt_silver manual__2026-04-06T14:20:59.961616+00:00 [queued]>
[2026-04-06T14:21:19.212+0000] {taskinstance.py:2076} INFO - Dependencies all met for dep_context=requeueable deps ti=<TaskInstance: pipeline.dbt_silver manual__2026-04-06T14:20:59.961616+00:00 [queued]>
[2026-04-06T14:21:19.214+0000] {taskinstance.py:2306} INFO - Starting attempt 1 of 1
[2026-04-06T14:21:19.246+0000] {taskinstance.py:2330} INFO - Executing <Task(BashOperator): dbt_silver> on 2026-04-06 14:20:59.961616+00:00
[2026-04-06T14:21:19.257+0000] {standard_task_runner.py:64} INFO - Started process 411 to run task
[2026-04-06T14:21:19.266+0000] {standard_task_runner.py:90} INFO - Running: ['airflow', 'tasks', 'run', 'pipeline', 'dbt_silver', 'manual__2026-04-06T14:20:59.961616+00:00', '--job-id', '136', '--raw', '--subdir', 'DAGS_FOLDER/pipeline.py', '--cfg-path', '/tmp/tmp6nmnkbi5']
[2026-04-06T14:21:19.274+0000] {standard_task_runner.py:91} INFO - Job 136: Subtask dbt_silver
[2026-04-06T14:21:19.548+0000] {task_command.py:426} INFO - Running <TaskInstance: pipeline.dbt_silver manual__2026-04-06T14:20:59.961616+00:00 [running]> on host 7b6c21d2cd2f
[2026-04-06T14:21:19.949+0000] {taskinstance.py:2648} INFO - Exporting env vars: AIRFLOW_CTX_DAG_OWNER='data_engineer' AIRFLOW_CTX_DAG_ID='pipeline' AIRFLOW_CTX_TASK_ID='dbt_silver' AIRFLOW_CTX_EXECUTION_DATE='2026-04-06T14:20:59.961616+00:00' AIRFLOW_CTX_TRY_NUMBER='1' AIRFLOW_CTX_DAG_RUN_ID='manual__2026-04-06T14:20:59.961616+00:00'
[2026-04-06T14:21:19.951+0000] {taskinstance.py:430} INFO - ::endgroup::
[2026-04-06T14:21:19.968+0000] {subprocess.py:63} INFO - Tmp dir root location: /tmp
[2026-04-06T14:21:19.970+0000] {subprocess.py:75} INFO - Running command: ['/usr/bin/bash', '-c', 'cd /opt/airflow/dbt_project/mon_analyse_olist && dbt run --select silver --profiles-dir .']
[2026-04-06T14:21:19.990+0000] {subprocess.py:86} INFO - Output:
[2026-04-06T14:21:22.981+0000] {subprocess.py:93} INFO - [0m14:21:22  Running with dbt=1.8.8
[2026-04-06T14:21:23.588+0000] {subprocess.py:93} INFO - [0m14:21:23  Registered adapter: postgres=1.9.1
[2026-04-06T14:21:24.813+0000] {subprocess.py:93} INFO - [0m14:21:24  Found 14 models, 11 data tests, 9 sources, 426 macros
[2026-04-06T14:21:24.832+0000] {subprocess.py:93} INFO - [0m14:21:24
[2026-04-06T14:21:25.593+0000] {subprocess.py:93} INFO - [0m14:21:25  Concurrency: 4 threads (target='dev')
[2026-04-06T14:21:25.595+0000] {subprocess.py:93} INFO - [0m14:21:25
[2026-04-06T14:21:25.613+0000] {subprocess.py:93} INFO - [0m14:21:25  1 of 9 START sql view model silver.stg_category_translation .................... [RUN]
[2026-04-06T14:21:25.615+0000] {subprocess.py:93} INFO - [0m14:21:25  2 of 9 START sql view model silver.stg_customers ............................... [RUN]
[2026-04-06T14:21:25.618+0000] {subprocess.py:93} INFO - [0m14:21:25  3 of 9 START sql view model silver.stg_geolocation ............................. [RUN]
[2026-04-06T14:21:25.620+0000] {subprocess.py:93} INFO - [0m14:21:25  4 of 9 START sql view model silver.stg_order_items ............................. [RUN]
[2026-04-06T14:21:26.333+0000] {subprocess.py:93} INFO - [0m14:21:26  2 of 9 OK created sql view model silver.stg_customers .......................... [[32mCREATE VIEW[0m in 0.69s]
[2026-04-06T14:21:26.336+0000] {subprocess.py:93} INFO - [0m14:21:26  4 of 9 OK created sql view model silver.stg_order_items ........................ [[32mCREATE VIEW[0m in 0.70s]
[2026-04-06T14:21:26.338+0000] {subprocess.py:93} INFO - [0m14:21:26  1 of 9 OK created sql view model silver.stg_category_translation ............... [[32mCREATE VIEW[0m in 0.70s]
[2026-04-06T14:21:26.340+0000] {subprocess.py:93} INFO - [0m14:21:26  3 of 9 OK created sql view model silver.stg_geolocation ........................ [[32mCREATE VIEW[0m in 0.70s]
[2026-04-06T14:21:26.359+0000] {subprocess.py:93} INFO - [0m14:21:26  5 of 9 START sql view model silver.stg_order_payments .......................... [RUN]
[2026-04-06T14:21:26.361+0000] {subprocess.py:93} INFO - [0m14:21:26  6 of 9 START sql view model silver.stg_order_reviews ........................... [RUN]
[2026-04-06T14:21:26.364+0000] {subprocess.py:93} INFO - [0m14:21:26  7 of 9 START sql view model silver.stg_orders .................................. [RUN]
[2026-04-06T14:21:26.367+0000] {subprocess.py:93} INFO - [0m14:21:26  8 of 9 START sql view model silver.stg_products ................................ [RUN]
[2026-04-06T14:21:26.802+0000] {subprocess.py:93} INFO - [0m14:21:26  7 of 9 OK created sql view model silver.stg_orders ............................. [[32mCREATE VIEW[0m in 0.42s]
[2026-04-06T14:21:26.806+0000] {subprocess.py:93} INFO - [0m14:21:26  6 of 9 OK created sql view model silver.stg_order_reviews ...................... [[32mCREATE VIEW[0m in 0.42s]
[2026-04-06T14:21:26.834+0000] {subprocess.py:93} INFO - [0m14:21:26  8 of 9 OK created sql view model silver.stg_products ........................... [[32mCREATE VIEW[0m in 0.45s]
[2026-04-06T14:21:26.836+0000] {subprocess.py:93} INFO - [0m14:21:26  9 of 9 START sql view model silver.stg_sellers ................................. [RUN]
[2026-04-06T14:21:26.847+0000] {subprocess.py:93} INFO - [0m14:21:26  5 of 9 OK created sql view model silver.stg_order_payments ..................... [[32mCREATE VIEW[0m in 0.47s]
[2026-04-06T14:21:27.058+0000] {subprocess.py:93} INFO - [0m14:21:27  9 of 9 OK created sql view model silver.stg_sellers ............................ [[32mCREATE VIEW[0m in 0.21s]
[2026-04-06T14:21:27.189+0000] {subprocess.py:93} INFO - [0m14:21:27
[2026-04-06T14:21:27.192+0000] {subprocess.py:93} INFO - [0m14:21:27  Finished running 9 view models in 0 hours 0 minutes and 2.35 seconds (2.35s).
[2026-04-06T14:21:27.365+0000] {subprocess.py:93} INFO - [0m14:21:27
[2026-04-06T14:21:27.368+0000] {subprocess.py:93} INFO - [0m14:21:27  [32mCompleted successfully[0m
[2026-04-06T14:21:27.372+0000] {subprocess.py:93} INFO - [0m14:21:27
[2026-04-06T14:21:27.381+0000] {subprocess.py:93} INFO - [0m14:21:27  Done. PASS=9 WARN=0 ERROR=0 SKIP=0 TOTAL=9
[2026-04-06T14:21:28.977+0000] {subprocess.py:97} INFO - Command exited with return code 0
[2026-04-06T14:21:28.978+0000] {taskinstance.py:441} INFO - ::group::Post task execution logs
[2026-04-06T14:21:29.149+0000] {taskinstance.py:1206} INFO - Marking task as SUCCESS. dag_id=pipeline, task_id=dbt_silver, run_id=manual__2026-04-06T14:20:59.961616+00:00, execution_date=20260406T142059, start_date=20260406T142119, end_date=20260406T142129
[2026-04-06T14:21:29.201+0000] {local_task_job_runner.py:243} INFO - Task exited with return code 0
[2026-04-06T14:21:29.343+0000] {taskinstance.py:3503} INFO - 0 downstream tasks scheduled from follow-on schedule check
[2026-04-06T14:21:29.350+0000] {local_task_job_runner.py:222} INFO - ::endgroup::
