[2026-04-06T10:27:53.636+0000] {local_task_job_runner.py:120} INFO - ::group::Pre task execution logs
[2026-04-06T10:27:53.748+0000] {taskinstance.py:2076} INFO - Dependencies all met for dep_context=non-requeueable deps ti=<TaskInstance: pipeline.dbt_gold manual__2026-04-06T10:09:31.374303+00:00 [queued]>
[2026-04-06T10:27:53.773+0000] {taskinstance.py:2076} INFO - Dependencies all met for dep_context=requeueable deps ti=<TaskInstance: pipeline.dbt_gold manual__2026-04-06T10:09:31.374303+00:00 [queued]>
[2026-04-06T10:27:53.774+0000] {taskinstance.py:2306} INFO - Starting attempt 1 of 1
[2026-04-06T10:27:53.815+0000] {taskinstance.py:2330} INFO - Executing <Task(BashOperator): dbt_gold> on 2026-04-06 10:09:31.374303+00:00
[2026-04-06T10:27:53.834+0000] {standard_task_runner.py:64} INFO - Started process 1918 to run task
[2026-04-06T10:27:53.844+0000] {standard_task_runner.py:90} INFO - Running: ['airflow', 'tasks', 'run', 'pipeline', 'dbt_gold', 'manual__2026-04-06T10:09:31.374303+00:00', '--job-id', '71', '--raw', '--subdir', 'DAGS_FOLDER/pipeline.py', '--cfg-path', '/tmp/tmp849twdyw']
[2026-04-06T10:27:53.851+0000] {standard_task_runner.py:91} INFO - Job 71: Subtask dbt_gold
[2026-04-06T10:27:54.446+0000] {task_command.py:426} INFO - Running <TaskInstance: pipeline.dbt_gold manual__2026-04-06T10:09:31.374303+00:00 [running]> on host 503d89ed3fcb
[2026-04-06T10:27:54.911+0000] {taskinstance.py:2648} INFO - Exporting env vars: AIRFLOW_CTX_DAG_OWNER='data_engineer' AIRFLOW_CTX_DAG_ID='pipeline' AIRFLOW_CTX_TASK_ID='dbt_gold' AIRFLOW_CTX_EXECUTION_DATE='2026-04-06T10:09:31.374303+00:00' AIRFLOW_CTX_TRY_NUMBER='1' AIRFLOW_CTX_DAG_RUN_ID='manual__2026-04-06T10:09:31.374303+00:00'
[2026-04-06T10:27:54.914+0000] {taskinstance.py:430} INFO - ::endgroup::
[2026-04-06T10:27:54.933+0000] {subprocess.py:63} INFO - Tmp dir root location: /tmp
[2026-04-06T10:27:54.936+0000] {subprocess.py:75} INFO - Running command: ['/usr/bin/bash', '-c', 'cd /opt/airflow/dbt_project/mon_analyse_olist && dbt run --select marts --profiles-dir .']
[2026-04-06T10:27:54.963+0000] {subprocess.py:86} INFO - Output:
[2026-04-06T10:27:58.566+0000] {subprocess.py:93} INFO - [0m10:27:58  Running with dbt=1.8.8
[2026-04-06T10:27:59.162+0000] {subprocess.py:93} INFO - [0m10:27:59  Registered adapter: postgres=1.9.1
[2026-04-06T10:28:00.449+0000] {subprocess.py:93} INFO - [0m10:28:00  Found 14 models, 9 sources, 426 macros
[2026-04-06T10:28:00.485+0000] {subprocess.py:93} INFO - [0m10:28:00
[2026-04-06T10:28:01.180+0000] {subprocess.py:93} INFO - [0m10:28:01  Concurrency: 4 threads (target='dev')
[2026-04-06T10:28:01.181+0000] {subprocess.py:93} INFO - [0m10:28:01
[2026-04-06T10:28:01.204+0000] {subprocess.py:93} INFO - [0m10:28:01  1 of 5 START sql table model gold.dim_customers ................................ [RUN]
[2026-04-06T10:28:01.206+0000] {subprocess.py:93} INFO - [0m10:28:01  2 of 5 START sql table model gold.dim_products ................................. [RUN]
[2026-04-06T10:28:01.207+0000] {subprocess.py:93} INFO - [0m10:28:01  3 of 5 START sql table model gold.fct_order_items .............................. [RUN]
[2026-04-06T10:28:01.209+0000] {subprocess.py:93} INFO - [0m10:28:01  4 of 5 START sql table model gold.fct_orders ................................... [RUN]
[2026-04-06T10:28:02.244+0000] {subprocess.py:93} INFO - [0m10:28:02  2 of 5 OK created sql table model gold.dim_products ............................ [[32mSELECT 32951[0m in 1.02s]
[2026-04-06T10:28:02.398+0000] {subprocess.py:93} INFO - [0m10:28:02  1 of 5 OK created sql table model gold.dim_customers ........................... [[32mSELECT 99441[0m in 1.17s]
[2026-04-06T10:28:04.519+0000] {subprocess.py:93} INFO - [0m10:28:04  3 of 5 OK created sql table model gold.fct_order_items ......................... [[32mSELECT 112650[0m in 3.30s]
[2026-04-06T10:28:07.089+0000] {subprocess.py:93} INFO - [0m10:28:07  4 of 5 OK created sql table model gold.fct_orders .............................. [[32mSELECT 99441[0m in 5.87s]
[2026-04-06T10:28:07.101+0000] {subprocess.py:93} INFO - [0m10:28:07  5 of 5 START sql table model gold.dim_customers_rfm ............................ [RUN]
[2026-04-06T10:28:12.677+0000] {subprocess.py:93} INFO - [0m10:28:12  5 of 5 OK created sql table model gold.dim_customers_rfm ....................... [[32mSELECT 96096[0m in 5.57s]
[2026-04-06T10:28:12.805+0000] {subprocess.py:93} INFO - [0m10:28:12
[2026-04-06T10:28:12.807+0000] {subprocess.py:93} INFO - [0m10:28:12  Finished running 5 table models in 0 hours 0 minutes and 12.31 seconds (12.31s).
[2026-04-06T10:28:12.905+0000] {subprocess.py:93} INFO - [0m10:28:12
[2026-04-06T10:28:12.907+0000] {subprocess.py:93} INFO - [0m10:28:12  [32mCompleted successfully[0m
[2026-04-06T10:28:12.909+0000] {subprocess.py:93} INFO - [0m10:28:12
[2026-04-06T10:28:12.910+0000] {subprocess.py:93} INFO - [0m10:28:12  Done. PASS=5 WARN=0 ERROR=0 SKIP=0 TOTAL=5
[2026-04-06T10:28:14.830+0000] {subprocess.py:97} INFO - Command exited with return code 0
[2026-04-06T10:28:14.832+0000] {taskinstance.py:441} INFO - ::group::Post task execution logs
[2026-04-06T10:28:15.008+0000] {taskinstance.py:1206} INFO - Marking task as SUCCESS. dag_id=pipeline, task_id=dbt_gold, run_id=manual__2026-04-06T10:09:31.374303+00:00, execution_date=20260406T100931, start_date=20260406T102753, end_date=20260406T102815
[2026-04-06T10:28:15.094+0000] {local_task_job_runner.py:243} INFO - Task exited with return code 0
[2026-04-06T10:28:15.177+0000] {taskinstance.py:3503} INFO - 1 downstream tasks scheduled from follow-on schedule check
[2026-04-06T10:28:15.180+0000] {local_task_job_runner.py:222} INFO - ::endgroup::
