[2026-04-06T14:18:10.298+0000] {local_task_job_runner.py:120} INFO - ::group::Pre task execution logs
[2026-04-06T14:18:10.393+0000] {taskinstance.py:2076} INFO - Dependencies all met for dep_context=non-requeueable deps ti=<TaskInstance: pipeline.dbt_gold manual__2026-04-06T14:17:13.273560+00:00 [queued]>
[2026-04-06T14:18:10.414+0000] {taskinstance.py:2076} INFO - Dependencies all met for dep_context=requeueable deps ti=<TaskInstance: pipeline.dbt_gold manual__2026-04-06T14:17:13.273560+00:00 [queued]>
[2026-04-06T14:18:10.415+0000] {taskinstance.py:2306} INFO - Starting attempt 1 of 1
[2026-04-06T14:18:10.449+0000] {taskinstance.py:2330} INFO - Executing <Task(BashOperator): dbt_gold> on 2026-04-06 14:17:13.273560+00:00
[2026-04-06T14:18:10.462+0000] {standard_task_runner.py:64} INFO - Started process 210 to run task
[2026-04-06T14:18:10.473+0000] {standard_task_runner.py:90} INFO - Running: ['airflow', 'tasks', 'run', 'pipeline', 'dbt_gold', 'manual__2026-04-06T14:17:13.273560+00:00', '--job-id', '123', '--raw', '--subdir', 'DAGS_FOLDER/pipeline.py', '--cfg-path', '/tmp/tmpnqgban2q']
[2026-04-06T14:18:10.484+0000] {standard_task_runner.py:91} INFO - Job 123: Subtask dbt_gold
[2026-04-06T14:18:10.991+0000] {task_command.py:426} INFO - Running <TaskInstance: pipeline.dbt_gold manual__2026-04-06T14:17:13.273560+00:00 [running]> on host 7b6c21d2cd2f
[2026-04-06T14:18:11.427+0000] {taskinstance.py:2648} INFO - Exporting env vars: AIRFLOW_CTX_DAG_OWNER='data_engineer' AIRFLOW_CTX_DAG_ID='pipeline' AIRFLOW_CTX_TASK_ID='dbt_gold' AIRFLOW_CTX_EXECUTION_DATE='2026-04-06T14:17:13.273560+00:00' AIRFLOW_CTX_TRY_NUMBER='1' AIRFLOW_CTX_DAG_RUN_ID='manual__2026-04-06T14:17:13.273560+00:00'
[2026-04-06T14:18:11.430+0000] {taskinstance.py:430} INFO - ::endgroup::
[2026-04-06T14:18:11.449+0000] {subprocess.py:63} INFO - Tmp dir root location: /tmp
[2026-04-06T14:18:11.451+0000] {subprocess.py:75} INFO - Running command: ['/usr/bin/bash', '-c', 'cd /opt/airflow/dbt_project/mon_analyse_olist && dbt run --select marts --profiles-dir .']
[2026-04-06T14:18:11.472+0000] {subprocess.py:86} INFO - Output:
[2026-04-06T14:18:14.557+0000] {subprocess.py:93} INFO - [0m14:18:14  Running with dbt=1.8.8
[2026-04-06T14:18:15.046+0000] {subprocess.py:93} INFO - [0m14:18:15  Registered adapter: postgres=1.9.1
[2026-04-06T14:18:16.215+0000] {subprocess.py:93} INFO - [0m14:18:16  Found 14 models, 11 data tests, 9 sources, 426 macros
[2026-04-06T14:18:16.222+0000] {subprocess.py:93} INFO - [0m14:18:16
[2026-04-06T14:18:16.904+0000] {subprocess.py:93} INFO - [0m14:18:16  Concurrency: 4 threads (target='dev')
[2026-04-06T14:18:16.907+0000] {subprocess.py:93} INFO - [0m14:18:16
[2026-04-06T14:18:16.932+0000] {subprocess.py:93} INFO - [0m14:18:16  1 of 5 START sql table model gold.dim_customers ................................ [RUN]
[2026-04-06T14:18:16.935+0000] {subprocess.py:93} INFO - [0m14:18:16  2 of 5 START sql table model gold.dim_products ................................. [RUN]
[2026-04-06T14:18:16.937+0000] {subprocess.py:93} INFO - [0m14:18:16  3 of 5 START sql table model gold.fct_order_items .............................. [RUN]
[2026-04-06T14:18:16.938+0000] {subprocess.py:93} INFO - [0m14:18:16  4 of 5 START sql table model gold.fct_orders ................................... [RUN]
[2026-04-06T14:18:17.936+0000] {subprocess.py:93} INFO - [0m14:18:17  2 of 5 OK created sql table model gold.dim_products ............................ [[32mSELECT 32951[0m in 0.97s]
[2026-04-06T14:18:18.253+0000] {subprocess.py:93} INFO - [0m14:18:18  1 of 5 OK created sql table model gold.dim_customers ........................... [[32mSELECT 99441[0m in 1.31s]
[2026-04-06T14:18:19.712+0000] {subprocess.py:93} INFO - [0m14:18:19  3 of 5 OK created sql table model gold.fct_order_items ......................... [[32mSELECT 112650[0m in 2.77s]
[2026-04-06T14:18:22.085+0000] {subprocess.py:93} INFO - [0m14:18:22  4 of 5 OK created sql table model gold.fct_orders .............................. [[32mSELECT 99441[0m in 5.14s]
[2026-04-06T14:18:22.093+0000] {subprocess.py:93} INFO - [0m14:18:22  5 of 5 START sql table model gold.dim_customers_rfm ............................ [RUN]
[2026-04-06T14:18:24.858+0000] {subprocess.py:93} INFO - [0m14:18:24  5 of 5 OK created sql table model gold.dim_customers_rfm ....................... [[32mSELECT 96096[0m in 2.76s]
[2026-04-06T14:18:24.970+0000] {subprocess.py:93} INFO - [0m14:18:24
[2026-04-06T14:18:24.972+0000] {subprocess.py:93} INFO - [0m14:18:24  Finished running 5 table models in 0 hours 0 minutes and 8.75 seconds (8.75s).
[2026-04-06T14:18:25.064+0000] {subprocess.py:93} INFO - [0m14:18:25
[2026-04-06T14:18:25.066+0000] {subprocess.py:93} INFO - [0m14:18:25  [32mCompleted successfully[0m
[2026-04-06T14:18:25.068+0000] {subprocess.py:93} INFO - [0m14:18:25
[2026-04-06T14:18:25.070+0000] {subprocess.py:93} INFO - [0m14:18:25  Done. PASS=5 WARN=0 ERROR=0 SKIP=0 TOTAL=5
[2026-04-06T14:18:27.052+0000] {subprocess.py:97} INFO - Command exited with return code 0
[2026-04-06T14:18:27.054+0000] {taskinstance.py:441} INFO - ::group::Post task execution logs
[2026-04-06T14:18:27.193+0000] {taskinstance.py:1206} INFO - Marking task as SUCCESS. dag_id=pipeline, task_id=dbt_gold, run_id=manual__2026-04-06T14:17:13.273560+00:00, execution_date=20260406T141713, start_date=20260406T141810, end_date=20260406T141827
[2026-04-06T14:18:27.252+0000] {local_task_job_runner.py:243} INFO - Task exited with return code 0
[2026-04-06T14:18:27.438+0000] {taskinstance.py:3503} INFO - 0 downstream tasks scheduled from follow-on schedule check
[2026-04-06T14:18:27.441+0000] {local_task_job_runner.py:222} INFO - ::endgroup::
