[2026-04-06T12:11:34.233+0000] {local_task_job_runner.py:120} INFO - ::group::Pre task execution logs
[2026-04-06T12:11:34.333+0000] {taskinstance.py:2076} INFO - Dependencies all met for dep_context=non-requeueable deps ti=<TaskInstance: pipeline.dbt_gold manual__2026-04-06T12:06:17.406679+00:00 [queued]>
[2026-04-06T12:11:34.351+0000] {taskinstance.py:2076} INFO - Dependencies all met for dep_context=requeueable deps ti=<TaskInstance: pipeline.dbt_gold manual__2026-04-06T12:06:17.406679+00:00 [queued]>
[2026-04-06T12:11:34.352+0000] {taskinstance.py:2306} INFO - Starting attempt 1 of 1
[2026-04-06T12:11:34.379+0000] {taskinstance.py:2330} INFO - Executing <Task(BashOperator): dbt_gold> on 2026-04-06 12:06:17.406679+00:00
[2026-04-06T12:11:34.388+0000] {standard_task_runner.py:64} INFO - Started process 267 to run task
[2026-04-06T12:11:34.393+0000] {standard_task_runner.py:90} INFO - Running: ['airflow', 'tasks', 'run', 'pipeline', 'dbt_gold', 'manual__2026-04-06T12:06:17.406679+00:00', '--job-id', '93', '--raw', '--subdir', 'DAGS_FOLDER/pipeline.py', '--cfg-path', '/tmp/tmpof3cs8cf']
[2026-04-06T12:11:34.399+0000] {standard_task_runner.py:91} INFO - Job 93: Subtask dbt_gold
[2026-04-06T12:11:34.730+0000] {task_command.py:426} INFO - Running <TaskInstance: pipeline.dbt_gold manual__2026-04-06T12:06:17.406679+00:00 [running]> on host 01524f5c0bbf
[2026-04-06T12:11:35.167+0000] {taskinstance.py:2648} INFO - Exporting env vars: AIRFLOW_CTX_DAG_OWNER='data_engineer' AIRFLOW_CTX_DAG_ID='pipeline' AIRFLOW_CTX_TASK_ID='dbt_gold' AIRFLOW_CTX_EXECUTION_DATE='2026-04-06T12:06:17.406679+00:00' AIRFLOW_CTX_TRY_NUMBER='1' AIRFLOW_CTX_DAG_RUN_ID='manual__2026-04-06T12:06:17.406679+00:00'
[2026-04-06T12:11:35.169+0000] {taskinstance.py:430} INFO - ::endgroup::
[2026-04-06T12:11:35.186+0000] {subprocess.py:63} INFO - Tmp dir root location: /tmp
[2026-04-06T12:11:35.188+0000] {subprocess.py:75} INFO - Running command: ['/usr/bin/bash', '-c', 'cd /opt/airflow/dbt_project/mon_analyse_olist && dbt run --select marts --profiles-dir .']
[2026-04-06T12:11:35.204+0000] {subprocess.py:86} INFO - Output:
[2026-04-06T12:11:37.916+0000] {subprocess.py:93} INFO - [0m12:11:37  Running with dbt=1.8.8
[2026-04-06T12:11:38.427+0000] {subprocess.py:93} INFO - [0m12:11:38  Registered adapter: postgres=1.9.1
[2026-04-06T12:11:39.214+0000] {subprocess.py:93} INFO - [0m12:11:39  Found 14 models, 9 sources, 426 macros
[2026-04-06T12:11:39.220+0000] {subprocess.py:93} INFO - [0m12:11:39
[2026-04-06T12:11:39.673+0000] {subprocess.py:93} INFO - [0m12:11:39  Concurrency: 4 threads (target='dev')
[2026-04-06T12:11:39.675+0000] {subprocess.py:93} INFO - [0m12:11:39
[2026-04-06T12:11:39.693+0000] {subprocess.py:93} INFO - [0m12:11:39  1 of 5 START sql table model gold.dim_customers ................................ [RUN]
[2026-04-06T12:11:39.695+0000] {subprocess.py:93} INFO - [0m12:11:39  2 of 5 START sql table model gold.dim_products ................................. [RUN]
[2026-04-06T12:11:39.698+0000] {subprocess.py:93} INFO - [0m12:11:39  3 of 5 START sql table model gold.fct_order_items .............................. [RUN]
[2026-04-06T12:11:39.700+0000] {subprocess.py:93} INFO - [0m12:11:39  4 of 5 START sql table model gold.fct_orders ................................... [RUN]
[2026-04-06T12:11:40.778+0000] {subprocess.py:93} INFO - [0m12:11:40  2 of 5 OK created sql table model gold.dim_products ............................ [[32mSELECT 32951[0m in 1.06s]
[2026-04-06T12:11:40.904+0000] {subprocess.py:93} INFO - [0m12:11:40  1 of 5 OK created sql table model gold.dim_customers ........................... [[32mSELECT 99441[0m in 1.20s]
[2026-04-06T12:11:42.194+0000] {subprocess.py:93} INFO - [0m12:11:42  3 of 5 OK created sql table model gold.fct_order_items ......................... [[32mSELECT 112650[0m in 2.49s]
[2026-04-06T12:11:44.190+0000] {subprocess.py:93} INFO - [0m12:11:44  4 of 5 OK created sql table model gold.fct_orders .............................. [[32mSELECT 99441[0m in 4.48s]
[2026-04-06T12:11:44.198+0000] {subprocess.py:93} INFO - [0m12:11:44  5 of 5 START sql table model gold.dim_customers_rfm ............................ [RUN]
[2026-04-06T12:11:47.083+0000] {subprocess.py:93} INFO - [0m12:11:47  5 of 5 OK created sql table model gold.dim_customers_rfm ....................... [[32mSELECT 96096[0m in 2.88s]
[2026-04-06T12:11:47.179+0000] {subprocess.py:93} INFO - [0m12:11:47
[2026-04-06T12:11:47.181+0000] {subprocess.py:93} INFO - [0m12:11:47  Finished running 5 table models in 0 hours 0 minutes and 7.96 seconds (7.96s).
[2026-04-06T12:11:47.272+0000] {subprocess.py:93} INFO - [0m12:11:47
[2026-04-06T12:11:47.274+0000] {subprocess.py:93} INFO - [0m12:11:47  [32mCompleted successfully[0m
[2026-04-06T12:11:47.277+0000] {subprocess.py:93} INFO - [0m12:11:47
[2026-04-06T12:11:47.278+0000] {subprocess.py:93} INFO - [0m12:11:47  Done. PASS=5 WARN=0 ERROR=0 SKIP=0 TOTAL=5
[2026-04-06T12:11:55.699+0000] {subprocess.py:97} INFO - Command exited with return code 0
[2026-04-06T12:11:55.700+0000] {taskinstance.py:441} INFO - ::group::Post task execution logs
[2026-04-06T12:11:55.838+0000] {taskinstance.py:1206} INFO - Marking task as SUCCESS. dag_id=pipeline, task_id=dbt_gold, run_id=manual__2026-04-06T12:06:17.406679+00:00, execution_date=20260406T120617, start_date=20260406T121134, end_date=20260406T121155
[2026-04-06T12:11:55.923+0000] {local_task_job_runner.py:243} INFO - Task exited with return code 0
[2026-04-06T12:11:56.041+0000] {taskinstance.py:3503} INFO - 0 downstream tasks scheduled from follow-on schedule check
[2026-04-06T12:11:56.044+0000] {local_task_job_runner.py:222} INFO - ::endgroup::
