[2026-04-06T10:21:02.394+0000] {local_task_job_runner.py:120} INFO - ::group::Pre task execution logs
[2026-04-06T10:21:03.031+0000] {taskinstance.py:2076} INFO - Dependencies all met for dep_context=non-requeueable deps ti=<TaskInstance: pipeline.ingest_csv_to_bronze manual__2026-04-06T10:20:48.131066+00:00 [queued]>
[2026-04-06T10:21:03.242+0000] {taskinstance.py:2076} INFO - Dependencies all met for dep_context=requeueable deps ti=<TaskInstance: pipeline.ingest_csv_to_bronze manual__2026-04-06T10:20:48.131066+00:00 [queued]>
[2026-04-06T10:21:03.247+0000] {taskinstance.py:2306} INFO - Starting attempt 1 of 1
[2026-04-06T10:21:03.364+0000] {taskinstance.py:2330} INFO - Executing <Task(PythonOperator): ingest_csv_to_bronze> on 2026-04-06 10:20:48.131066+00:00
[2026-04-06T10:21:03.449+0000] {standard_task_runner.py:64} INFO - Started process 1845 to run task
[2026-04-06T10:21:03.631+0000] {standard_task_runner.py:90} INFO - Running: ['airflow', 'tasks', 'run', 'pipeline', 'ingest_csv_to_bronze', 'manual__2026-04-06T10:20:48.131066+00:00', '--job-id', '69', '--raw', '--subdir', 'DAGS_FOLDER/pipeline.py', '--cfg-path', '/tmp/tmp_hm046lz']
[2026-04-06T10:21:03.700+0000] {standard_task_runner.py:91} INFO - Job 69: Subtask ingest_csv_to_bronze
[2026-04-06T10:21:04.519+0000] {task_command.py:426} INFO - Running <TaskInstance: pipeline.ingest_csv_to_bronze manual__2026-04-06T10:20:48.131066+00:00 [running]> on host 503d89ed3fcb
[2026-04-06T10:21:05.430+0000] {taskinstance.py:2648} INFO - Exporting env vars: AIRFLOW_CTX_DAG_OWNER='data_engineer' AIRFLOW_CTX_DAG_ID='pipeline' AIRFLOW_CTX_TASK_ID='ingest_csv_to_bronze' AIRFLOW_CTX_EXECUTION_DATE='2026-04-06T10:20:48.131066+00:00' AIRFLOW_CTX_TRY_NUMBER='1' AIRFLOW_CTX_DAG_RUN_ID='manual__2026-04-06T10:20:48.131066+00:00'
[2026-04-06T10:21:05.443+0000] {taskinstance.py:430} INFO - ::endgroup::
[2026-04-06T10:21:05.549+0000] {logging_mixin.py:188} INFO - 🚀 Lancement DLT : Injection groupée vers 'Olist'
[2026-04-06T10:21:07.504+0000] {config_providers_context.py:146} WARNING - Airflow variable 'dlt_secrets_toml' was not found. This Airflow variable is a recommended place to hold the content of secrets.toml.If you do not use Airflow variables to hold dlt configuration or use variables with other names you can ignore this warning.
[2026-04-06T10:21:47.025+0000] {logging_mixin.py:188} INFO - 📦 Préparation de la ressource : customers
[2026-04-06T10:21:47.150+0000] {logging_mixin.py:188} INFO - 📦 Préparation de la ressource : geolocation
[2026-04-06T10:21:47.154+0000] {logging_mixin.py:188} INFO - 📦 Préparation de la ressource : orders
[2026-04-06T10:21:47.156+0000] {logging_mixin.py:188} INFO - 📦 Préparation de la ressource : order_items
[2026-04-06T10:21:47.158+0000] {logging_mixin.py:188} INFO - 📦 Préparation de la ressource : order_payments
[2026-04-06T10:21:47.161+0000] {logging_mixin.py:188} INFO - 📦 Préparation de la ressource : order_reviews
[2026-04-06T10:21:47.163+0000] {logging_mixin.py:188} INFO - 📦 Préparation de la ressource : products
[2026-04-06T10:21:47.167+0000] {logging_mixin.py:188} INFO - 📦 Préparation de la ressource : sellers
[2026-04-06T10:21:47.169+0000] {logging_mixin.py:188} INFO - 📦 Préparation de la ressource : product_category_translation
[2026-04-06T10:21:47.172+0000] {logging_mixin.py:188} INFO - ⚡ Envoi de 9 tables en une seule session...
[2026-04-06T10:22:20.061+0000] {logging_mixin.py:188} WARNING - 2026-04-06 10:22:20,053|[WARNING]|1845|138528305977152|dlt|logger.py|wrapper:24|The pipeline `run` method will now load the pending load packages. The data you passed to the run function will not be loaded. In order to do that you must run the pipeline again
[2026-04-06T10:22:39.028+0000] {logging_mixin.py:188} WARNING - 2026-04-06 10:22:38,987|[ERROR]|1845|138527884940992|dlt|reference.py|run_managed:437|Terminal exception in job geolocation.5b301413a9.insert_values in file /home/airflow/.dlt/pipelines/olist_bulk_loader/load/normalized/1775470205.1050751/started_jobs/geolocation.5b301413a9.0.insert_values
Traceback (most recent call last):
  File "/home/airflow/.local/lib/python3.10/site-packages/dlt/destinations/sql_client.py", line 417, in _wrap_gen
    return (yield from f(self, *args, **kwargs))
  File "/home/airflow/.local/lib/python3.10/site-packages/dlt/destinations/impl/postgres/sql_client.py", line 111, in execute_query
    raise outer
  File "/home/airflow/.local/lib/python3.10/site-packages/dlt/destinations/impl/postgres/sql_client.py", line 103, in execute_query
    curr.execute(query, db_args)
psycopg2.errors.UniqueViolation: ERREUR:  la valeur d'une clé dupliquée rompt la contrainte unique « geolocation__dlt_id_key »
DETAIL:  La clé « (_dlt_id)=(gFTB/JRdI5cONQ) » existe déjà.


During handling of the above exception, another exception occurred:

Traceback (most recent call last):
  File "/home/airflow/.local/lib/python3.10/site-packages/dlt/common/destination/reference.py", line 432, in run_managed
    self.run()
  File "/home/airflow/.local/lib/python3.10/site-packages/dlt/destinations/insert_job_client.py", line 28, in run
    self._sql_client.execute_fragments(fragments)
  File "/home/airflow/.local/lib/python3.10/site-packages/dlt/destinations/impl/postgres/sql_client.py", line 118, in execute_fragments
    return self.execute_sql(composed, *args, **kwargs)
  File "/home/airflow/.local/lib/python3.10/site-packages/dlt/destinations/impl/postgres/sql_client.py", line 89, in execute_sql
    with self.execute_query(sql, *args, **kwargs) as curr:
  File "/usr/local/lib/python3.10/contextlib.py", line 135, in __enter__
    return next(self.gen)
  File "/home/airflow/.local/lib/python3.10/site-packages/dlt/destinations/sql_client.py", line 419, in _wrap_gen
    raise self._make_database_exception(ex)
dlt.destinations.exceptions.DatabaseTerminalException: ERREUR:  la valeur d'une clé dupliquée rompt la contrainte unique « geolocation__dlt_id_key »
DETAIL:  La clé « (_dlt_id)=(gFTB/JRdI5cONQ) » existe déjà.
[2026-04-06T10:24:55.781+0000] {logging_mixin.py:188} WARNING - 2026-04-06 10:24:55,521|[ERROR]|1845|138527893333696|dlt|reference.py|run_managed:437|Terminal exception in job geolocation.f46d8d11ac.insert_values in file /home/airflow/.dlt/pipelines/olist_bulk_loader/load/normalized/1775470205.1050751/started_jobs/geolocation.f46d8d11ac.0.insert_values
Traceback (most recent call last):
  File "/home/airflow/.local/lib/python3.10/site-packages/dlt/destinations/sql_client.py", line 417, in _wrap_gen
    return (yield from f(self, *args, **kwargs))
  File "/home/airflow/.local/lib/python3.10/site-packages/dlt/destinations/impl/postgres/sql_client.py", line 111, in execute_query
    raise outer
  File "/home/airflow/.local/lib/python3.10/site-packages/dlt/destinations/impl/postgres/sql_client.py", line 103, in execute_query
    curr.execute(query, db_args)
psycopg2.errors.UniqueViolation: ERREUR:  la valeur d'une clé dupliquée rompt la contrainte unique « geolocation__dlt_id_key »
DETAIL:  La clé « (_dlt_id)=(cAn0YedfI86CAA) » existe déjà.


During handling of the above exception, another exception occurred:

Traceback (most recent call last):
  File "/home/airflow/.local/lib/python3.10/site-packages/dlt/common/destination/reference.py", line 432, in run_managed
    self.run()
  File "/home/airflow/.local/lib/python3.10/site-packages/dlt/destinations/insert_job_client.py", line 28, in run
    self._sql_client.execute_fragments(fragments)
  File "/home/airflow/.local/lib/python3.10/site-packages/dlt/destinations/impl/postgres/sql_client.py", line 118, in execute_fragments
    return self.execute_sql(composed, *args, **kwargs)
  File "/home/airflow/.local/lib/python3.10/site-packages/dlt/destinations/impl/postgres/sql_client.py", line 89, in execute_sql
    with self.execute_query(sql, *args, **kwargs) as curr:
  File "/usr/local/lib/python3.10/contextlib.py", line 135, in __enter__
    return next(self.gen)
  File "/home/airflow/.local/lib/python3.10/site-packages/dlt/destinations/sql_client.py", line 419, in _wrap_gen
    raise self._make_database_exception(ex)
dlt.destinations.exceptions.DatabaseTerminalException: ERREUR:  la valeur d'une clé dupliquée rompt la contrainte unique « geolocation__dlt_id_key »
DETAIL:  La clé « (_dlt_id)=(cAn0YedfI86CAA) » existe déjà.
[2026-04-06T10:24:56.567+0000] {logging_mixin.py:188} WARNING - 2026-04-06 10:24:56,564|[ERROR]|1845|138527968835264|dlt|reference.py|run_managed:437|Terminal exception in job geolocation.0aa896c0ac.insert_values in file /home/airflow/.dlt/pipelines/olist_bulk_loader/load/normalized/1775470205.1050751/started_jobs/geolocation.0aa896c0ac.0.insert_values
Traceback (most recent call last):
  File "/home/airflow/.local/lib/python3.10/site-packages/dlt/destinations/sql_client.py", line 417, in _wrap_gen
    return (yield from f(self, *args, **kwargs))
  File "/home/airflow/.local/lib/python3.10/site-packages/dlt/destinations/impl/postgres/sql_client.py", line 111, in execute_query
    raise outer
  File "/home/airflow/.local/lib/python3.10/site-packages/dlt/destinations/impl/postgres/sql_client.py", line 103, in execute_query
    curr.execute(query, db_args)
psycopg2.errors.UniqueViolation: ERREUR:  la valeur d'une clé dupliquée rompt la contrainte unique « geolocation__dlt_id_key »
DETAIL:  La clé « (_dlt_id)=(BPQv5Da9F8Je1w) » existe déjà.


During handling of the above exception, another exception occurred:

Traceback (most recent call last):
  File "/home/airflow/.local/lib/python3.10/site-packages/dlt/common/destination/reference.py", line 432, in run_managed
    self.run()
  File "/home/airflow/.local/lib/python3.10/site-packages/dlt/destinations/insert_job_client.py", line 28, in run
    self._sql_client.execute_fragments(fragments)
  File "/home/airflow/.local/lib/python3.10/site-packages/dlt/destinations/impl/postgres/sql_client.py", line 118, in execute_fragments
    return self.execute_sql(composed, *args, **kwargs)
  File "/home/airflow/.local/lib/python3.10/site-packages/dlt/destinations/impl/postgres/sql_client.py", line 89, in execute_sql
    with self.execute_query(sql, *args, **kwargs) as curr:
  File "/usr/local/lib/python3.10/contextlib.py", line 135, in __enter__
    return next(self.gen)
  File "/home/airflow/.local/lib/python3.10/site-packages/dlt/destinations/sql_client.py", line 419, in _wrap_gen
    raise self._make_database_exception(ex)
dlt.destinations.exceptions.DatabaseTerminalException: ERREUR:  la valeur d'une clé dupliquée rompt la contrainte unique « geolocation__dlt_id_key »
DETAIL:  La clé « (_dlt_id)=(BPQv5Da9F8Je1w) » existe déjà.
[2026-04-06T10:24:57.999+0000] {logging_mixin.py:188} INFO - ❌ ERREUR LORS DE L'INGESTION
[2026-04-06T10:24:58.143+0000] {logging_mixin.py:188} INFO - Traceback (most recent call last):
  File "/home/airflow/.local/lib/python3.10/site-packages/dlt/pipeline/pipeline.py", line 608, in load
    runner.run_pool(load_step.config, load_step)
  File "/home/airflow/.local/lib/python3.10/site-packages/dlt/common/runners/pool_runner.py", line 91, in run_pool
    while _run_func():
  File "/home/airflow/.local/lib/python3.10/site-packages/dlt/common/runners/pool_runner.py", line 84, in _run_func
    run_metrics = run_f.run(cast(TExecutor, pool))
  File "/home/airflow/.local/lib/python3.10/site-packages/dlt/load/load.py", line 639, in run
    self.load_single_package(load_id, schema)
  File "/home/airflow/.local/lib/python3.10/site-packages/dlt/load/load.py", line 592, in load_single_package
    running_jobs += self.start_new_jobs(load_id, schema, running_jobs)
  File "/home/airflow/.local/lib/python3.10/site-packages/dlt/load/load.py", line 267, in start_new_jobs
    self.load_storage.list_new_jobs(load_id),
  File "/home/airflow/.local/lib/python3.10/site-packages/dlt/common/storages/load_storage.py", line 98, in list_new_jobs
    new_jobs = self.normalized_packages.list_new_jobs(load_id)
  File "/home/airflow/.local/lib/python3.10/site-packages/dlt/common/storages/load_package.py", line 352, in list_new_jobs
    new_jobs = self.storage.list_folder_files(
  File "/home/airflow/.local/lib/python3.10/site-packages/dlt/common/storages/file_storage.py", line 142, in list_folder_files
    os.path.join(relative_path, e.name) for e in os.scandir(scan_path) if e.is_file()
FileNotFoundError: [Errno 2] No such file or directory: '/home/airflow/.dlt/pipelines/olist_bulk_loader/load/normalized/1775470205.1050751/new_jobs'

The above exception was the direct cause of the following exception:

Traceback (most recent call last):
  File "/opt/airflow/scripts/ingestion_data.py", line 78, in load_to_postgres
    load_info = pipeline.run(
  File "/home/airflow/.local/lib/python3.10/site-packages/dlt/pipeline/pipeline.py", line 226, in _wrap
    step_info = f(self, *args, **kwargs)
  File "/home/airflow/.local/lib/python3.10/site-packages/dlt/pipeline/pipeline.py", line 275, in _wrap
    return f(self, *args, **kwargs)
  File "/home/airflow/.local/lib/python3.10/site-packages/dlt/pipeline/pipeline.py", line 731, in run
    return self.load(destination, dataset_name, credentials=credentials)
  File "/home/airflow/.local/lib/python3.10/site-packages/dlt/pipeline/pipeline.py", line 226, in _wrap
    step_info = f(self, *args, **kwargs)
  File "/home/airflow/.local/lib/python3.10/site-packages/dlt/pipeline/pipeline.py", line 166, in _wrap
    return f(self, *args, **kwargs)
  File "/home/airflow/.local/lib/python3.10/site-packages/dlt/pipeline/pipeline.py", line 275, in _wrap
    return f(self, *args, **kwargs)
  File "/home/airflow/.local/lib/python3.10/site-packages/dlt/pipeline/pipeline.py", line 615, in load
    raise PipelineStepFailed(
dlt.pipeline.exceptions.PipelineStepFailed: Pipeline execution failed at stage load when processing package 1775470205.1050751 with exception:

<class 'FileNotFoundError'>
[Errno 2] No such file or directory: '/home/airflow/.dlt/pipelines/olist_bulk_loader/load/normalized/1775470205.1050751/new_jobs'
[2026-04-06T10:24:58.403+0000] {taskinstance.py:441} INFO - ::group::Post task execution logs
[2026-04-06T10:25:02.708+0000] {taskinstance.py:2905} ERROR - Task failed with exception
Traceback (most recent call last):
  File "/home/airflow/.local/lib/python3.10/site-packages/dlt/pipeline/pipeline.py", line 608, in load
    runner.run_pool(load_step.config, load_step)
  File "/home/airflow/.local/lib/python3.10/site-packages/dlt/common/runners/pool_runner.py", line 91, in run_pool
    while _run_func():
  File "/home/airflow/.local/lib/python3.10/site-packages/dlt/common/runners/pool_runner.py", line 84, in _run_func
    run_metrics = run_f.run(cast(TExecutor, pool))
  File "/home/airflow/.local/lib/python3.10/site-packages/dlt/load/load.py", line 639, in run
    self.load_single_package(load_id, schema)
  File "/home/airflow/.local/lib/python3.10/site-packages/dlt/load/load.py", line 592, in load_single_package
    running_jobs += self.start_new_jobs(load_id, schema, running_jobs)
  File "/home/airflow/.local/lib/python3.10/site-packages/dlt/load/load.py", line 267, in start_new_jobs
    self.load_storage.list_new_jobs(load_id),
  File "/home/airflow/.local/lib/python3.10/site-packages/dlt/common/storages/load_storage.py", line 98, in list_new_jobs
    new_jobs = self.normalized_packages.list_new_jobs(load_id)
  File "/home/airflow/.local/lib/python3.10/site-packages/dlt/common/storages/load_package.py", line 352, in list_new_jobs
    new_jobs = self.storage.list_folder_files(
  File "/home/airflow/.local/lib/python3.10/site-packages/dlt/common/storages/file_storage.py", line 142, in list_folder_files
    os.path.join(relative_path, e.name) for e in os.scandir(scan_path) if e.is_file()
FileNotFoundError: [Errno 2] No such file or directory: '/home/airflow/.dlt/pipelines/olist_bulk_loader/load/normalized/1775470205.1050751/new_jobs'

The above exception was the direct cause of the following exception:

Traceback (most recent call last):
  File "/home/airflow/.local/lib/python3.10/site-packages/airflow/models/taskinstance.py", line 465, in _execute_task
    result = _execute_callable(context=context, **execute_callable_kwargs)
  File "/home/airflow/.local/lib/python3.10/site-packages/airflow/models/taskinstance.py", line 432, in _execute_callable
    return execute_callable(context=context, **execute_callable_kwargs)
  File "/home/airflow/.local/lib/python3.10/site-packages/airflow/models/baseoperator.py", line 401, in wrapper
    return func(self, *args, **kwargs)
  File "/home/airflow/.local/lib/python3.10/site-packages/airflow/operators/python.py", line 235, in execute
    return_value = self.execute_callable()
  File "/home/airflow/.local/lib/python3.10/site-packages/airflow/operators/python.py", line 252, in execute_callable
    return self.python_callable(*self.op_args, **self.op_kwargs)
  File "/opt/airflow/scripts/ingestion_data.py", line 89, in load_to_postgres
    raise e
  File "/opt/airflow/scripts/ingestion_data.py", line 78, in load_to_postgres
    load_info = pipeline.run(
  File "/home/airflow/.local/lib/python3.10/site-packages/dlt/pipeline/pipeline.py", line 226, in _wrap
    step_info = f(self, *args, **kwargs)
  File "/home/airflow/.local/lib/python3.10/site-packages/dlt/pipeline/pipeline.py", line 275, in _wrap
    return f(self, *args, **kwargs)
  File "/home/airflow/.local/lib/python3.10/site-packages/dlt/pipeline/pipeline.py", line 731, in run
    return self.load(destination, dataset_name, credentials=credentials)
  File "/home/airflow/.local/lib/python3.10/site-packages/dlt/pipeline/pipeline.py", line 226, in _wrap
    step_info = f(self, *args, **kwargs)
  File "/home/airflow/.local/lib/python3.10/site-packages/dlt/pipeline/pipeline.py", line 166, in _wrap
    return f(self, *args, **kwargs)
  File "/home/airflow/.local/lib/python3.10/site-packages/dlt/pipeline/pipeline.py", line 275, in _wrap
    return f(self, *args, **kwargs)
  File "/home/airflow/.local/lib/python3.10/site-packages/dlt/pipeline/pipeline.py", line 615, in load
    raise PipelineStepFailed(
dlt.pipeline.exceptions.PipelineStepFailed: Pipeline execution failed at stage load when processing package 1775470205.1050751 with exception:

<class 'FileNotFoundError'>
[Errno 2] No such file or directory: '/home/airflow/.dlt/pipelines/olist_bulk_loader/load/normalized/1775470205.1050751/new_jobs'
[2026-04-06T10:25:09.222+0000] {taskinstance.py:1206} INFO - Marking task as FAILED. dag_id=pipeline, task_id=ingest_csv_to_bronze, run_id=manual__2026-04-06T10:20:48.131066+00:00, execution_date=20260406T102048, start_date=20260406T102103, end_date=20260406T102508
[2026-04-06T10:25:10.321+0000] {standard_task_runner.py:110} ERROR - Failed to execute job 69 for task ingest_csv_to_bronze (Pipeline execution failed at stage load when processing package 1775470205.1050751 with exception:

<class 'FileNotFoundError'>
[Errno 2] No such file or directory: '/home/airflow/.dlt/pipelines/olist_bulk_loader/load/normalized/1775470205.1050751/new_jobs'; 1845)
[2026-04-06T10:25:10.697+0000] {local_task_job_runner.py:243} INFO - Task exited with return code 1
[2026-04-06T10:25:11.958+0000] {taskinstance.py:3503} INFO - 0 downstream tasks scheduled from follow-on schedule check
[2026-04-06T10:25:12.200+0000] {local_task_job_runner.py:222} INFO - ::endgroup::
