[2026-04-06T10:10:21.940+0000] {local_task_job_runner.py:120} INFO - ::group::Pre task execution logs
[2026-04-06T10:10:22.072+0000] {taskinstance.py:2076} INFO - Dependencies all met for dep_context=non-requeueable deps ti=<TaskInstance: pipeline.dbt_gold manual__2026-04-06T09:31:02.921403+00:00 [queued]>
[2026-04-06T10:10:22.117+0000] {taskinstance.py:2076} INFO - Dependencies all met for dep_context=requeueable deps ti=<TaskInstance: pipeline.dbt_gold manual__2026-04-06T09:31:02.921403+00:00 [queued]>
[2026-04-06T10:10:22.118+0000] {taskinstance.py:2306} INFO - Starting attempt 3 of 3
[2026-04-06T10:10:22.173+0000] {taskinstance.py:2330} INFO - Executing <Task(BashOperator): dbt_gold> on 2026-04-06 09:31:02.921403+00:00
[2026-04-06T10:10:22.198+0000] {standard_task_runner.py:64} INFO - Started process 1679 to run task
[2026-04-06T10:10:22.209+0000] {standard_task_runner.py:90} INFO - Running: ['airflow', 'tasks', 'run', 'pipeline', 'dbt_gold', 'manual__2026-04-06T09:31:02.921403+00:00', '--job-id', '64', '--raw', '--subdir', 'DAGS_FOLDER/pipeline.py', '--cfg-path', '/tmp/tmppvvjv9_b']
[2026-04-06T10:10:22.217+0000] {standard_task_runner.py:91} INFO - Job 64: Subtask dbt_gold
[2026-04-06T10:10:22.891+0000] {task_command.py:426} INFO - Running <TaskInstance: pipeline.dbt_gold manual__2026-04-06T09:31:02.921403+00:00 [running]> on host 503d89ed3fcb
[2026-04-06T10:10:23.674+0000] {taskinstance.py:2648} INFO - Exporting env vars: AIRFLOW_CTX_DAG_OWNER='data_engineer' AIRFLOW_CTX_DAG_ID='pipeline' AIRFLOW_CTX_TASK_ID='dbt_gold' AIRFLOW_CTX_EXECUTION_DATE='2026-04-06T09:31:02.921403+00:00' AIRFLOW_CTX_TRY_NUMBER='3' AIRFLOW_CTX_DAG_RUN_ID='manual__2026-04-06T09:31:02.921403+00:00'
[2026-04-06T10:10:23.676+0000] {taskinstance.py:430} INFO - ::endgroup::
[2026-04-06T10:10:23.695+0000] {subprocess.py:63} INFO - Tmp dir root location: /tmp
[2026-04-06T10:10:23.703+0000] {subprocess.py:75} INFO - Running command: ['/usr/bin/bash', '-c', 'cd /opt/airflow/dbt_project/mon_analyse_olist && dbt run --select marts --profiles-dir .']
[2026-04-06T10:10:23.730+0000] {subprocess.py:86} INFO - Output:
[2026-04-06T10:10:30.903+0000] {subprocess.py:93} INFO - [0m10:10:30  Running with dbt=1.8.8
[2026-04-06T10:10:31.985+0000] {subprocess.py:93} INFO - [0m10:10:31  Registered adapter: postgres=1.9.1
[2026-04-06T10:10:34.542+0000] {subprocess.py:93} INFO - [0m10:10:34  Found 14 models, 9 sources, 426 macros
[2026-04-06T10:10:34.560+0000] {subprocess.py:93} INFO - [0m10:10:34
[2026-04-06T10:10:35.454+0000] {subprocess.py:93} INFO - [0m10:10:35  Concurrency: 4 threads (target='dev')
[2026-04-06T10:10:35.457+0000] {subprocess.py:93} INFO - [0m10:10:35
[2026-04-06T10:10:35.481+0000] {subprocess.py:93} INFO - [0m10:10:35  1 of 5 START sql table model gold.dim_customers ................................ [RUN]
[2026-04-06T10:10:35.483+0000] {subprocess.py:93} INFO - [0m10:10:35  2 of 5 START sql table model gold.dim_products ................................. [RUN]
[2026-04-06T10:10:35.487+0000] {subprocess.py:93} INFO - [0m10:10:35  3 of 5 START sql table model gold.fct_order_items .............................. [RUN]
[2026-04-06T10:10:35.491+0000] {subprocess.py:93} INFO - [0m10:10:35  4 of 5 START sql table model gold.fct_orders ................................... [RUN]
[2026-04-06T10:10:36.817+0000] {subprocess.py:93} INFO - [0m10:10:36  2 of 5 OK created sql table model gold.dim_products ............................ [[32mSELECT 32951[0m in 1.31s]
[2026-04-06T10:10:36.952+0000] {subprocess.py:93} INFO - [0m10:10:36  1 of 5 OK created sql table model gold.dim_customers ........................... [[32mSELECT 99441[0m in 1.45s]
[2026-04-06T10:10:38.713+0000] {subprocess.py:93} INFO - [0m10:10:38  3 of 5 OK created sql table model gold.fct_order_items ......................... [[32mSELECT 112650[0m in 3.21s]
[2026-04-06T10:10:41.340+0000] {subprocess.py:93} INFO - [0m10:10:41  4 of 5 OK created sql table model gold.fct_orders .............................. [[32mSELECT 99441[0m in 5.84s]
[2026-04-06T10:10:41.353+0000] {subprocess.py:93} INFO - [0m10:10:41  5 of 5 START sql table model gold.dim_customers_rfm ............................ [RUN]
[2026-04-06T10:10:45.640+0000] {subprocess.py:93} INFO - [0m10:10:45  5 of 5 OK created sql table model gold.dim_customers_rfm ....................... [[32mSELECT 96096[0m in 4.28s]
[2026-04-06T10:10:45.798+0000] {subprocess.py:93} INFO - [0m10:10:45
[2026-04-06T10:10:45.802+0000] {subprocess.py:93} INFO - [0m10:10:45  Finished running 5 table models in 0 hours 0 minutes and 11.23 seconds (11.23s).
[2026-04-06T10:10:45.943+0000] {subprocess.py:93} INFO - [0m10:10:45
[2026-04-06T10:10:45.946+0000] {subprocess.py:93} INFO - [0m10:10:45  [32mCompleted successfully[0m
[2026-04-06T10:10:45.948+0000] {subprocess.py:93} INFO - [0m10:10:45
[2026-04-06T10:10:45.951+0000] {subprocess.py:93} INFO - [0m10:10:45  Done. PASS=5 WARN=0 ERROR=0 SKIP=0 TOTAL=5
[2026-04-06T10:10:48.789+0000] {subprocess.py:97} INFO - Command exited with return code 0
[2026-04-06T10:10:48.792+0000] {taskinstance.py:441} INFO - ::group::Post task execution logs
[2026-04-06T10:10:48.996+0000] {taskinstance.py:1206} INFO - Marking task as SUCCESS. dag_id=pipeline, task_id=dbt_gold, run_id=manual__2026-04-06T09:31:02.921403+00:00, execution_date=20260406T093102, start_date=20260406T101022, end_date=20260406T101048
[2026-04-06T10:10:49.069+0000] {local_task_job_runner.py:243} INFO - Task exited with return code 0
[2026-04-06T10:10:49.297+0000] {taskinstance.py:3503} INFO - 1 downstream tasks scheduled from follow-on schedule check
[2026-04-06T10:10:49.300+0000] {local_task_job_runner.py:222} INFO - ::endgroup::
