[2026-04-06T10:00:59.724+0000] {local_task_job_runner.py:120} INFO - ::group::Pre task execution logs
[2026-04-06T10:00:59.909+0000] {taskinstance.py:2076} INFO - Dependencies all met for dep_context=non-requeueable deps ti=<TaskInstance: pipeline.dbt_gold manual__2026-04-06T09:31:02.921403+00:00 [queued]>
[2026-04-06T10:00:59.955+0000] {taskinstance.py:2076} INFO - Dependencies all met for dep_context=requeueable deps ti=<TaskInstance: pipeline.dbt_gold manual__2026-04-06T09:31:02.921403+00:00 [queued]>
[2026-04-06T10:00:59.958+0000] {taskinstance.py:2306} INFO - Starting attempt 1 of 1
[2026-04-06T10:00:59.997+0000] {taskinstance.py:2330} INFO - Executing <Task(BashOperator): dbt_gold> on 2026-04-06 09:31:02.921403+00:00
[2026-04-06T10:01:00.023+0000] {standard_task_runner.py:64} INFO - Started process 1374 to run task
[2026-04-06T10:01:00.035+0000] {standard_task_runner.py:90} INFO - Running: ['airflow', 'tasks', 'run', 'pipeline', 'dbt_gold', 'manual__2026-04-06T09:31:02.921403+00:00', '--job-id', '49', '--raw', '--subdir', 'DAGS_FOLDER/pipeline.py', '--cfg-path', '/tmp/tmpah07qy7b']
[2026-04-06T10:01:00.045+0000] {standard_task_runner.py:91} INFO - Job 49: Subtask dbt_gold
[2026-04-06T10:01:00.582+0000] {task_command.py:426} INFO - Running <TaskInstance: pipeline.dbt_gold manual__2026-04-06T09:31:02.921403+00:00 [running]> on host 503d89ed3fcb
[2026-04-06T10:01:01.082+0000] {taskinstance.py:2648} INFO - Exporting env vars: AIRFLOW_CTX_DAG_OWNER='data_engineer' AIRFLOW_CTX_DAG_ID='pipeline' AIRFLOW_CTX_TASK_ID='dbt_gold' AIRFLOW_CTX_EXECUTION_DATE='2026-04-06T09:31:02.921403+00:00' AIRFLOW_CTX_TRY_NUMBER='1' AIRFLOW_CTX_DAG_RUN_ID='manual__2026-04-06T09:31:02.921403+00:00'
[2026-04-06T10:01:01.085+0000] {taskinstance.py:430} INFO - ::endgroup::
[2026-04-06T10:01:01.112+0000] {subprocess.py:63} INFO - Tmp dir root location: /tmp
[2026-04-06T10:01:01.117+0000] {subprocess.py:75} INFO - Running command: ['/usr/bin/bash', '-c', 'cd /opt/airflow/dbt_project/mon_analyse_olist && dbt run --select marts --profiles-dir .']
[2026-04-06T10:01:01.154+0000] {subprocess.py:86} INFO - Output:
[2026-04-06T10:01:06.632+0000] {subprocess.py:93} INFO - [0m10:01:06  Running with dbt=1.8.8
[2026-04-06T10:01:07.598+0000] {subprocess.py:93} INFO - [0m10:01:07  Registered adapter: postgres=1.9.1
[2026-04-06T10:01:09.274+0000] {subprocess.py:93} INFO - [0m10:01:09  Found 14 models, 9 sources, 426 macros
[2026-04-06T10:01:09.292+0000] {subprocess.py:93} INFO - [0m10:01:09
[2026-04-06T10:01:10.423+0000] {subprocess.py:93} INFO - [0m10:01:10  Concurrency: 4 threads (target='dev')
[2026-04-06T10:01:10.438+0000] {subprocess.py:93} INFO - [0m10:01:10
[2026-04-06T10:01:10.507+0000] {subprocess.py:93} INFO - [0m10:01:10  1 of 5 START sql table model gold.dim_customers ................................ [RUN]
[2026-04-06T10:01:10.530+0000] {subprocess.py:93} INFO - [0m10:01:10  2 of 5 START sql table model gold.dim_products ................................. [RUN]
[2026-04-06T10:01:10.542+0000] {subprocess.py:93} INFO - [0m10:01:10  4 of 5 START sql table model gold.fct_orders ................................... [RUN]
[2026-04-06T10:01:10.547+0000] {subprocess.py:93} INFO - [0m10:01:10  3 of 5 START sql table model gold.fct_order_items .............................. [RUN]
[2026-04-06T10:01:11.249+0000] {subprocess.py:93} INFO - [0m10:01:11  2 of 5 ERROR creating sql table model gold.dim_products ........................ [[31mERROR[0m in 0.67s]
[2026-04-06T10:01:13.093+0000] {subprocess.py:93} INFO - [0m10:01:13  1 of 5 OK created sql table model gold.dim_customers ........................... [[32mSELECT 194441[0m in 2.53s]
[2026-04-06T10:01:18.694+0000] {subprocess.py:93} INFO - [0m10:01:18  3 of 5 OK created sql table model gold.fct_order_items ......................... [[32mSELECT 435368[0m in 8.12s]
[2026-04-06T10:01:22.123+0000] {subprocess.py:93} INFO - [0m10:01:22  4 of 5 OK created sql table model gold.fct_orders .............................. [[32mSELECT 194441[0m in 11.56s]
[2026-04-06T10:01:22.132+0000] {subprocess.py:93} INFO - [0m10:01:22  5 of 5 START sql table model gold.dim_customers_rfm ............................ [RUN]
[2026-04-06T10:01:26.996+0000] {subprocess.py:93} INFO - [0m10:01:26  5 of 5 OK created sql table model gold.dim_customers_rfm ....................... [[32mSELECT 96096[0m in 4.86s]
[2026-04-06T10:01:27.112+0000] {subprocess.py:93} INFO - [0m10:01:27
[2026-04-06T10:01:27.114+0000] {subprocess.py:93} INFO - [0m10:01:27  Finished running 5 table models in 0 hours 0 minutes and 17.81 seconds (17.81s).
[2026-04-06T10:01:27.253+0000] {subprocess.py:93} INFO - [0m10:01:27
[2026-04-06T10:01:27.255+0000] {subprocess.py:93} INFO - [0m10:01:27  [31mCompleted with 1 error and 0 warnings:[0m
[2026-04-06T10:01:27.257+0000] {subprocess.py:93} INFO - [0m10:01:27
[2026-04-06T10:01:27.259+0000] {subprocess.py:93} INFO - [0m10:01:27    Database Error in model dim_products (models/marts/dim_products.sql)
[2026-04-06T10:01:27.259+0000] {subprocess.py:93} INFO -   ERREUR:  la colonne t.category_name_portuguese n'existe pas
[2026-04-06T10:01:27.260+0000] {subprocess.py:93} INFO -   LINE 21:     ON p.category_name = t.category_name_portuguese
[2026-04-06T10:01:27.261+0000] {subprocess.py:93} INFO -                                     ^
[2026-04-06T10:01:27.262+0000] {subprocess.py:93} INFO -   compiled code at target/run/mon_analyse_olist/models/marts/dim_products.sql
[2026-04-06T10:01:27.262+0000] {subprocess.py:93} INFO - [0m10:01:27
[2026-04-06T10:01:27.263+0000] {subprocess.py:93} INFO - [0m10:01:27  Done. PASS=4 WARN=0 ERROR=1 SKIP=0 TOTAL=5
[2026-04-06T10:01:28.751+0000] {subprocess.py:97} INFO - Command exited with return code 1
[2026-04-06T10:01:28.753+0000] {taskinstance.py:441} INFO - ::group::Post task execution logs
[2026-04-06T10:01:28.837+0000] {taskinstance.py:2905} ERROR - Task failed with exception
Traceback (most recent call last):
  File "/home/airflow/.local/lib/python3.10/site-packages/airflow/models/taskinstance.py", line 465, in _execute_task
    result = _execute_callable(context=context, **execute_callable_kwargs)
  File "/home/airflow/.local/lib/python3.10/site-packages/airflow/models/taskinstance.py", line 432, in _execute_callable
    return execute_callable(context=context, **execute_callable_kwargs)
  File "/home/airflow/.local/lib/python3.10/site-packages/airflow/models/baseoperator.py", line 401, in wrapper
    return func(self, *args, **kwargs)
  File "/home/airflow/.local/lib/python3.10/site-packages/airflow/operators/bash.py", line 243, in execute
    raise AirflowException(
airflow.exceptions.AirflowException: Bash command failed. The command returned a non-zero exit code 1.
[2026-04-06T10:01:28.847+0000] {taskinstance.py:1206} INFO - Marking task as FAILED. dag_id=pipeline, task_id=dbt_gold, run_id=manual__2026-04-06T09:31:02.921403+00:00, execution_date=20260406T093102, start_date=20260406T100059, end_date=20260406T100128
[2026-04-06T10:01:28.898+0000] {standard_task_runner.py:110} ERROR - Failed to execute job 49 for task dbt_gold (Bash command failed. The command returned a non-zero exit code 1.; 1374)
[2026-04-06T10:01:28.949+0000] {local_task_job_runner.py:243} INFO - Task exited with return code 1
[2026-04-06T10:01:29.081+0000] {taskinstance.py:3503} INFO - 0 downstream tasks scheduled from follow-on schedule check
[2026-04-06T10:01:29.098+0000] {local_task_job_runner.py:222} INFO - ::endgroup::
