[2026-04-06T10:48:52.956+0000] {local_task_job_runner.py:120} INFO - ::group::Pre task execution logs
[2026-04-06T10:48:53.082+0000] {taskinstance.py:2076} INFO - Dependencies all met for dep_context=non-requeueable deps ti=<TaskInstance: pipeline.dbt_gold manual__2026-04-06T09:31:02.921403+00:00 [queued]>
[2026-04-06T10:48:53.103+0000] {taskinstance.py:2076} INFO - Dependencies all met for dep_context=requeueable deps ti=<TaskInstance: pipeline.dbt_gold manual__2026-04-06T09:31:02.921403+00:00 [queued]>
[2026-04-06T10:48:53.104+0000] {taskinstance.py:2306} INFO - Starting attempt 4 of 4
[2026-04-06T10:48:53.130+0000] {taskinstance.py:2330} INFO - Executing <Task(BashOperator): dbt_gold> on 2026-04-06 09:31:02.921403+00:00
[2026-04-06T10:48:53.143+0000] {standard_task_runner.py:64} INFO - Started process 2223 to run task
[2026-04-06T10:48:53.150+0000] {standard_task_runner.py:90} INFO - Running: ['airflow', 'tasks', 'run', 'pipeline', 'dbt_gold', 'manual__2026-04-06T09:31:02.921403+00:00', '--job-id', '79', '--raw', '--subdir', 'DAGS_FOLDER/pipeline.py', '--cfg-path', '/tmp/tmpinnx9c8g']
[2026-04-06T10:48:53.161+0000] {standard_task_runner.py:91} INFO - Job 79: Subtask dbt_gold
[2026-04-06T10:48:53.425+0000] {task_command.py:426} INFO - Running <TaskInstance: pipeline.dbt_gold manual__2026-04-06T09:31:02.921403+00:00 [running]> on host 503d89ed3fcb
[2026-04-06T10:48:53.979+0000] {taskinstance.py:2648} INFO - Exporting env vars: AIRFLOW_CTX_DAG_OWNER='data_engineer' AIRFLOW_CTX_DAG_ID='pipeline' AIRFLOW_CTX_TASK_ID='dbt_gold' AIRFLOW_CTX_EXECUTION_DATE='2026-04-06T09:31:02.921403+00:00' AIRFLOW_CTX_TRY_NUMBER='4' AIRFLOW_CTX_DAG_RUN_ID='manual__2026-04-06T09:31:02.921403+00:00'
[2026-04-06T10:48:53.981+0000] {taskinstance.py:430} INFO - ::endgroup::
[2026-04-06T10:48:53.998+0000] {subprocess.py:63} INFO - Tmp dir root location: /tmp
[2026-04-06T10:48:54.000+0000] {subprocess.py:75} INFO - Running command: ['/usr/bin/bash', '-c', 'cd /opt/airflow/dbt_project/mon_analyse_olist && dbt run --select marts --profiles-dir .']
[2026-04-06T10:48:54.043+0000] {subprocess.py:86} INFO - Output:
[2026-04-06T10:48:56.558+0000] {subprocess.py:93} INFO - [0m10:48:56  Running with dbt=1.8.8
[2026-04-06T10:48:56.975+0000] {subprocess.py:93} INFO - [0m10:48:56  Registered adapter: postgres=1.9.1
[2026-04-06T10:48:57.696+0000] {subprocess.py:93} INFO - [0m10:48:57  Found 14 models, 9 sources, 426 macros
[2026-04-06T10:48:57.702+0000] {subprocess.py:93} INFO - [0m10:48:57
[2026-04-06T10:48:58.406+0000] {subprocess.py:93} INFO - [0m10:48:58  Concurrency: 4 threads (target='dev')
[2026-04-06T10:48:58.407+0000] {subprocess.py:93} INFO - [0m10:48:58
[2026-04-06T10:48:58.438+0000] {subprocess.py:93} INFO - [0m10:48:58  1 of 5 START sql table model gold.dim_customers ................................ [RUN]
[2026-04-06T10:48:58.439+0000] {subprocess.py:93} INFO - [0m10:48:58  2 of 5 START sql table model gold.dim_products ................................. [RUN]
[2026-04-06T10:48:58.440+0000] {subprocess.py:93} INFO - [0m10:48:58  3 of 5 START sql table model gold.fct_order_items .............................. [RUN]
[2026-04-06T10:48:58.442+0000] {subprocess.py:93} INFO - [0m10:48:58  4 of 5 START sql table model gold.fct_orders ................................... [RUN]
[2026-04-06T10:48:59.308+0000] {subprocess.py:93} INFO - [0m10:48:59  2 of 5 OK created sql table model gold.dim_products ............................ [[32mSELECT 32951[0m in 0.86s]
[2026-04-06T10:48:59.404+0000] {subprocess.py:93} INFO - [0m10:48:59  1 of 5 OK created sql table model gold.dim_customers ........................... [[32mSELECT 99441[0m in 0.96s]
[2026-04-06T10:49:00.584+0000] {subprocess.py:93} INFO - [0m10:49:00  3 of 5 OK created sql table model gold.fct_order_items ......................... [[32mSELECT 112650[0m in 2.14s]
[2026-04-06T10:49:02.497+0000] {subprocess.py:93} INFO - [0m10:49:02  4 of 5 OK created sql table model gold.fct_orders .............................. [[32mSELECT 99441[0m in 4.05s]
[2026-04-06T10:49:02.503+0000] {subprocess.py:93} INFO - [0m10:49:02  5 of 5 START sql table model gold.dim_customers_rfm ............................ [RUN]
[2026-04-06T10:49:05.148+0000] {subprocess.py:93} INFO - [0m10:49:05  5 of 5 OK created sql table model gold.dim_customers_rfm ....................... [[32mSELECT 96096[0m in 2.64s]
[2026-04-06T10:49:05.236+0000] {subprocess.py:93} INFO - [0m10:49:05
[2026-04-06T10:49:05.237+0000] {subprocess.py:93} INFO - [0m10:49:05  Finished running 5 table models in 0 hours 0 minutes and 7.53 seconds (7.53s).
[2026-04-06T10:49:05.324+0000] {subprocess.py:93} INFO - [0m10:49:05
[2026-04-06T10:49:05.327+0000] {subprocess.py:93} INFO - [0m10:49:05  [32mCompleted successfully[0m
[2026-04-06T10:49:05.329+0000] {subprocess.py:93} INFO - [0m10:49:05
[2026-04-06T10:49:05.334+0000] {subprocess.py:93} INFO - [0m10:49:05  Done. PASS=5 WARN=0 ERROR=0 SKIP=0 TOTAL=5
[2026-04-06T10:49:07.322+0000] {subprocess.py:97} INFO - Command exited with return code 0
[2026-04-06T10:49:07.323+0000] {taskinstance.py:441} INFO - ::group::Post task execution logs
[2026-04-06T10:49:07.480+0000] {taskinstance.py:1206} INFO - Marking task as SUCCESS. dag_id=pipeline, task_id=dbt_gold, run_id=manual__2026-04-06T09:31:02.921403+00:00, execution_date=20260406T093102, start_date=20260406T104853, end_date=20260406T104907
[2026-04-06T10:49:07.571+0000] {local_task_job_runner.py:243} INFO - Task exited with return code 0
[2026-04-06T10:49:07.767+0000] {taskinstance.py:3503} INFO - 1 downstream tasks scheduled from follow-on schedule check
[2026-04-06T10:49:07.769+0000] {local_task_job_runner.py:222} INFO - ::endgroup::
