[2026-04-06T10:08:54.910+0000] {local_task_job_runner.py:120} INFO - ::group::Pre task execution logs
[2026-04-06T10:08:55.020+0000] {taskinstance.py:2076} INFO - Dependencies all met for dep_context=non-requeueable deps ti=<TaskInstance: pipeline.dbt_gold manual__2026-04-06T09:31:02.921403+00:00 [queued]>
[2026-04-06T10:08:55.038+0000] {taskinstance.py:2076} INFO - Dependencies all met for dep_context=requeueable deps ti=<TaskInstance: pipeline.dbt_gold manual__2026-04-06T09:31:02.921403+00:00 [queued]>
[2026-04-06T10:08:55.038+0000] {taskinstance.py:2306} INFO - Starting attempt 2 of 2
[2026-04-06T10:08:55.060+0000] {taskinstance.py:2330} INFO - Executing <Task(BashOperator): dbt_gold> on 2026-04-06 09:31:02.921403+00:00
[2026-04-06T10:08:55.081+0000] {standard_task_runner.py:64} INFO - Started process 1579 to run task
[2026-04-06T10:08:55.089+0000] {standard_task_runner.py:90} INFO - Running: ['airflow', 'tasks', 'run', 'pipeline', 'dbt_gold', 'manual__2026-04-06T09:31:02.921403+00:00', '--job-id', '55', '--raw', '--subdir', 'DAGS_FOLDER/pipeline.py', '--cfg-path', '/tmp/tmphwrf08so']
[2026-04-06T10:08:55.097+0000] {standard_task_runner.py:91} INFO - Job 55: Subtask dbt_gold
[2026-04-06T10:08:55.536+0000] {task_command.py:426} INFO - Running <TaskInstance: pipeline.dbt_gold manual__2026-04-06T09:31:02.921403+00:00 [running]> on host 503d89ed3fcb
[2026-04-06T10:08:55.893+0000] {taskinstance.py:2648} INFO - Exporting env vars: AIRFLOW_CTX_DAG_OWNER='data_engineer' AIRFLOW_CTX_DAG_ID='pipeline' AIRFLOW_CTX_TASK_ID='dbt_gold' AIRFLOW_CTX_EXECUTION_DATE='2026-04-06T09:31:02.921403+00:00' AIRFLOW_CTX_TRY_NUMBER='2' AIRFLOW_CTX_DAG_RUN_ID='manual__2026-04-06T09:31:02.921403+00:00'
[2026-04-06T10:08:55.896+0000] {taskinstance.py:430} INFO - ::endgroup::
[2026-04-06T10:08:55.913+0000] {subprocess.py:63} INFO - Tmp dir root location: /tmp
[2026-04-06T10:08:55.915+0000] {subprocess.py:75} INFO - Running command: ['/usr/bin/bash', '-c', 'cd /opt/airflow/dbt_project/mon_analyse_olist && dbt run --select marts --profiles-dir .']
[2026-04-06T10:08:55.940+0000] {subprocess.py:86} INFO - Output:
[2026-04-06T10:08:59.039+0000] {subprocess.py:93} INFO - [0m10:08:59  Running with dbt=1.8.8
[2026-04-06T10:08:59.568+0000] {subprocess.py:93} INFO - [0m10:08:59  Registered adapter: postgres=1.9.1
[2026-04-06T10:09:00.558+0000] {subprocess.py:93} INFO - [0m10:09:00  Found 14 models, 9 sources, 426 macros
[2026-04-06T10:09:00.565+0000] {subprocess.py:93} INFO - [0m10:09:00
[2026-04-06T10:09:01.000+0000] {subprocess.py:93} INFO - [0m10:09:01  Concurrency: 4 threads (target='dev')
[2026-04-06T10:09:01.005+0000] {subprocess.py:93} INFO - [0m10:09:01
[2026-04-06T10:09:01.031+0000] {subprocess.py:93} INFO - [0m10:09:01  1 of 5 START sql table model gold.dim_customers ................................ [RUN]
[2026-04-06T10:09:01.033+0000] {subprocess.py:93} INFO - [0m10:09:01  2 of 5 START sql table model gold.dim_products ................................. [RUN]
[2026-04-06T10:09:01.035+0000] {subprocess.py:93} INFO - [0m10:09:01  3 of 5 START sql table model gold.fct_order_items .............................. [RUN]
[2026-04-06T10:09:01.037+0000] {subprocess.py:93} INFO - [0m10:09:01  4 of 5 START sql table model gold.fct_orders ................................... [RUN]
[2026-04-06T10:09:01.885+0000] {subprocess.py:93} INFO - [0m10:09:01  2 of 5 OK created sql table model gold.dim_products ............................ [[32mSELECT 32951[0m in 0.84s]
[2026-04-06T10:09:02.045+0000] {subprocess.py:93} INFO - [0m10:09:02  1 of 5 OK created sql table model gold.dim_customers ........................... [[32mSELECT 99441[0m in 1.00s]
[2026-04-06T10:09:03.609+0000] {subprocess.py:93} INFO - [0m10:09:03  3 of 5 OK created sql table model gold.fct_order_items ......................... [[32mSELECT 112650[0m in 2.56s]
[2026-04-06T10:09:05.691+0000] {subprocess.py:93} INFO - [0m10:09:05  4 of 5 OK created sql table model gold.fct_orders .............................. [[32mSELECT 99441[0m in 4.64s]
[2026-04-06T10:09:05.702+0000] {subprocess.py:93} INFO - [0m10:09:05  5 of 5 START sql table model gold.dim_customers_rfm ............................ [RUN]
[2026-04-06T10:09:08.743+0000] {subprocess.py:93} INFO - [0m10:09:08  5 of 5 OK created sql table model gold.dim_customers_rfm ....................... [[32mSELECT 96096[0m in 3.04s]
[2026-04-06T10:09:08.844+0000] {subprocess.py:93} INFO - [0m10:09:08
[2026-04-06T10:09:08.846+0000] {subprocess.py:93} INFO - [0m10:09:08  Finished running 5 table models in 0 hours 0 minutes and 8.28 seconds (8.28s).
[2026-04-06T10:09:08.960+0000] {subprocess.py:93} INFO - [0m10:09:08
[2026-04-06T10:09:08.963+0000] {subprocess.py:93} INFO - [0m10:09:08  [32mCompleted successfully[0m
[2026-04-06T10:09:08.965+0000] {subprocess.py:93} INFO - [0m10:09:08
[2026-04-06T10:09:08.967+0000] {subprocess.py:93} INFO - [0m10:09:08  Done. PASS=5 WARN=0 ERROR=0 SKIP=0 TOTAL=5
[2026-04-06T10:09:10.412+0000] {subprocess.py:97} INFO - Command exited with return code 0
[2026-04-06T10:09:10.414+0000] {taskinstance.py:441} INFO - ::group::Post task execution logs
[2026-04-06T10:09:10.715+0000] {taskinstance.py:1206} INFO - Marking task as SUCCESS. dag_id=pipeline, task_id=dbt_gold, run_id=manual__2026-04-06T09:31:02.921403+00:00, execution_date=20260406T093102, start_date=20260406T100855, end_date=20260406T100910
[2026-04-06T10:09:10.782+0000] {local_task_job_runner.py:313} WARNING - State of this instance has been externally set to success. Terminating instance.
[2026-04-06T10:09:10.790+0000] {local_task_job_runner.py:222} INFO - ::endgroup::
