[2026-04-06T14:19:16.086+0000] {local_task_job_runner.py:120} INFO - ::group::Pre task execution logs
[2026-04-06T14:19:16.197+0000] {taskinstance.py:2076} INFO - Dependencies all met for dep_context=non-requeueable deps ti=<TaskInstance: pipeline.dbt_silver manual__2026-04-06T14:18:54.080981+00:00 [queued]>
[2026-04-06T14:19:16.218+0000] {taskinstance.py:2076} INFO - Dependencies all met for dep_context=requeueable deps ti=<TaskInstance: pipeline.dbt_silver manual__2026-04-06T14:18:54.080981+00:00 [queued]>
[2026-04-06T14:19:16.219+0000] {taskinstance.py:2306} INFO - Starting attempt 1 of 1
[2026-04-06T14:19:16.246+0000] {taskinstance.py:2330} INFO - Executing <Task(BashOperator): dbt_silver> on 2026-04-06 14:18:54.080981+00:00
[2026-04-06T14:19:16.259+0000] {standard_task_runner.py:64} INFO - Started process 273 to run task
[2026-04-06T14:19:16.272+0000] {standard_task_runner.py:90} INFO - Running: ['airflow', 'tasks', 'run', 'pipeline', 'dbt_silver', 'manual__2026-04-06T14:18:54.080981+00:00', '--job-id', '127', '--raw', '--subdir', 'DAGS_FOLDER/pipeline.py', '--cfg-path', '/tmp/tmpw6qyhtvv']
[2026-04-06T14:19:16.284+0000] {standard_task_runner.py:91} INFO - Job 127: Subtask dbt_silver
[2026-04-06T14:19:16.692+0000] {task_command.py:426} INFO - Running <TaskInstance: pipeline.dbt_silver manual__2026-04-06T14:18:54.080981+00:00 [running]> on host 7b6c21d2cd2f
[2026-04-06T14:19:17.041+0000] {taskinstance.py:2648} INFO - Exporting env vars: AIRFLOW_CTX_DAG_OWNER='data_engineer' AIRFLOW_CTX_DAG_ID='pipeline' AIRFLOW_CTX_TASK_ID='dbt_silver' AIRFLOW_CTX_EXECUTION_DATE='2026-04-06T14:18:54.080981+00:00' AIRFLOW_CTX_TRY_NUMBER='1' AIRFLOW_CTX_DAG_RUN_ID='manual__2026-04-06T14:18:54.080981+00:00'
[2026-04-06T14:19:17.044+0000] {taskinstance.py:430} INFO - ::endgroup::
[2026-04-06T14:19:17.060+0000] {subprocess.py:63} INFO - Tmp dir root location: /tmp
[2026-04-06T14:19:17.063+0000] {subprocess.py:75} INFO - Running command: ['/usr/bin/bash', '-c', 'cd /opt/airflow/dbt_project/mon_analyse_olist && dbt run --select silver --profiles-dir .']
[2026-04-06T14:19:17.081+0000] {subprocess.py:86} INFO - Output:
[2026-04-06T14:19:20.639+0000] {subprocess.py:93} INFO - [0m14:19:20  Running with dbt=1.8.8
[2026-04-06T14:19:21.284+0000] {subprocess.py:93} INFO - [0m14:19:21  Registered adapter: postgres=1.9.1
[2026-04-06T14:19:23.041+0000] {subprocess.py:93} INFO - [0m14:19:23  Found 14 models, 11 data tests, 9 sources, 426 macros
[2026-04-06T14:19:23.051+0000] {subprocess.py:93} INFO - [0m14:19:23
[2026-04-06T14:19:23.808+0000] {subprocess.py:93} INFO - [0m14:19:23  Concurrency: 4 threads (target='dev')
[2026-04-06T14:19:23.811+0000] {subprocess.py:93} INFO - [0m14:19:23
[2026-04-06T14:19:23.839+0000] {subprocess.py:93} INFO - [0m14:19:23  1 of 9 START sql view model silver.stg_category_translation .................... [RUN]
[2026-04-06T14:19:23.841+0000] {subprocess.py:93} INFO - [0m14:19:23  2 of 9 START sql view model silver.stg_customers ............................... [RUN]
[2026-04-06T14:19:23.843+0000] {subprocess.py:93} INFO - [0m14:19:23  3 of 9 START sql view model silver.stg_geolocation ............................. [RUN]
[2026-04-06T14:19:23.846+0000] {subprocess.py:93} INFO - [0m14:19:23  4 of 9 START sql view model silver.stg_order_items ............................. [RUN]
[2026-04-06T14:19:24.764+0000] {subprocess.py:93} INFO - [0m14:19:24  2 of 9 OK created sql view model silver.stg_customers .......................... [[32mCREATE VIEW[0m in 0.89s]
[2026-04-06T14:19:24.777+0000] {subprocess.py:93} INFO - [0m14:19:24  4 of 9 OK created sql view model silver.stg_order_items ........................ [[32mCREATE VIEW[0m in 0.91s]
[2026-04-06T14:19:24.785+0000] {subprocess.py:93} INFO - [0m14:19:24  1 of 9 OK created sql view model silver.stg_category_translation ............... [[32mCREATE VIEW[0m in 0.92s]
[2026-04-06T14:19:24.798+0000] {subprocess.py:93} INFO - [0m14:19:24  5 of 9 START sql view model silver.stg_order_payments .......................... [RUN]
[2026-04-06T14:19:24.803+0000] {subprocess.py:93} INFO - [0m14:19:24  3 of 9 OK created sql view model silver.stg_geolocation ........................ [[32mCREATE VIEW[0m in 0.94s]
[2026-04-06T14:19:24.810+0000] {subprocess.py:93} INFO - [0m14:19:24  6 of 9 START sql view model silver.stg_order_reviews ........................... [RUN]
[2026-04-06T14:19:24.816+0000] {subprocess.py:93} INFO - [0m14:19:24  7 of 9 START sql view model silver.stg_orders .................................. [RUN]
[2026-04-06T14:19:24.836+0000] {subprocess.py:93} INFO - [0m14:19:24  8 of 9 START sql view model silver.stg_products ................................ [RUN]
[2026-04-06T14:19:25.385+0000] {subprocess.py:93} INFO - [0m14:19:25  6 of 9 OK created sql view model silver.stg_order_reviews ...................... [[32mCREATE VIEW[0m in 0.55s]
[2026-04-06T14:19:25.390+0000] {subprocess.py:93} INFO - [0m14:19:25  5 of 9 OK created sql view model silver.stg_order_payments ..................... [[32mCREATE VIEW[0m in 0.56s]
[2026-04-06T14:19:25.427+0000] {subprocess.py:93} INFO - [0m14:19:25  9 of 9 START sql view model silver.stg_sellers ................................. [RUN]
[2026-04-06T14:19:25.431+0000] {subprocess.py:93} INFO - [0m14:19:25  7 of 9 OK created sql view model silver.stg_orders ............................. [[32mCREATE VIEW[0m in 0.59s]
[2026-04-06T14:19:25.437+0000] {subprocess.py:93} INFO - [0m14:19:25  8 of 9 OK created sql view model silver.stg_products ........................... [[32mCREATE VIEW[0m in 0.57s]
[2026-04-06T14:19:25.672+0000] {subprocess.py:93} INFO - [0m14:19:25  9 of 9 OK created sql view model silver.stg_sellers ............................ [[32mCREATE VIEW[0m in 0.22s]
[2026-04-06T14:19:25.789+0000] {subprocess.py:93} INFO - [0m14:19:25
[2026-04-06T14:19:25.791+0000] {subprocess.py:93} INFO - [0m14:19:25  Finished running 9 view models in 0 hours 0 minutes and 2.74 seconds (2.74s).
[2026-04-06T14:19:25.949+0000] {subprocess.py:93} INFO - [0m14:19:25
[2026-04-06T14:19:25.951+0000] {subprocess.py:93} INFO - [0m14:19:25  [32mCompleted successfully[0m
[2026-04-06T14:19:25.956+0000] {subprocess.py:93} INFO - [0m14:19:25
[2026-04-06T14:19:25.965+0000] {subprocess.py:93} INFO - [0m14:19:25  Done. PASS=9 WARN=0 ERROR=0 SKIP=0 TOTAL=9
[2026-04-06T14:19:26.714+0000] {local_task_job_runner.py:313} WARNING - State of this instance has been externally set to success. Terminating instance.
[2026-04-06T14:19:26.729+0000] {local_task_job_runner.py:222} INFO - ::endgroup::
[2026-04-06T14:19:26.738+0000] {process_utils.py:132} INFO - Sending 15 to group 273. PIDs of all processes in the group: [274, 278, 273]
[2026-04-06T14:19:26.742+0000] {process_utils.py:87} INFO - Sending the signal 15 to group 273
[2026-04-06T14:19:26.746+0000] {taskinstance.py:2611} ERROR - Received SIGTERM. Terminating subprocesses.
[2026-04-06T14:19:26.747+0000] {subprocess.py:104} INFO - Sending SIGTERM signal to process group
[2026-04-06T14:19:26.749+0000] {taskinstance.py:441} INFO - ::group::Post task execution logs
[2026-04-06T14:19:26.879+0000] {process_utils.py:80} INFO - Process psutil.Process(pid=274, status='terminated', started='14:19:16') (274) terminated with exit code None
[2026-04-06T14:19:26.880+0000] {process_utils.py:80} INFO - Process psutil.Process(pid=278, status='terminated', started='14:19:20') (278) terminated with exit code None
[2026-04-06T14:19:26.881+0000] {process_utils.py:80} INFO - Process psutil.Process(pid=273, status='terminated', exitcode=0, started='14:19:15') (273) terminated with exit code 0
