[2026-04-06T10:35:53.665+0000] {local_task_job_runner.py:120} INFO - ::group::Pre task execution logs
[2026-04-06T10:35:53.796+0000] {taskinstance.py:2076} INFO - Dependencies all met for dep_context=non-requeueable deps ti=<TaskInstance: pipeline.ingest_csv_to_bronze manual__2026-04-06T10:35:41.476757+00:00 [queued]>
[2026-04-06T10:35:53.820+0000] {taskinstance.py:2076} INFO - Dependencies all met for dep_context=requeueable deps ti=<TaskInstance: pipeline.ingest_csv_to_bronze manual__2026-04-06T10:35:41.476757+00:00 [queued]>
[2026-04-06T10:35:53.821+0000] {taskinstance.py:2306} INFO - Starting attempt 1 of 1
[2026-04-06T10:35:53.875+0000] {taskinstance.py:2330} INFO - Executing <Task(PythonOperator): ingest_csv_to_bronze> on 2026-04-06 10:35:41.476757+00:00
[2026-04-06T10:35:53.934+0000] {standard_task_runner.py:64} INFO - Started process 2031 to run task
[2026-04-06T10:35:54.038+0000] {standard_task_runner.py:90} INFO - Running: ['airflow', 'tasks', 'run', 'pipeline', 'ingest_csv_to_bronze', 'manual__2026-04-06T10:35:41.476757+00:00', '--job-id', '74', '--raw', '--subdir', 'DAGS_FOLDER/pipeline.py', '--cfg-path', '/tmp/tmpflslb5bu']
[2026-04-06T10:35:54.193+0000] {standard_task_runner.py:91} INFO - Job 74: Subtask ingest_csv_to_bronze
[2026-04-06T10:35:55.181+0000] {task_command.py:426} INFO - Running <TaskInstance: pipeline.ingest_csv_to_bronze manual__2026-04-06T10:35:41.476757+00:00 [running]> on host 503d89ed3fcb
[2026-04-06T10:35:56.529+0000] {taskinstance.py:2648} INFO - Exporting env vars: AIRFLOW_CTX_DAG_OWNER='data_engineer' AIRFLOW_CTX_DAG_ID='pipeline' AIRFLOW_CTX_TASK_ID='ingest_csv_to_bronze' AIRFLOW_CTX_EXECUTION_DATE='2026-04-06T10:35:41.476757+00:00' AIRFLOW_CTX_TRY_NUMBER='1' AIRFLOW_CTX_DAG_RUN_ID='manual__2026-04-06T10:35:41.476757+00:00'
[2026-04-06T10:35:56.551+0000] {taskinstance.py:430} INFO - ::endgroup::
[2026-04-06T10:35:56.664+0000] {logging_mixin.py:188} INFO - 🚀 Lancement DLT : Injection groupée vers 'Olist'
[2026-04-06T10:35:56.665+0000] {logging_mixin.py:188} INFO - 🧹 Suppression de l'état local DLT : /home/airflow/.dlt/pipelines/olist_bulk_loader
[2026-04-06T10:35:57.779+0000] {config_providers_context.py:146} WARNING - Airflow variable 'dlt_secrets_toml' was not found. This Airflow variable is a recommended place to hold the content of secrets.toml.If you do not use Airflow variables to hold dlt configuration or use variables with other names you can ignore this warning.
[2026-04-06T10:36:10.015+0000] {logging_mixin.py:188} INFO - 📦 Préparation de la ressource : customers
[2026-04-06T10:36:10.021+0000] {logging_mixin.py:188} INFO - 📦 Préparation de la ressource : geolocation
[2026-04-06T10:36:10.023+0000] {logging_mixin.py:188} INFO - 📦 Préparation de la ressource : orders
[2026-04-06T10:36:10.025+0000] {logging_mixin.py:188} INFO - 📦 Préparation de la ressource : order_items
[2026-04-06T10:36:10.026+0000] {logging_mixin.py:188} INFO - 📦 Préparation de la ressource : order_payments
[2026-04-06T10:36:10.028+0000] {logging_mixin.py:188} INFO - 📦 Préparation de la ressource : order_reviews
[2026-04-06T10:36:10.030+0000] {logging_mixin.py:188} INFO - 📦 Préparation de la ressource : products
[2026-04-06T10:36:10.034+0000] {logging_mixin.py:188} INFO - 📦 Préparation de la ressource : sellers
[2026-04-06T10:36:10.037+0000] {logging_mixin.py:188} INFO - 📦 Préparation de la ressource : product_category_translation
[2026-04-06T10:36:10.039+0000] {logging_mixin.py:188} INFO - ⚡ Envoi de 9 tables en une seule session...
[2026-04-06T10:37:55.806+0000] {logging_mixin.py:188} INFO - ❌ ERREUR LORS DE L'INGESTION
[2026-04-06T10:37:55.817+0000] {logging_mixin.py:188} INFO - Traceback (most recent call last):
  File "/home/airflow/.local/lib/python3.10/site-packages/dlt/pipeline/pipeline.py", line 471, in extract
    self._extract_source(
  File "/home/airflow/.local/lib/python3.10/site-packages/dlt/pipeline/pipeline.py", line 1239, in _extract_source
    load_id = extract.extract(
  File "/home/airflow/.local/lib/python3.10/site-packages/dlt/extract/extract.py", line 421, in extract
    self._extract_single_source(
  File "/home/airflow/.local/lib/python3.10/site-packages/dlt/extract/extract.py", line 335, in _extract_single_source
    with self.manage_writers(load_id, source):
  File "/usr/local/lib/python3.10/contextlib.py", line 142, in __exit__
    next(self.gen)
  File "/home/airflow/.local/lib/python3.10/site-packages/dlt/extract/extract.py", line 373, in manage_writers
    self.extract_storage.close_writers(load_id)
  File "/home/airflow/.local/lib/python3.10/site-packages/dlt/extract/storage.py", line 78, in close_writers
    storage.close_writers(load_id, skip_flush=skip_flush)
  File "/home/airflow/.local/lib/python3.10/site-packages/dlt/common/storages/data_item_storage.py", line 85, in close_writers
    writer.close(skip_flush=skip_flush)
  File "/home/airflow/.local/lib/python3.10/site-packages/dlt/common/data_writers/buffered.py", line 176, in close
    self._flush_and_close_file(skip_flush=skip_flush)
  File "/home/airflow/.local/lib/python3.10/site-packages/dlt/common/data_writers/buffered.py", line 260, in _flush_and_close_file
    self._flush_items(allow_empty_file)
  File "/home/airflow/.local/lib/python3.10/site-packages/dlt/common/data_writers/buffered.py", line 243, in _flush_items
    self._file = self.open(self._file_name, "wb")  # type: ignore
  File "/usr/local/lib/python3.10/gzip.py", line 58, in open
    binary_file = GzipFile(filename, gz_mode, compresslevel)
  File "/usr/local/lib/python3.10/gzip.py", line 174, in __init__
    fileobj = self.myfileobj = builtins.open(filename, mode or 'rb')
FileNotFoundError: [Errno 2] No such file or directory: '/home/airflow/.dlt/pipelines/olist_bulk_loader/normalize/fc85664cf6282424/1775471781.2866263/new_jobs/sellers.ab516ef8dd.0.typed-jsonl'

During handling of the above exception, another exception occurred:

Traceback (most recent call last):
  File "/home/airflow/.local/lib/python3.10/site-packages/dlt/extract/storage.py", line 106, in get_load_package_info
    return self.new_packages.get_load_package_info(load_id)
  File "/home/airflow/.local/lib/python3.10/site-packages/dlt/common/storages/load_package.py", line 599, in get_load_package_info
    package_jobs = self.get_load_package_jobs(load_id)
  File "/home/airflow/.local/lib/python3.10/site-packages/dlt/common/storages/load_package.py", line 578, in get_load_package_jobs
    raise LoadPackageNotFound(load_id)
dlt.common.storages.exceptions.LoadPackageNotFound: Package with load id 1775471781.2866263 could not be found

During handling of the above exception, another exception occurred:

Traceback (most recent call last):
  File "/opt/airflow/scripts/ingestion_data.py", line 82, in load_to_postgres
    load_info = pipeline.run(
  File "/home/airflow/.local/lib/python3.10/site-packages/dlt/pipeline/pipeline.py", line 226, in _wrap
    step_info = f(self, *args, **kwargs)
  File "/home/airflow/.local/lib/python3.10/site-packages/dlt/pipeline/pipeline.py", line 275, in _wrap
    return f(self, *args, **kwargs)
  File "/home/airflow/.local/lib/python3.10/site-packages/dlt/pipeline/pipeline.py", line 735, in run
    self.extract(
  File "/home/airflow/.local/lib/python3.10/site-packages/dlt/pipeline/pipeline.py", line 226, in _wrap
    step_info = f(self, *args, **kwargs)
  File "/home/airflow/.local/lib/python3.10/site-packages/dlt/pipeline/pipeline.py", line 180, in _wrap
    rv = f(self, *args, **kwargs)
  File "/home/airflow/.local/lib/python3.10/site-packages/dlt/pipeline/pipeline.py", line 166, in _wrap
    return f(self, *args, **kwargs)
  File "/home/airflow/.local/lib/python3.10/site-packages/dlt/pipeline/pipeline.py", line 275, in _wrap
    return f(self, *args, **kwargs)
  File "/home/airflow/.local/lib/python3.10/site-packages/dlt/pipeline/pipeline.py", line 490, in extract
    step_info = self._get_step_info(extract_step)
  File "/home/airflow/.local/lib/python3.10/site-packages/dlt/pipeline/pipeline.py", line 1497, in _get_step_info
    return step.get_step_info(self)
  File "/home/airflow/.local/lib/python3.10/site-packages/dlt/extract/extract.py", line 445, in get_step_info
    load_package = self.extract_storage.get_load_package_info(load_id)
  File "/home/airflow/.local/lib/python3.10/site-packages/dlt/extract/storage.py", line 108, in get_load_package_info
    return self.extracted_packages.get_load_package_info(load_id)
  File "/home/airflow/.local/lib/python3.10/site-packages/dlt/common/storages/load_package.py", line 599, in get_load_package_info
    package_jobs = self.get_load_package_jobs(load_id)
  File "/home/airflow/.local/lib/python3.10/site-packages/dlt/common/storages/load_package.py", line 578, in get_load_package_jobs
    raise LoadPackageNotFound(load_id)
dlt.common.storages.exceptions.LoadPackageNotFound: Package with load id 1775471781.2866263 could not be found
[2026-04-06T10:37:55.818+0000] {taskinstance.py:441} INFO - ::group::Post task execution logs
[2026-04-06T10:37:55.819+0000] {taskinstance.py:2905} ERROR - Task failed with exception
Traceback (most recent call last):
  File "/home/airflow/.local/lib/python3.10/site-packages/dlt/pipeline/pipeline.py", line 471, in extract
    self._extract_source(
  File "/home/airflow/.local/lib/python3.10/site-packages/dlt/pipeline/pipeline.py", line 1239, in _extract_source
    load_id = extract.extract(
  File "/home/airflow/.local/lib/python3.10/site-packages/dlt/extract/extract.py", line 421, in extract
    self._extract_single_source(
  File "/home/airflow/.local/lib/python3.10/site-packages/dlt/extract/extract.py", line 335, in _extract_single_source
    with self.manage_writers(load_id, source):
  File "/usr/local/lib/python3.10/contextlib.py", line 142, in __exit__
    next(self.gen)
  File "/home/airflow/.local/lib/python3.10/site-packages/dlt/extract/extract.py", line 373, in manage_writers
    self.extract_storage.close_writers(load_id)
  File "/home/airflow/.local/lib/python3.10/site-packages/dlt/extract/storage.py", line 78, in close_writers
    storage.close_writers(load_id, skip_flush=skip_flush)
  File "/home/airflow/.local/lib/python3.10/site-packages/dlt/common/storages/data_item_storage.py", line 85, in close_writers
    writer.close(skip_flush=skip_flush)
  File "/home/airflow/.local/lib/python3.10/site-packages/dlt/common/data_writers/buffered.py", line 176, in close
    self._flush_and_close_file(skip_flush=skip_flush)
  File "/home/airflow/.local/lib/python3.10/site-packages/dlt/common/data_writers/buffered.py", line 260, in _flush_and_close_file
    self._flush_items(allow_empty_file)
  File "/home/airflow/.local/lib/python3.10/site-packages/dlt/common/data_writers/buffered.py", line 243, in _flush_items
    self._file = self.open(self._file_name, "wb")  # type: ignore
  File "/usr/local/lib/python3.10/gzip.py", line 58, in open
    binary_file = GzipFile(filename, gz_mode, compresslevel)
  File "/usr/local/lib/python3.10/gzip.py", line 174, in __init__
    fileobj = self.myfileobj = builtins.open(filename, mode or 'rb')
FileNotFoundError: [Errno 2] No such file or directory: '/home/airflow/.dlt/pipelines/olist_bulk_loader/normalize/fc85664cf6282424/1775471781.2866263/new_jobs/sellers.ab516ef8dd.0.typed-jsonl'

During handling of the above exception, another exception occurred:

Traceback (most recent call last):
  File "/home/airflow/.local/lib/python3.10/site-packages/dlt/extract/storage.py", line 106, in get_load_package_info
    return self.new_packages.get_load_package_info(load_id)
  File "/home/airflow/.local/lib/python3.10/site-packages/dlt/common/storages/load_package.py", line 599, in get_load_package_info
    package_jobs = self.get_load_package_jobs(load_id)
  File "/home/airflow/.local/lib/python3.10/site-packages/dlt/common/storages/load_package.py", line 578, in get_load_package_jobs
    raise LoadPackageNotFound(load_id)
dlt.common.storages.exceptions.LoadPackageNotFound: Package with load id 1775471781.2866263 could not be found

During handling of the above exception, another exception occurred:

Traceback (most recent call last):
  File "/home/airflow/.local/lib/python3.10/site-packages/airflow/models/taskinstance.py", line 465, in _execute_task
    result = _execute_callable(context=context, **execute_callable_kwargs)
  File "/home/airflow/.local/lib/python3.10/site-packages/airflow/models/taskinstance.py", line 432, in _execute_callable
    return execute_callable(context=context, **execute_callable_kwargs)
  File "/home/airflow/.local/lib/python3.10/site-packages/airflow/models/baseoperator.py", line 401, in wrapper
    return func(self, *args, **kwargs)
  File "/home/airflow/.local/lib/python3.10/site-packages/airflow/operators/python.py", line 235, in execute
    return_value = self.execute_callable()
  File "/home/airflow/.local/lib/python3.10/site-packages/airflow/operators/python.py", line 252, in execute_callable
    return self.python_callable(*self.op_args, **self.op_kwargs)
  File "/opt/airflow/scripts/ingestion_data.py", line 93, in load_to_postgres
    raise e
  File "/opt/airflow/scripts/ingestion_data.py", line 82, in load_to_postgres
    load_info = pipeline.run(
  File "/home/airflow/.local/lib/python3.10/site-packages/dlt/pipeline/pipeline.py", line 226, in _wrap
    step_info = f(self, *args, **kwargs)
  File "/home/airflow/.local/lib/python3.10/site-packages/dlt/pipeline/pipeline.py", line 275, in _wrap
    return f(self, *args, **kwargs)
  File "/home/airflow/.local/lib/python3.10/site-packages/dlt/pipeline/pipeline.py", line 735, in run
    self.extract(
  File "/home/airflow/.local/lib/python3.10/site-packages/dlt/pipeline/pipeline.py", line 226, in _wrap
    step_info = f(self, *args, **kwargs)
  File "/home/airflow/.local/lib/python3.10/site-packages/dlt/pipeline/pipeline.py", line 180, in _wrap
    rv = f(self, *args, **kwargs)
  File "/home/airflow/.local/lib/python3.10/site-packages/dlt/pipeline/pipeline.py", line 166, in _wrap
    return f(self, *args, **kwargs)
  File "/home/airflow/.local/lib/python3.10/site-packages/dlt/pipeline/pipeline.py", line 275, in _wrap
    return f(self, *args, **kwargs)
  File "/home/airflow/.local/lib/python3.10/site-packages/dlt/pipeline/pipeline.py", line 490, in extract
    step_info = self._get_step_info(extract_step)
  File "/home/airflow/.local/lib/python3.10/site-packages/dlt/pipeline/pipeline.py", line 1497, in _get_step_info
    return step.get_step_info(self)
  File "/home/airflow/.local/lib/python3.10/site-packages/dlt/extract/extract.py", line 445, in get_step_info
    load_package = self.extract_storage.get_load_package_info(load_id)
  File "/home/airflow/.local/lib/python3.10/site-packages/dlt/extract/storage.py", line 108, in get_load_package_info
    return self.extracted_packages.get_load_package_info(load_id)
  File "/home/airflow/.local/lib/python3.10/site-packages/dlt/common/storages/load_package.py", line 599, in get_load_package_info
    package_jobs = self.get_load_package_jobs(load_id)
  File "/home/airflow/.local/lib/python3.10/site-packages/dlt/common/storages/load_package.py", line 578, in get_load_package_jobs
    raise LoadPackageNotFound(load_id)
dlt.common.storages.exceptions.LoadPackageNotFound: Package with load id 1775471781.2866263 could not be found
[2026-04-06T10:37:55.886+0000] {taskinstance.py:1206} INFO - Marking task as FAILED. dag_id=pipeline, task_id=ingest_csv_to_bronze, run_id=manual__2026-04-06T10:35:41.476757+00:00, execution_date=20260406T103541, start_date=20260406T103553, end_date=20260406T103755
[2026-04-06T10:37:55.969+0000] {standard_task_runner.py:110} ERROR - Failed to execute job 74 for task ingest_csv_to_bronze (Package with load id 1775471781.2866263 could not be found; 2031)
[2026-04-06T10:37:56.021+0000] {local_task_job_runner.py:243} INFO - Task exited with return code 1
[2026-04-06T10:37:56.110+0000] {taskinstance.py:3503} INFO - 0 downstream tasks scheduled from follow-on schedule check
[2026-04-06T10:37:56.117+0000] {local_task_job_runner.py:222} INFO - ::endgroup::
