[2026-04-06T14:18:33.497+0000] {local_task_job_runner.py:120} INFO - ::group::Pre task execution logs
[2026-04-06T14:18:33.611+0000] {taskinstance.py:2076} INFO - Dependencies all met for dep_context=non-requeueable deps ti=<TaskInstance: pipeline.dbt_silver manual__2026-04-06T14:17:13.273560+00:00 [queued]>
[2026-04-06T14:18:33.631+0000] {taskinstance.py:2076} INFO - Dependencies all met for dep_context=requeueable deps ti=<TaskInstance: pipeline.dbt_silver manual__2026-04-06T14:17:13.273560+00:00 [queued]>
[2026-04-06T14:18:33.632+0000] {taskinstance.py:2306} INFO - Starting attempt 2 of 2
[2026-04-06T14:18:33.657+0000] {taskinstance.py:2330} INFO - Executing <Task(BashOperator): dbt_silver> on 2026-04-06 14:17:13.273560+00:00
[2026-04-06T14:18:33.668+0000] {standard_task_runner.py:64} INFO - Started process 230 to run task
[2026-04-06T14:18:33.675+0000] {standard_task_runner.py:90} INFO - Running: ['airflow', 'tasks', 'run', 'pipeline', 'dbt_silver', 'manual__2026-04-06T14:17:13.273560+00:00', '--job-id', '125', '--raw', '--subdir', 'DAGS_FOLDER/pipeline.py', '--cfg-path', '/tmp/tmpueqcf3dr']
[2026-04-06T14:18:33.684+0000] {standard_task_runner.py:91} INFO - Job 125: Subtask dbt_silver
[2026-04-06T14:18:33.955+0000] {task_command.py:426} INFO - Running <TaskInstance: pipeline.dbt_silver manual__2026-04-06T14:17:13.273560+00:00 [running]> on host 7b6c21d2cd2f
[2026-04-06T14:18:34.488+0000] {taskinstance.py:2648} INFO - Exporting env vars: AIRFLOW_CTX_DAG_OWNER='data_engineer' AIRFLOW_CTX_DAG_ID='pipeline' AIRFLOW_CTX_TASK_ID='dbt_silver' AIRFLOW_CTX_EXECUTION_DATE='2026-04-06T14:17:13.273560+00:00' AIRFLOW_CTX_TRY_NUMBER='2' AIRFLOW_CTX_DAG_RUN_ID='manual__2026-04-06T14:17:13.273560+00:00'
[2026-04-06T14:18:34.491+0000] {taskinstance.py:430} INFO - ::endgroup::
[2026-04-06T14:18:34.522+0000] {subprocess.py:63} INFO - Tmp dir root location: /tmp
[2026-04-06T14:18:34.524+0000] {subprocess.py:75} INFO - Running command: ['/usr/bin/bash', '-c', 'cd /opt/airflow/dbt_project/mon_analyse_olist && dbt run --select silver --profiles-dir .']
[2026-04-06T14:18:34.563+0000] {subprocess.py:86} INFO - Output:
[2026-04-06T14:18:40.455+0000] {subprocess.py:93} INFO - [0m14:18:40  Running with dbt=1.8.8
[2026-04-06T14:18:41.121+0000] {subprocess.py:93} INFO - [0m14:18:41  Registered adapter: postgres=1.9.1
[2026-04-06T14:18:42.517+0000] {subprocess.py:93} INFO - [0m14:18:42  Found 14 models, 11 data tests, 9 sources, 426 macros
[2026-04-06T14:18:42.524+0000] {subprocess.py:93} INFO - [0m14:18:42
[2026-04-06T14:18:43.199+0000] {subprocess.py:93} INFO - [0m14:18:43  Concurrency: 4 threads (target='dev')
[2026-04-06T14:18:43.202+0000] {subprocess.py:93} INFO - [0m14:18:43
[2026-04-06T14:18:43.234+0000] {subprocess.py:93} INFO - [0m14:18:43  1 of 9 START sql view model silver.stg_category_translation .................... [RUN]
[2026-04-06T14:18:43.237+0000] {subprocess.py:93} INFO - [0m14:18:43  2 of 9 START sql view model silver.stg_customers ............................... [RUN]
[2026-04-06T14:18:43.240+0000] {subprocess.py:93} INFO - [0m14:18:43  3 of 9 START sql view model silver.stg_geolocation ............................. [RUN]
[2026-04-06T14:18:43.242+0000] {subprocess.py:93} INFO - [0m14:18:43  4 of 9 START sql view model silver.stg_order_items ............................. [RUN]
[2026-04-06T14:18:43.756+0000] {subprocess.py:93} INFO - [0m14:18:43  1 of 9 OK created sql view model silver.stg_category_translation ............... [[32mCREATE VIEW[0m in 0.50s]
[2026-04-06T14:18:43.758+0000] {subprocess.py:93} INFO - [0m14:18:43  3 of 9 OK created sql view model silver.stg_geolocation ........................ [[32mCREATE VIEW[0m in 0.50s]
[2026-04-06T14:18:43.760+0000] {subprocess.py:93} INFO - [0m14:18:43  2 of 9 OK created sql view model silver.stg_customers .......................... [[32mCREATE VIEW[0m in 0.50s]
[2026-04-06T14:18:43.763+0000] {subprocess.py:93} INFO - [0m14:18:43  4 of 9 OK created sql view model silver.stg_order_items ........................ [[32mCREATE VIEW[0m in 0.50s]
[2026-04-06T14:18:43.783+0000] {subprocess.py:93} INFO - [0m14:18:43  5 of 9 START sql view model silver.stg_order_payments .......................... [RUN]
[2026-04-06T14:18:43.785+0000] {subprocess.py:93} INFO - [0m14:18:43  6 of 9 START sql view model silver.stg_order_reviews ........................... [RUN]
[2026-04-06T14:18:43.787+0000] {subprocess.py:93} INFO - [0m14:18:43  7 of 9 START sql view model silver.stg_orders .................................. [RUN]
[2026-04-06T14:18:43.790+0000] {subprocess.py:93} INFO - [0m14:18:43  8 of 9 START sql view model silver.stg_products ................................ [RUN]
[2026-04-06T14:18:44.336+0000] {subprocess.py:93} INFO - [0m14:18:44  7 of 9 OK created sql view model silver.stg_orders ............................. [[32mCREATE VIEW[0m in 0.52s]
[2026-04-06T14:18:44.343+0000] {subprocess.py:93} INFO - [0m14:18:44  5 of 9 OK created sql view model silver.stg_order_payments ..................... [[32mCREATE VIEW[0m in 0.54s]
[2026-04-06T14:18:44.358+0000] {subprocess.py:93} INFO - [0m14:18:44  8 of 9 OK created sql view model silver.stg_products ........................... [[32mCREATE VIEW[0m in 0.54s]
[2026-04-06T14:18:44.370+0000] {subprocess.py:93} INFO - [0m14:18:44  6 of 9 OK created sql view model silver.stg_order_reviews ...................... [[32mCREATE VIEW[0m in 0.55s]
[2026-04-06T14:18:44.386+0000] {subprocess.py:93} INFO - [0m14:18:44  9 of 9 START sql view model silver.stg_sellers ................................. [RUN]
[2026-04-06T14:18:44.637+0000] {local_task_job_runner.py:313} WARNING - State of this instance has been externally set to success. Terminating instance.
[2026-04-06T14:18:44.639+0000] {local_task_job_runner.py:222} INFO - ::endgroup::
[2026-04-06T14:18:44.643+0000] {process_utils.py:132} INFO - Sending 15 to group 230. PIDs of all processes in the group: [234, 250, 230]
[2026-04-06T14:18:44.644+0000] {process_utils.py:87} INFO - Sending the signal 15 to group 230
[2026-04-06T14:18:44.645+0000] {taskinstance.py:2611} ERROR - Received SIGTERM. Terminating subprocesses.
[2026-04-06T14:18:44.646+0000] {subprocess.py:104} INFO - Sending SIGTERM signal to process group
[2026-04-06T14:18:44.648+0000] {taskinstance.py:441} INFO - ::group::Post task execution logs
[2026-04-06T14:18:44.738+0000] {process_utils.py:80} INFO - Process psutil.Process(pid=250, status='terminated', started='14:18:40') (250) terminated with exit code None
[2026-04-06T14:18:44.832+0000] {process_utils.py:80} INFO - Process psutil.Process(pid=234, status='terminated', started='14:18:34') (234) terminated with exit code None
[2026-04-06T14:18:44.833+0000] {process_utils.py:80} INFO - Process psutil.Process(pid=230, status='terminated', exitcode=0, started='14:18:33') (230) terminated with exit code 0
