[2026-04-06T14:17:56.228+0000] {local_task_job_runner.py:120} INFO - ::group::Pre task execution logs
[2026-04-06T14:17:56.330+0000] {taskinstance.py:2076} INFO - Dependencies all met for dep_context=non-requeueable deps ti=<TaskInstance: pipeline.dbt_silver manual__2026-04-06T14:17:13.273560+00:00 [queued]>
[2026-04-06T14:17:56.346+0000] {taskinstance.py:2076} INFO - Dependencies all met for dep_context=requeueable deps ti=<TaskInstance: pipeline.dbt_silver manual__2026-04-06T14:17:13.273560+00:00 [queued]>
[2026-04-06T14:17:56.347+0000] {taskinstance.py:2306} INFO - Starting attempt 1 of 1
[2026-04-06T14:17:56.369+0000] {taskinstance.py:2330} INFO - Executing <Task(BashOperator): dbt_silver> on 2026-04-06 14:17:13.273560+00:00
[2026-04-06T14:17:56.395+0000] {standard_task_runner.py:64} INFO - Started process 188 to run task
[2026-04-06T14:17:56.402+0000] {standard_task_runner.py:90} INFO - Running: ['airflow', 'tasks', 'run', 'pipeline', 'dbt_silver', 'manual__2026-04-06T14:17:13.273560+00:00', '--job-id', '122', '--raw', '--subdir', 'DAGS_FOLDER/pipeline.py', '--cfg-path', '/tmp/tmplnuk0k36']
[2026-04-06T14:17:56.411+0000] {standard_task_runner.py:91} INFO - Job 122: Subtask dbt_silver
[2026-04-06T14:17:56.663+0000] {task_command.py:426} INFO - Running <TaskInstance: pipeline.dbt_silver manual__2026-04-06T14:17:13.273560+00:00 [running]> on host 7b6c21d2cd2f
[2026-04-06T14:17:57.097+0000] {taskinstance.py:2648} INFO - Exporting env vars: AIRFLOW_CTX_DAG_OWNER='data_engineer' AIRFLOW_CTX_DAG_ID='pipeline' AIRFLOW_CTX_TASK_ID='dbt_silver' AIRFLOW_CTX_EXECUTION_DATE='2026-04-06T14:17:13.273560+00:00' AIRFLOW_CTX_TRY_NUMBER='1' AIRFLOW_CTX_DAG_RUN_ID='manual__2026-04-06T14:17:13.273560+00:00'
[2026-04-06T14:17:57.101+0000] {taskinstance.py:430} INFO - ::endgroup::
[2026-04-06T14:17:57.137+0000] {subprocess.py:63} INFO - Tmp dir root location: /tmp
[2026-04-06T14:17:57.140+0000] {subprocess.py:75} INFO - Running command: ['/usr/bin/bash', '-c', 'cd /opt/airflow/dbt_project/mon_analyse_olist && dbt run --select silver --profiles-dir .']
[2026-04-06T14:17:57.157+0000] {subprocess.py:86} INFO - Output:
[2026-04-06T14:18:00.807+0000] {subprocess.py:93} INFO - [0m14:18:00  Running with dbt=1.8.8
[2026-04-06T14:18:01.359+0000] {subprocess.py:93} INFO - [0m14:18:01  Registered adapter: postgres=1.9.1
[2026-04-06T14:18:02.750+0000] {subprocess.py:93} INFO - [0m14:18:02  Found 14 models, 11 data tests, 9 sources, 426 macros
[2026-04-06T14:18:02.761+0000] {subprocess.py:93} INFO - [0m14:18:02
[2026-04-06T14:18:03.499+0000] {subprocess.py:93} INFO - [0m14:18:03  Concurrency: 4 threads (target='dev')
[2026-04-06T14:18:03.501+0000] {subprocess.py:93} INFO - [0m14:18:03
[2026-04-06T14:18:03.529+0000] {subprocess.py:93} INFO - [0m14:18:03  1 of 9 START sql view model silver.stg_category_translation .................... [RUN]
[2026-04-06T14:18:03.532+0000] {subprocess.py:93} INFO - [0m14:18:03  2 of 9 START sql view model silver.stg_customers ............................... [RUN]
[2026-04-06T14:18:03.535+0000] {subprocess.py:93} INFO - [0m14:18:03  3 of 9 START sql view model silver.stg_geolocation ............................. [RUN]
[2026-04-06T14:18:03.537+0000] {subprocess.py:93} INFO - [0m14:18:03  4 of 9 START sql view model silver.stg_order_items ............................. [RUN]
[2026-04-06T14:18:04.439+0000] {subprocess.py:93} INFO - [0m14:18:04  2 of 9 OK created sql view model silver.stg_customers .......................... [[32mCREATE VIEW[0m in 0.88s]
[2026-04-06T14:18:04.441+0000] {subprocess.py:93} INFO - [0m14:18:04  3 of 9 OK created sql view model silver.stg_geolocation ........................ [[32mCREATE VIEW[0m in 0.88s]
[2026-04-06T14:18:04.445+0000] {subprocess.py:93} INFO - [0m14:18:04  4 of 9 OK created sql view model silver.stg_order_items ........................ [[32mCREATE VIEW[0m in 0.88s]
[2026-04-06T14:18:04.448+0000] {subprocess.py:93} INFO - [0m14:18:04  1 of 9 OK created sql view model silver.stg_category_translation ............... [[32mCREATE VIEW[0m in 0.90s]
[2026-04-06T14:18:04.469+0000] {subprocess.py:93} INFO - [0m14:18:04  5 of 9 START sql view model silver.stg_order_payments .......................... [RUN]
[2026-04-06T14:18:04.471+0000] {subprocess.py:93} INFO - [0m14:18:04  6 of 9 START sql view model silver.stg_order_reviews ........................... [RUN]
[2026-04-06T14:18:04.474+0000] {subprocess.py:93} INFO - [0m14:18:04  7 of 9 START sql view model silver.stg_orders .................................. [RUN]
[2026-04-06T14:18:04.476+0000] {subprocess.py:93} INFO - [0m14:18:04  8 of 9 START sql view model silver.stg_products ................................ [RUN]
[2026-04-06T14:18:05.087+0000] {subprocess.py:93} INFO - [0m14:18:05  6 of 9 OK created sql view model silver.stg_order_reviews ...................... [[32mCREATE VIEW[0m in 0.59s]
[2026-04-06T14:18:05.089+0000] {subprocess.py:93} INFO - [0m14:18:05  7 of 9 OK created sql view model silver.stg_orders ............................. [[32mCREATE VIEW[0m in 0.59s]
[2026-04-06T14:18:05.109+0000] {subprocess.py:93} INFO - [0m14:18:05  9 of 9 START sql view model silver.stg_sellers ................................. [RUN]
[2026-04-06T14:18:05.122+0000] {subprocess.py:93} INFO - [0m14:18:05  8 of 9 OK created sql view model silver.stg_products ........................... [[32mCREATE VIEW[0m in 0.63s]
[2026-04-06T14:18:05.125+0000] {subprocess.py:93} INFO - [0m14:18:05  5 of 9 OK created sql view model silver.stg_order_payments ..................... [[32mCREATE VIEW[0m in 0.64s]
[2026-04-06T14:18:05.310+0000] {subprocess.py:93} INFO - [0m14:18:05  9 of 9 OK created sql view model silver.stg_sellers ............................ [[32mCREATE VIEW[0m in 0.19s]
[2026-04-06T14:18:05.407+0000] {subprocess.py:93} INFO - [0m14:18:05
[2026-04-06T14:18:05.409+0000] {subprocess.py:93} INFO - [0m14:18:05  Finished running 9 view models in 0 hours 0 minutes and 2.64 seconds (2.64s).
[2026-04-06T14:18:05.588+0000] {subprocess.py:93} INFO - [0m14:18:05
[2026-04-06T14:18:05.591+0000] {subprocess.py:93} INFO - [0m14:18:05  [32mCompleted successfully[0m
[2026-04-06T14:18:05.595+0000] {subprocess.py:93} INFO - [0m14:18:05
[2026-04-06T14:18:05.601+0000] {subprocess.py:93} INFO - [0m14:18:05  Done. PASS=9 WARN=0 ERROR=0 SKIP=0 TOTAL=9
[2026-04-06T14:18:07.388+0000] {subprocess.py:97} INFO - Command exited with return code 0
[2026-04-06T14:18:07.392+0000] {taskinstance.py:441} INFO - ::group::Post task execution logs
[2026-04-06T14:18:07.659+0000] {taskinstance.py:1206} INFO - Marking task as SUCCESS. dag_id=pipeline, task_id=dbt_silver, run_id=manual__2026-04-06T14:17:13.273560+00:00, execution_date=20260406T141713, start_date=20260406T141756, end_date=20260406T141807
[2026-04-06T14:18:07.733+0000] {local_task_job_runner.py:243} INFO - Task exited with return code 0
[2026-04-06T14:18:07.891+0000] {taskinstance.py:3503} INFO - 1 downstream tasks scheduled from follow-on schedule check
[2026-04-06T14:18:07.895+0000] {local_task_job_runner.py:222} INFO - ::endgroup::
