[2026-04-06T10:27:30.306+0000] {local_task_job_runner.py:120} INFO - ::group::Pre task execution logs
[2026-04-06T10:27:30.632+0000] {taskinstance.py:2076} INFO - Dependencies all met for dep_context=non-requeueable deps ti=<TaskInstance: pipeline.dbt_silver manual__2026-04-06T10:09:31.374303+00:00 [queued]>
[2026-04-06T10:27:30.724+0000] {taskinstance.py:2076} INFO - Dependencies all met for dep_context=requeueable deps ti=<TaskInstance: pipeline.dbt_silver manual__2026-04-06T10:09:31.374303+00:00 [queued]>
[2026-04-06T10:27:30.726+0000] {taskinstance.py:2306} INFO - Starting attempt 1 of 1
[2026-04-06T10:27:30.786+0000] {taskinstance.py:2330} INFO - Executing <Task(BashOperator): dbt_silver> on 2026-04-06 10:09:31.374303+00:00
[2026-04-06T10:27:30.827+0000] {standard_task_runner.py:64} INFO - Started process 1896 to run task
[2026-04-06T10:27:30.921+0000] {standard_task_runner.py:90} INFO - Running: ['airflow', 'tasks', 'run', 'pipeline', 'dbt_silver', 'manual__2026-04-06T10:09:31.374303+00:00', '--job-id', '70', '--raw', '--subdir', 'DAGS_FOLDER/pipeline.py', '--cfg-path', '/tmp/tmpkptymf25']
[2026-04-06T10:27:31.076+0000] {standard_task_runner.py:91} INFO - Job 70: Subtask dbt_silver
[2026-04-06T10:27:31.983+0000] {task_command.py:426} INFO - Running <TaskInstance: pipeline.dbt_silver manual__2026-04-06T10:09:31.374303+00:00 [running]> on host 503d89ed3fcb
[2026-04-06T10:27:32.455+0000] {taskinstance.py:2648} INFO - Exporting env vars: AIRFLOW_CTX_DAG_OWNER='data_engineer' AIRFLOW_CTX_DAG_ID='pipeline' AIRFLOW_CTX_TASK_ID='dbt_silver' AIRFLOW_CTX_EXECUTION_DATE='2026-04-06T10:09:31.374303+00:00' AIRFLOW_CTX_TRY_NUMBER='1' AIRFLOW_CTX_DAG_RUN_ID='manual__2026-04-06T10:09:31.374303+00:00'
[2026-04-06T10:27:32.457+0000] {taskinstance.py:430} INFO - ::endgroup::
[2026-04-06T10:27:32.508+0000] {subprocess.py:63} INFO - Tmp dir root location: /tmp
[2026-04-06T10:27:32.510+0000] {subprocess.py:75} INFO - Running command: ['/usr/bin/bash', '-c', 'cd /opt/airflow/dbt_project/mon_analyse_olist && dbt run --select silver --profiles-dir .']
[2026-04-06T10:27:32.548+0000] {subprocess.py:86} INFO - Output:
[2026-04-06T10:27:41.879+0000] {subprocess.py:93} INFO - [0m10:27:41  Running with dbt=1.8.8
[2026-04-06T10:27:43.087+0000] {subprocess.py:93} INFO - [0m10:27:43  Registered adapter: postgres=1.9.1
[2026-04-06T10:27:44.359+0000] {subprocess.py:93} INFO - [0m10:27:44  Found 14 models, 9 sources, 426 macros
[2026-04-06T10:27:44.374+0000] {subprocess.py:93} INFO - [0m10:27:44
[2026-04-06T10:27:45.472+0000] {subprocess.py:93} INFO - [0m10:27:45  Concurrency: 4 threads (target='dev')
[2026-04-06T10:27:45.475+0000] {subprocess.py:93} INFO - [0m10:27:45
[2026-04-06T10:27:45.529+0000] {subprocess.py:93} INFO - [0m10:27:45  1 of 9 START sql view model silver.stg_category_translation .................... [RUN]
[2026-04-06T10:27:45.531+0000] {subprocess.py:93} INFO - [0m10:27:45  2 of 9 START sql view model silver.stg_customers ............................... [RUN]
[2026-04-06T10:27:45.535+0000] {subprocess.py:93} INFO - [0m10:27:45  3 of 9 START sql view model silver.stg_geolocation ............................. [RUN]
[2026-04-06T10:27:45.539+0000] {subprocess.py:93} INFO - [0m10:27:45  4 of 9 START sql view model silver.stg_order_items ............................. [RUN]
[2026-04-06T10:27:46.240+0000] {subprocess.py:93} INFO - [0m10:27:46  2 of 9 OK created sql view model silver.stg_customers .......................... [[32mCREATE VIEW[0m in 0.68s]
[2026-04-06T10:27:46.246+0000] {subprocess.py:93} INFO - [0m10:27:46  3 of 9 OK created sql view model silver.stg_geolocation ........................ [[32mCREATE VIEW[0m in 0.69s]
[2026-04-06T10:27:46.248+0000] {subprocess.py:93} INFO - [0m10:27:46  1 of 9 OK created sql view model silver.stg_category_translation ............... [[32mCREATE VIEW[0m in 0.69s]
[2026-04-06T10:27:46.254+0000] {subprocess.py:93} INFO - [0m10:27:46  4 of 9 OK created sql view model silver.stg_order_items ........................ [[32mCREATE VIEW[0m in 0.69s]
[2026-04-06T10:27:46.274+0000] {subprocess.py:93} INFO - [0m10:27:46  5 of 9 START sql view model silver.stg_order_payments .......................... [RUN]
[2026-04-06T10:27:46.280+0000] {subprocess.py:93} INFO - [0m10:27:46  6 of 9 START sql view model silver.stg_order_reviews ........................... [RUN]
[2026-04-06T10:27:46.282+0000] {subprocess.py:93} INFO - [0m10:27:46  7 of 9 START sql view model silver.stg_orders .................................. [RUN]
[2026-04-06T10:27:46.287+0000] {subprocess.py:93} INFO - [0m10:27:46  8 of 9 START sql view model silver.stg_products ................................ [RUN]
[2026-04-06T10:27:46.607+0000] {subprocess.py:93} INFO - [0m10:27:46  5 of 9 OK created sql view model silver.stg_order_payments ..................... [[32mCREATE VIEW[0m in 0.32s]
[2026-04-06T10:27:46.644+0000] {subprocess.py:93} INFO - [0m10:27:46  9 of 9 START sql view model silver.stg_sellers ................................. [RUN]
[2026-04-06T10:27:46.695+0000] {subprocess.py:93} INFO - [0m10:27:46  7 of 9 OK created sql view model silver.stg_orders ............................. [[32mCREATE VIEW[0m in 0.39s]
[2026-04-06T10:27:46.700+0000] {subprocess.py:93} INFO - [0m10:27:46  6 of 9 OK created sql view model silver.stg_order_reviews ...................... [[32mCREATE VIEW[0m in 0.39s]
[2026-04-06T10:27:46.704+0000] {subprocess.py:93} INFO - [0m10:27:46  8 of 9 OK created sql view model silver.stg_products ........................... [[32mCREATE VIEW[0m in 0.39s]
[2026-04-06T10:27:46.909+0000] {subprocess.py:93} INFO - [0m10:27:46  9 of 9 OK created sql view model silver.stg_sellers ............................ [[32mCREATE VIEW[0m in 0.25s]
[2026-04-06T10:27:47.010+0000] {subprocess.py:93} INFO - [0m10:27:47
[2026-04-06T10:27:47.012+0000] {subprocess.py:93} INFO - [0m10:27:47  Finished running 9 view models in 0 hours 0 minutes and 2.63 seconds (2.63s).
[2026-04-06T10:27:47.125+0000] {subprocess.py:93} INFO - [0m10:27:47
[2026-04-06T10:27:47.127+0000] {subprocess.py:93} INFO - [0m10:27:47  [32mCompleted successfully[0m
[2026-04-06T10:27:47.129+0000] {subprocess.py:93} INFO - [0m10:27:47
[2026-04-06T10:27:47.131+0000] {subprocess.py:93} INFO - [0m10:27:47  Done. PASS=9 WARN=0 ERROR=0 SKIP=0 TOTAL=9
[2026-04-06T10:27:49.317+0000] {subprocess.py:97} INFO - Command exited with return code 0
[2026-04-06T10:27:49.319+0000] {taskinstance.py:441} INFO - ::group::Post task execution logs
[2026-04-06T10:27:49.482+0000] {taskinstance.py:1206} INFO - Marking task as SUCCESS. dag_id=pipeline, task_id=dbt_silver, run_id=manual__2026-04-06T10:09:31.374303+00:00, execution_date=20260406T100931, start_date=20260406T102730, end_date=20260406T102749
[2026-04-06T10:27:49.560+0000] {local_task_job_runner.py:243} INFO - Task exited with return code 0
[2026-04-06T10:27:49.689+0000] {taskinstance.py:3503} INFO - 1 downstream tasks scheduled from follow-on schedule check
[2026-04-06T10:27:49.693+0000] {local_task_job_runner.py:222} INFO - ::endgroup::
