[2026-04-06T10:10:01.408+0000] {local_task_job_runner.py:120} INFO - ::group::Pre task execution logs
[2026-04-06T10:10:01.522+0000] {taskinstance.py:2076} INFO - Dependencies all met for dep_context=non-requeueable deps ti=<TaskInstance: pipeline.ingest_csv_to_bronze manual__2026-04-06T10:09:56.782320+00:00 [queued]>
[2026-04-06T10:10:01.545+0000] {taskinstance.py:2076} INFO - Dependencies all met for dep_context=requeueable deps ti=<TaskInstance: pipeline.ingest_csv_to_bronze manual__2026-04-06T10:09:56.782320+00:00 [queued]>
[2026-04-06T10:10:01.546+0000] {taskinstance.py:2306} INFO - Starting attempt 1 of 1
[2026-04-06T10:10:01.578+0000] {taskinstance.py:2330} INFO - Executing <Task(PythonOperator): ingest_csv_to_bronze> on 2026-04-06 10:09:56.782320+00:00
[2026-04-06T10:10:01.594+0000] {standard_task_runner.py:64} INFO - Started process 1672 to run task
[2026-04-06T10:10:01.604+0000] {standard_task_runner.py:90} INFO - Running: ['airflow', 'tasks', 'run', 'pipeline', 'ingest_csv_to_bronze', 'manual__2026-04-06T10:09:56.782320+00:00', '--job-id', '63', '--raw', '--subdir', 'DAGS_FOLDER/pipeline.py', '--cfg-path', '/tmp/tmpw5l7w_ki']
[2026-04-06T10:10:01.616+0000] {standard_task_runner.py:91} INFO - Job 63: Subtask ingest_csv_to_bronze
[2026-04-06T10:10:02.086+0000] {task_command.py:426} INFO - Running <TaskInstance: pipeline.ingest_csv_to_bronze manual__2026-04-06T10:09:56.782320+00:00 [running]> on host 503d89ed3fcb
[2026-04-06T10:10:02.534+0000] {taskinstance.py:2648} INFO - Exporting env vars: AIRFLOW_CTX_DAG_OWNER='data_engineer' AIRFLOW_CTX_DAG_ID='pipeline' AIRFLOW_CTX_TASK_ID='ingest_csv_to_bronze' AIRFLOW_CTX_EXECUTION_DATE='2026-04-06T10:09:56.782320+00:00' AIRFLOW_CTX_TRY_NUMBER='1' AIRFLOW_CTX_DAG_RUN_ID='manual__2026-04-06T10:09:56.782320+00:00'
[2026-04-06T10:10:02.536+0000] {taskinstance.py:430} INFO - ::endgroup::
[2026-04-06T10:10:02.561+0000] {logging_mixin.py:188} INFO - 🚀 Lancement DLT : Injection groupée vers 'Olist'
[2026-04-06T10:10:03.767+0000] {config_providers_context.py:146} WARNING - Airflow variable 'dlt_secrets_toml' was not found. This Airflow variable is a recommended place to hold the content of secrets.toml.If you do not use Airflow variables to hold dlt configuration or use variables with other names you can ignore this warning.
[2026-04-06T10:10:17.253+0000] {logging_mixin.py:188} INFO - 📦 Préparation de la ressource : customers
[2026-04-06T10:10:17.258+0000] {logging_mixin.py:188} INFO - 📦 Préparation de la ressource : geolocation
[2026-04-06T10:10:17.259+0000] {logging_mixin.py:188} INFO - 📦 Préparation de la ressource : orders
[2026-04-06T10:10:17.260+0000] {logging_mixin.py:188} INFO - 📦 Préparation de la ressource : order_items
[2026-04-06T10:10:17.262+0000] {logging_mixin.py:188} INFO - 📦 Préparation de la ressource : order_payments
[2026-04-06T10:10:17.263+0000] {logging_mixin.py:188} INFO - 📦 Préparation de la ressource : order_reviews
[2026-04-06T10:10:17.264+0000] {logging_mixin.py:188} INFO - 📦 Préparation de la ressource : products
[2026-04-06T10:10:17.264+0000] {logging_mixin.py:188} INFO - 📦 Préparation de la ressource : sellers
[2026-04-06T10:10:17.265+0000] {logging_mixin.py:188} INFO - 📦 Préparation de la ressource : product_category_translation
[2026-04-06T10:10:17.266+0000] {logging_mixin.py:188} INFO - ⚡ Envoi de 9 tables en une seule session...
[2026-04-06T10:15:29.528+0000] {logging_mixin.py:188} INFO - ❌ ERREUR LORS DE L'INGESTION
[2026-04-06T10:15:29.537+0000] {logging_mixin.py:188} INFO - Traceback (most recent call last):
  File "/home/airflow/.local/lib/python3.10/site-packages/dlt/common/storages/file_storage.py", line 318, in open_zipsafe_ro
    f = gzip.open(path, mode, encoding=encoding, **kwargs)
  File "/usr/local/lib/python3.10/gzip.py", line 58, in open
    binary_file = GzipFile(filename, gz_mode, compresslevel)
  File "/usr/local/lib/python3.10/gzip.py", line 174, in __init__
    fileobj = self.myfileobj = builtins.open(filename, mode or 'rb')
FileNotFoundError: [Errno 2] No such file or directory: '/home/airflow/.dlt/pipelines/olist_bulk_loader/normalize/extracted/1775470205.1050751/new_jobs/products.f91c7825f2.0.typed-jsonl'

During handling of the above exception, another exception occurred:

Traceback (most recent call last):
  File "/home/airflow/.local/lib/python3.10/site-packages/dlt/normalize/worker.py", line 235, in w_normalize_files
    partial_updates = normalizer(extracted_items_file, root_table_name)
  File "/home/airflow/.local/lib/python3.10/site-packages/dlt/normalize/items_normalizers.py", line 197, in __call__
    with self.normalize_storage.extracted_packages.storage.open_file(
  File "/home/airflow/.local/lib/python3.10/site-packages/dlt/common/storages/file_storage.py", line 113, in open_file
    return FileStorage.open_zipsafe_ro(self.make_full_path(relative_path), mode)
  File "/home/airflow/.local/lib/python3.10/site-packages/dlt/common/storages/file_storage.py", line 323, in open_zipsafe_ro
    return open(path, origmode, encoding=encoding, **kwargs)
FileNotFoundError: [Errno 2] No such file or directory: '/home/airflow/.dlt/pipelines/olist_bulk_loader/normalize/extracted/1775470205.1050751/new_jobs/products.f91c7825f2.0.typed-jsonl'

The above exception was the direct cause of the following exception:

Traceback (most recent call last):
  File "/home/airflow/.local/lib/python3.10/site-packages/dlt/pipeline/pipeline.py", line 553, in normalize
    runner.run_pool(normalize_step.config, normalize_step)
  File "/home/airflow/.local/lib/python3.10/site-packages/dlt/common/runners/pool_runner.py", line 91, in run_pool
    while _run_func():
  File "/home/airflow/.local/lib/python3.10/site-packages/dlt/common/runners/pool_runner.py", line 84, in _run_func
    run_metrics = run_f.run(cast(TExecutor, pool))
  File "/home/airflow/.local/lib/python3.10/site-packages/dlt/normalize/normalize.py", line 280, in run
    self.spool_schema_files(load_id, schema, schema_files)
  File "/home/airflow/.local/lib/python3.10/site-packages/dlt/normalize/normalize.py", line 234, in spool_schema_files
    self.spool_files(load_id, schema.clone(update_normalizers=True), map_f, files)
  File "/home/airflow/.local/lib/python3.10/site-packages/dlt/normalize/normalize.py", line 166, in spool_files
    schema_updates, writer_metrics = map_f(schema, load_id, files)
  File "/home/airflow/.local/lib/python3.10/site-packages/dlt/normalize/normalize.py", line 147, in map_single
    result = w_normalize_files(
  File "/home/airflow/.local/lib/python3.10/site-packages/dlt/normalize/worker.py", line 241, in w_normalize_files
    raise NormalizeJobFailed(load_id, job_id, str(exc), writer_metrics) from exc
dlt.normalize.exceptions.NormalizeJobFailed: Job for products.f91c7825f2.typed-jsonl failed terminally in load 1775470205.1050751 with message [Errno 2] No such file or directory: '/home/airflow/.dlt/pipelines/olist_bulk_loader/normalize/extracted/1775470205.1050751/new_jobs/products.f91c7825f2.0.typed-jsonl'.

The above exception was the direct cause of the following exception:

Traceback (most recent call last):
  File "/opt/airflow/scripts/ingestion_data.py", line 78, in load_to_postgres
    load_info = pipeline.run(
  File "/home/airflow/.local/lib/python3.10/site-packages/dlt/pipeline/pipeline.py", line 226, in _wrap
    step_info = f(self, *args, **kwargs)
  File "/home/airflow/.local/lib/python3.10/site-packages/dlt/pipeline/pipeline.py", line 275, in _wrap
    return f(self, *args, **kwargs)
  File "/home/airflow/.local/lib/python3.10/site-packages/dlt/pipeline/pipeline.py", line 746, in run
    self.normalize(loader_file_format=loader_file_format)
  File "/home/airflow/.local/lib/python3.10/site-packages/dlt/pipeline/pipeline.py", line 226, in _wrap
    step_info = f(self, *args, **kwargs)
  File "/home/airflow/.local/lib/python3.10/site-packages/dlt/pipeline/pipeline.py", line 180, in _wrap
    rv = f(self, *args, **kwargs)
  File "/home/airflow/.local/lib/python3.10/site-packages/dlt/pipeline/pipeline.py", line 275, in _wrap
    return f(self, *args, **kwargs)
  File "/home/airflow/.local/lib/python3.10/site-packages/dlt/pipeline/pipeline.py", line 557, in normalize
    raise PipelineStepFailed(
dlt.pipeline.exceptions.PipelineStepFailed: Pipeline execution failed at stage normalize when processing package 1775470205.1050751 with exception:

<class 'dlt.normalize.exceptions.NormalizeJobFailed'>
Job for products.f91c7825f2.typed-jsonl failed terminally in load 1775470205.1050751 with message [Errno 2] No such file or directory: '/home/airflow/.dlt/pipelines/olist_bulk_loader/normalize/extracted/1775470205.1050751/new_jobs/products.f91c7825f2.0.typed-jsonl'.
[2026-04-06T10:15:29.538+0000] {taskinstance.py:441} INFO - ::group::Post task execution logs
[2026-04-06T10:15:29.539+0000] {taskinstance.py:2905} ERROR - Task failed with exception
Traceback (most recent call last):
  File "/home/airflow/.local/lib/python3.10/site-packages/dlt/common/storages/file_storage.py", line 318, in open_zipsafe_ro
    f = gzip.open(path, mode, encoding=encoding, **kwargs)
  File "/usr/local/lib/python3.10/gzip.py", line 58, in open
    binary_file = GzipFile(filename, gz_mode, compresslevel)
  File "/usr/local/lib/python3.10/gzip.py", line 174, in __init__
    fileobj = self.myfileobj = builtins.open(filename, mode or 'rb')
FileNotFoundError: [Errno 2] No such file or directory: '/home/airflow/.dlt/pipelines/olist_bulk_loader/normalize/extracted/1775470205.1050751/new_jobs/products.f91c7825f2.0.typed-jsonl'

During handling of the above exception, another exception occurred:

Traceback (most recent call last):
  File "/home/airflow/.local/lib/python3.10/site-packages/dlt/normalize/worker.py", line 235, in w_normalize_files
    partial_updates = normalizer(extracted_items_file, root_table_name)
  File "/home/airflow/.local/lib/python3.10/site-packages/dlt/normalize/items_normalizers.py", line 197, in __call__
    with self.normalize_storage.extracted_packages.storage.open_file(
  File "/home/airflow/.local/lib/python3.10/site-packages/dlt/common/storages/file_storage.py", line 113, in open_file
    return FileStorage.open_zipsafe_ro(self.make_full_path(relative_path), mode)
  File "/home/airflow/.local/lib/python3.10/site-packages/dlt/common/storages/file_storage.py", line 323, in open_zipsafe_ro
    return open(path, origmode, encoding=encoding, **kwargs)
FileNotFoundError: [Errno 2] No such file or directory: '/home/airflow/.dlt/pipelines/olist_bulk_loader/normalize/extracted/1775470205.1050751/new_jobs/products.f91c7825f2.0.typed-jsonl'

The above exception was the direct cause of the following exception:

Traceback (most recent call last):
  File "/home/airflow/.local/lib/python3.10/site-packages/dlt/pipeline/pipeline.py", line 553, in normalize
    runner.run_pool(normalize_step.config, normalize_step)
  File "/home/airflow/.local/lib/python3.10/site-packages/dlt/common/runners/pool_runner.py", line 91, in run_pool
    while _run_func():
  File "/home/airflow/.local/lib/python3.10/site-packages/dlt/common/runners/pool_runner.py", line 84, in _run_func
    run_metrics = run_f.run(cast(TExecutor, pool))
  File "/home/airflow/.local/lib/python3.10/site-packages/dlt/normalize/normalize.py", line 280, in run
    self.spool_schema_files(load_id, schema, schema_files)
  File "/home/airflow/.local/lib/python3.10/site-packages/dlt/normalize/normalize.py", line 234, in spool_schema_files
    self.spool_files(load_id, schema.clone(update_normalizers=True), map_f, files)
  File "/home/airflow/.local/lib/python3.10/site-packages/dlt/normalize/normalize.py", line 166, in spool_files
    schema_updates, writer_metrics = map_f(schema, load_id, files)
  File "/home/airflow/.local/lib/python3.10/site-packages/dlt/normalize/normalize.py", line 147, in map_single
    result = w_normalize_files(
  File "/home/airflow/.local/lib/python3.10/site-packages/dlt/normalize/worker.py", line 241, in w_normalize_files
    raise NormalizeJobFailed(load_id, job_id, str(exc), writer_metrics) from exc
dlt.normalize.exceptions.NormalizeJobFailed: Job for products.f91c7825f2.typed-jsonl failed terminally in load 1775470205.1050751 with message [Errno 2] No such file or directory: '/home/airflow/.dlt/pipelines/olist_bulk_loader/normalize/extracted/1775470205.1050751/new_jobs/products.f91c7825f2.0.typed-jsonl'.

The above exception was the direct cause of the following exception:

Traceback (most recent call last):
  File "/home/airflow/.local/lib/python3.10/site-packages/airflow/models/taskinstance.py", line 465, in _execute_task
    result = _execute_callable(context=context, **execute_callable_kwargs)
  File "/home/airflow/.local/lib/python3.10/site-packages/airflow/models/taskinstance.py", line 432, in _execute_callable
    return execute_callable(context=context, **execute_callable_kwargs)
  File "/home/airflow/.local/lib/python3.10/site-packages/airflow/models/baseoperator.py", line 401, in wrapper
    return func(self, *args, **kwargs)
  File "/home/airflow/.local/lib/python3.10/site-packages/airflow/operators/python.py", line 235, in execute
    return_value = self.execute_callable()
  File "/home/airflow/.local/lib/python3.10/site-packages/airflow/operators/python.py", line 252, in execute_callable
    return self.python_callable(*self.op_args, **self.op_kwargs)
  File "/opt/airflow/scripts/ingestion_data.py", line 89, in load_to_postgres
    raise e
  File "/opt/airflow/scripts/ingestion_data.py", line 78, in load_to_postgres
    load_info = pipeline.run(
  File "/home/airflow/.local/lib/python3.10/site-packages/dlt/pipeline/pipeline.py", line 226, in _wrap
    step_info = f(self, *args, **kwargs)
  File "/home/airflow/.local/lib/python3.10/site-packages/dlt/pipeline/pipeline.py", line 275, in _wrap
    return f(self, *args, **kwargs)
  File "/home/airflow/.local/lib/python3.10/site-packages/dlt/pipeline/pipeline.py", line 746, in run
    self.normalize(loader_file_format=loader_file_format)
  File "/home/airflow/.local/lib/python3.10/site-packages/dlt/pipeline/pipeline.py", line 226, in _wrap
    step_info = f(self, *args, **kwargs)
  File "/home/airflow/.local/lib/python3.10/site-packages/dlt/pipeline/pipeline.py", line 180, in _wrap
    rv = f(self, *args, **kwargs)
  File "/home/airflow/.local/lib/python3.10/site-packages/dlt/pipeline/pipeline.py", line 275, in _wrap
    return f(self, *args, **kwargs)
  File "/home/airflow/.local/lib/python3.10/site-packages/dlt/pipeline/pipeline.py", line 557, in normalize
    raise PipelineStepFailed(
dlt.pipeline.exceptions.PipelineStepFailed: Pipeline execution failed at stage normalize when processing package 1775470205.1050751 with exception:

<class 'dlt.normalize.exceptions.NormalizeJobFailed'>
Job for products.f91c7825f2.typed-jsonl failed terminally in load 1775470205.1050751 with message [Errno 2] No such file or directory: '/home/airflow/.dlt/pipelines/olist_bulk_loader/normalize/extracted/1775470205.1050751/new_jobs/products.f91c7825f2.0.typed-jsonl'.
[2026-04-06T10:15:29.606+0000] {taskinstance.py:1206} INFO - Marking task as FAILED. dag_id=pipeline, task_id=ingest_csv_to_bronze, run_id=manual__2026-04-06T10:09:56.782320+00:00, execution_date=20260406T100956, start_date=20260406T101001, end_date=20260406T101529
[2026-04-06T10:15:29.642+0000] {standard_task_runner.py:110} ERROR - Failed to execute job 63 for task ingest_csv_to_bronze (Pipeline execution failed at stage normalize when processing package 1775470205.1050751 with exception:

<class 'dlt.normalize.exceptions.NormalizeJobFailed'>
Job for products.f91c7825f2.typed-jsonl failed terminally in load 1775470205.1050751 with message [Errno 2] No such file or directory: '/home/airflow/.dlt/pipelines/olist_bulk_loader/normalize/extracted/1775470205.1050751/new_jobs/products.f91c7825f2.0.typed-jsonl'.; 1672)
[2026-04-06T10:15:29.714+0000] {local_task_job_runner.py:243} INFO - Task exited with return code 1
[2026-04-06T10:15:29.988+0000] {taskinstance.py:3503} INFO - 0 downstream tasks scheduled from follow-on schedule check
[2026-04-06T10:15:30.003+0000] {local_task_job_runner.py:222} INFO - ::endgroup::
