[2026-04-06T09:11:36.967+0000] {local_task_job_runner.py:120} INFO - ::group::Pre task execution logs
[2026-04-06T09:11:37.096+0000] {taskinstance.py:2076} INFO - Dependencies all met for dep_context=non-requeueable deps ti=<TaskInstance: pipeline.ingest_csv_to_bronze manual__2026-04-06T09:11:33.794218+00:00 [queued]>
[2026-04-06T09:11:37.115+0000] {taskinstance.py:2076} INFO - Dependencies all met for dep_context=requeueable deps ti=<TaskInstance: pipeline.ingest_csv_to_bronze manual__2026-04-06T09:11:33.794218+00:00 [queued]>
[2026-04-06T09:11:37.116+0000] {taskinstance.py:2306} INFO - Starting attempt 1 of 1
[2026-04-06T09:11:37.140+0000] {taskinstance.py:2330} INFO - Executing <Task(PythonOperator): ingest_csv_to_bronze> on 2026-04-06 09:11:33.794218+00:00
[2026-04-06T09:11:37.158+0000] {standard_task_runner.py:64} INFO - Started process 654 to run task
[2026-04-06T09:11:37.165+0000] {standard_task_runner.py:90} INFO - Running: ['airflow', 'tasks', 'run', 'pipeline', 'ingest_csv_to_bronze', 'manual__2026-04-06T09:11:33.794218+00:00', '--job-id', '32', '--raw', '--subdir', 'DAGS_FOLDER/pipeline.py', '--cfg-path', '/tmp/tmp3ydwqvg3']
[2026-04-06T09:11:37.173+0000] {standard_task_runner.py:91} INFO - Job 32: Subtask ingest_csv_to_bronze
[2026-04-06T09:11:37.543+0000] {task_command.py:426} INFO - Running <TaskInstance: pipeline.ingest_csv_to_bronze manual__2026-04-06T09:11:33.794218+00:00 [running]> on host 503d89ed3fcb
[2026-04-06T09:11:37.953+0000] {taskinstance.py:2648} INFO - Exporting env vars: AIRFLOW_CTX_DAG_OWNER='data_engineer' AIRFLOW_CTX_DAG_ID='pipeline' AIRFLOW_CTX_TASK_ID='ingest_csv_to_bronze' AIRFLOW_CTX_EXECUTION_DATE='2026-04-06T09:11:33.794218+00:00' AIRFLOW_CTX_TRY_NUMBER='1' AIRFLOW_CTX_DAG_RUN_ID='manual__2026-04-06T09:11:33.794218+00:00'
[2026-04-06T09:11:37.955+0000] {taskinstance.py:430} INFO - ::endgroup::
[2026-04-06T09:11:37.978+0000] {logging_mixin.py:188} INFO - 🚀 Lancement DLT : Injection vers la base 'Olist'
[2026-04-06T09:11:39.150+0000] {config_providers_context.py:146} WARNING - Airflow variable 'dlt_secrets_toml' was not found. This Airflow variable is a recommended place to hold the content of secrets.toml.If you do not use Airflow variables to hold dlt configuration or use variables with other names you can ignore this warning.
[2026-04-06T09:11:53.043+0000] {logging_mixin.py:188} INFO - 📥 Préparation de olist_customers_dataset.csv → customers
[2026-04-06T09:11:53.047+0000] {logging_mixin.py:188} INFO - 📥 Préparation de olist_geolocation_dataset.csv → geolocation
[2026-04-06T09:11:53.048+0000] {logging_mixin.py:188} INFO - 📥 Préparation de olist_orders_dataset.csv → orders
[2026-04-06T09:11:53.049+0000] {logging_mixin.py:188} INFO - 📥 Préparation de olist_order_items_dataset.csv → order_items
[2026-04-06T09:11:53.050+0000] {logging_mixin.py:188} INFO - 📥 Préparation de olist_order_payments_dataset.csv → order_payments
[2026-04-06T09:11:53.051+0000] {logging_mixin.py:188} INFO - 📥 Préparation de olist_order_reviews_dataset.csv → order_reviews
[2026-04-06T09:11:53.052+0000] {logging_mixin.py:188} INFO - 📥 Préparation de olist_products_dataset.csv → products
[2026-04-06T09:11:53.053+0000] {logging_mixin.py:188} INFO - 📥 Préparation de olist_sellers_dataset.csv → sellers
[2026-04-06T09:11:53.054+0000] {logging_mixin.py:188} INFO - 📥 Préparation de product_category_name_translation.csv → product_category_translation
[2026-04-06T09:16:02.584+0000] {logging_mixin.py:188} INFO - ✅ Chargement terminé avec succès !
[2026-04-06T09:16:02.596+0000] {logging_mixin.py:188} INFO - Pipeline olist_bulk_loader load step completed in 35.67 seconds
1 load package(s) were loaded to destination postgres and into dataset bronze
The postgres destination used postgresql://postgres:***@host.docker.internal:5432/Olist location to store data
Load package 1775466723.6170323 is LOADED and contains no failed jobs
[2026-04-06T09:16:02.599+0000] {python.py:237} INFO - Done. Returned value was: None
[2026-04-06T09:16:02.602+0000] {taskinstance.py:441} INFO - ::group::Post task execution logs
[2026-04-06T09:16:02.806+0000] {taskinstance.py:1206} INFO - Marking task as SUCCESS. dag_id=pipeline, task_id=ingest_csv_to_bronze, run_id=manual__2026-04-06T09:11:33.794218+00:00, execution_date=20260406T091133, start_date=20260406T091137, end_date=20260406T091602
[2026-04-06T09:16:03.078+0000] {local_task_job_runner.py:243} INFO - Task exited with return code 0
[2026-04-06T09:16:03.371+0000] {taskinstance.py:3503} INFO - 0 downstream tasks scheduled from follow-on schedule check
[2026-04-06T09:16:03.374+0000] {local_task_job_runner.py:222} INFO - ::endgroup::
