[2026-04-06T13:15:47.145+0000] {local_task_job_runner.py:120} INFO - ::group::Pre task execution logs
[2026-04-06T13:15:47.226+0000] {taskinstance.py:2076} INFO - Dependencies all met for dep_context=non-requeueable deps ti=<TaskInstance: pipeline.dbt_gold manual__2026-04-06T13:11:05.368592+00:00 [queued]>
[2026-04-06T13:15:47.242+0000] {taskinstance.py:2076} INFO - Dependencies all met for dep_context=requeueable deps ti=<TaskInstance: pipeline.dbt_gold manual__2026-04-06T13:11:05.368592+00:00 [queued]>
[2026-04-06T13:15:47.242+0000] {taskinstance.py:2306} INFO - Starting attempt 1 of 1
[2026-04-06T13:15:47.263+0000] {taskinstance.py:2330} INFO - Executing <Task(BashOperator): dbt_gold> on 2026-04-06 13:11:05.368592+00:00
[2026-04-06T13:15:47.273+0000] {standard_task_runner.py:64} INFO - Started process 1053 to run task
[2026-04-06T13:15:47.278+0000] {standard_task_runner.py:90} INFO - Running: ['airflow', 'tasks', 'run', 'pipeline', 'dbt_gold', 'manual__2026-04-06T13:11:05.368592+00:00', '--job-id', '98', '--raw', '--subdir', 'DAGS_FOLDER/pipeline.py', '--cfg-path', '/tmp/tmp7pw2ut6f']
[2026-04-06T13:15:47.283+0000] {standard_task_runner.py:91} INFO - Job 98: Subtask dbt_gold
[2026-04-06T13:15:47.495+0000] {task_command.py:426} INFO - Running <TaskInstance: pipeline.dbt_gold manual__2026-04-06T13:11:05.368592+00:00 [running]> on host 01524f5c0bbf
[2026-04-06T13:15:47.881+0000] {taskinstance.py:2648} INFO - Exporting env vars: AIRFLOW_CTX_DAG_OWNER='data_engineer' AIRFLOW_CTX_DAG_ID='pipeline' AIRFLOW_CTX_TASK_ID='dbt_gold' AIRFLOW_CTX_EXECUTION_DATE='2026-04-06T13:11:05.368592+00:00' AIRFLOW_CTX_TRY_NUMBER='1' AIRFLOW_CTX_DAG_RUN_ID='manual__2026-04-06T13:11:05.368592+00:00'
[2026-04-06T13:15:47.882+0000] {taskinstance.py:430} INFO - ::endgroup::
[2026-04-06T13:15:47.900+0000] {subprocess.py:63} INFO - Tmp dir root location: /tmp
[2026-04-06T13:15:47.903+0000] {subprocess.py:75} INFO - Running command: ['/usr/bin/bash', '-c', 'cd /opt/airflow/dbt_project/mon_analyse_olist && dbt run --select marts --profiles-dir .']
[2026-04-06T13:15:47.921+0000] {subprocess.py:86} INFO - Output:
[2026-04-06T13:15:50.705+0000] {subprocess.py:93} INFO - [0m13:15:50  Running with dbt=1.8.8
[2026-04-06T13:15:51.168+0000] {subprocess.py:93} INFO - [0m13:15:51  Registered adapter: postgres=1.9.1
[2026-04-06T13:15:52.020+0000] {subprocess.py:93} INFO - [0m13:15:52  Found 14 models, 11 data tests, 9 sources, 426 macros
[2026-04-06T13:15:52.026+0000] {subprocess.py:93} INFO - [0m13:15:52
[2026-04-06T13:15:52.503+0000] {subprocess.py:93} INFO - [0m13:15:52  Concurrency: 4 threads (target='dev')
[2026-04-06T13:15:52.504+0000] {subprocess.py:93} INFO - [0m13:15:52
[2026-04-06T13:15:52.521+0000] {subprocess.py:93} INFO - [0m13:15:52  1 of 5 START sql table model gold.dim_customers ................................ [RUN]
[2026-04-06T13:15:52.522+0000] {subprocess.py:93} INFO - [0m13:15:52  2 of 5 START sql table model gold.dim_products ................................. [RUN]
[2026-04-06T13:15:52.524+0000] {subprocess.py:93} INFO - [0m13:15:52  3 of 5 START sql table model gold.fct_order_items .............................. [RUN]
[2026-04-06T13:15:52.525+0000] {subprocess.py:93} INFO - [0m13:15:52  4 of 5 START sql table model gold.fct_orders ................................... [RUN]
[2026-04-06T13:15:53.348+0000] {subprocess.py:93} INFO - [0m13:15:53  2 of 5 OK created sql table model gold.dim_products ............................ [[32mSELECT 32951[0m in 0.81s]
[2026-04-06T13:15:53.480+0000] {subprocess.py:93} INFO - [0m13:15:53  1 of 5 OK created sql table model gold.dim_customers ........................... [[32mSELECT 99441[0m in 0.95s]
[2026-04-06T13:15:54.989+0000] {subprocess.py:93} INFO - [0m13:15:54  3 of 5 OK created sql table model gold.fct_order_items ......................... [[32mSELECT 112650[0m in 2.45s]
[2026-04-06T13:15:57.157+0000] {subprocess.py:93} INFO - [0m13:15:57  4 of 5 OK created sql table model gold.fct_orders .............................. [[32mSELECT 99441[0m in 4.62s]
[2026-04-06T13:15:57.163+0000] {subprocess.py:93} INFO - [0m13:15:57  5 of 5 START sql table model gold.dim_customers_rfm ............................ [RUN]
[2026-04-06T13:16:00.366+0000] {subprocess.py:93} INFO - [0m13:16:00  5 of 5 OK created sql table model gold.dim_customers_rfm ....................... [[32mSELECT 96096[0m in 3.20s]
[2026-04-06T13:16:00.452+0000] {subprocess.py:93} INFO - [0m13:16:00
[2026-04-06T13:16:00.454+0000] {subprocess.py:93} INFO - [0m13:16:00  Finished running 5 table models in 0 hours 0 minutes and 8.42 seconds (8.42s).
[2026-04-06T13:16:00.546+0000] {subprocess.py:93} INFO - [0m13:16:00
[2026-04-06T13:16:00.547+0000] {subprocess.py:93} INFO - [0m13:16:00  [32mCompleted successfully[0m
[2026-04-06T13:16:00.549+0000] {subprocess.py:93} INFO - [0m13:16:00
[2026-04-06T13:16:00.551+0000] {subprocess.py:93} INFO - [0m13:16:00  Done. PASS=5 WARN=0 ERROR=0 SKIP=0 TOTAL=5
[2026-04-06T13:16:02.059+0000] {subprocess.py:97} INFO - Command exited with return code 0
[2026-04-06T13:16:02.060+0000] {taskinstance.py:441} INFO - ::group::Post task execution logs
[2026-04-06T13:16:02.239+0000] {taskinstance.py:1206} INFO - Marking task as SUCCESS. dag_id=pipeline, task_id=dbt_gold, run_id=manual__2026-04-06T13:11:05.368592+00:00, execution_date=20260406T131105, start_date=20260406T131547, end_date=20260406T131602
[2026-04-06T13:16:02.323+0000] {local_task_job_runner.py:243} INFO - Task exited with return code 0
[2026-04-06T13:16:02.598+0000] {taskinstance.py:3503} INFO - 1 downstream tasks scheduled from follow-on schedule check
[2026-04-06T13:16:02.606+0000] {local_task_job_runner.py:222} INFO - ::endgroup::
