[2026-04-06T14:05:04.836+0000] {local_task_job_runner.py:120} INFO - ::group::Pre task execution logs
[2026-04-06T14:05:04.973+0000] {taskinstance.py:2076} INFO - Dependencies all met for dep_context=non-requeueable deps ti=<TaskInstance: pipeline.dbt_silver manual__2026-04-06T14:04:35.950600+00:00 [queued]>
[2026-04-06T14:05:04.994+0000] {taskinstance.py:2076} INFO - Dependencies all met for dep_context=requeueable deps ti=<TaskInstance: pipeline.dbt_silver manual__2026-04-06T14:04:35.950600+00:00 [queued]>
[2026-04-06T14:05:04.995+0000] {taskinstance.py:2306} INFO - Starting attempt 1 of 1
[2026-04-06T14:05:05.030+0000] {taskinstance.py:2330} INFO - Executing <Task(BashOperator): dbt_silver> on 2026-04-06 14:04:35.950600+00:00
[2026-04-06T14:05:05.044+0000] {standard_task_runner.py:64} INFO - Started process 222 to run task
[2026-04-06T14:05:05.051+0000] {standard_task_runner.py:90} INFO - Running: ['airflow', 'tasks', 'run', 'pipeline', 'dbt_silver', 'manual__2026-04-06T14:04:35.950600+00:00', '--job-id', '114', '--raw', '--subdir', 'DAGS_FOLDER/pipeline.py', '--cfg-path', '/tmp/tmp_1agc81f']
[2026-04-06T14:05:05.065+0000] {standard_task_runner.py:91} INFO - Job 114: Subtask dbt_silver
[2026-04-06T14:05:05.739+0000] {task_command.py:426} INFO - Running <TaskInstance: pipeline.dbt_silver manual__2026-04-06T14:04:35.950600+00:00 [running]> on host 5a1d364d330a
[2026-04-06T14:05:06.256+0000] {taskinstance.py:2648} INFO - Exporting env vars: AIRFLOW_CTX_DAG_OWNER='data_engineer' AIRFLOW_CTX_DAG_ID='pipeline' AIRFLOW_CTX_TASK_ID='dbt_silver' AIRFLOW_CTX_EXECUTION_DATE='2026-04-06T14:04:35.950600+00:00' AIRFLOW_CTX_TRY_NUMBER='1' AIRFLOW_CTX_DAG_RUN_ID='manual__2026-04-06T14:04:35.950600+00:00'
[2026-04-06T14:05:06.258+0000] {taskinstance.py:430} INFO - ::endgroup::
[2026-04-06T14:05:06.281+0000] {subprocess.py:63} INFO - Tmp dir root location: /tmp
[2026-04-06T14:05:06.283+0000] {subprocess.py:75} INFO - Running command: ['/usr/bin/bash', '-c', 'cd /opt/airflow/dbt_project/mon_analyse_olist && dbt run --select silver --profiles-dir .']
[2026-04-06T14:05:06.298+0000] {subprocess.py:86} INFO - Output:
[2026-04-06T14:05:10.121+0000] {subprocess.py:93} INFO - [0m14:05:10  Running with dbt=1.8.8
[2026-04-06T14:05:10.789+0000] {subprocess.py:93} INFO - [0m14:05:10  Registered adapter: postgres=1.9.1
[2026-04-06T14:05:12.232+0000] {subprocess.py:93} INFO - [0m14:05:12  Found 14 models, 11 data tests, 9 sources, 426 macros
[2026-04-06T14:05:12.243+0000] {subprocess.py:93} INFO - [0m14:05:12
[2026-04-06T14:05:12.847+0000] {subprocess.py:93} INFO - [0m14:05:12  Concurrency: 4 threads (target='dev')
[2026-04-06T14:05:12.850+0000] {subprocess.py:93} INFO - [0m14:05:12
[2026-04-06T14:05:12.887+0000] {subprocess.py:93} INFO - [0m14:05:12  1 of 9 START sql view model silver.stg_category_translation .................... [RUN]
[2026-04-06T14:05:12.889+0000] {subprocess.py:93} INFO - [0m14:05:12  2 of 9 START sql view model silver.stg_customers ............................... [RUN]
[2026-04-06T14:05:12.892+0000] {subprocess.py:93} INFO - [0m14:05:12  3 of 9 START sql view model silver.stg_geolocation ............................. [RUN]
[2026-04-06T14:05:12.894+0000] {subprocess.py:93} INFO - [0m14:05:12  4 of 9 START sql view model silver.stg_order_items ............................. [RUN]
[2026-04-06T14:05:13.889+0000] {subprocess.py:93} INFO - [0m14:05:13  2 of 9 OK created sql view model silver.stg_customers .......................... [[32mCREATE VIEW[0m in 0.97s]
[2026-04-06T14:05:13.893+0000] {subprocess.py:93} INFO - [0m14:05:13  3 of 9 OK created sql view model silver.stg_geolocation ........................ [[32mCREATE VIEW[0m in 0.97s]
[2026-04-06T14:05:13.897+0000] {subprocess.py:93} INFO - [0m14:05:13  1 of 9 OK created sql view model silver.stg_category_translation ............... [[32mCREATE VIEW[0m in 0.98s]
[2026-04-06T14:05:13.900+0000] {subprocess.py:93} INFO - [0m14:05:13  4 of 9 OK created sql view model silver.stg_order_items ........................ [[32mCREATE VIEW[0m in 0.98s]
[2026-04-06T14:05:13.927+0000] {subprocess.py:93} INFO - [0m14:05:13  5 of 9 START sql view model silver.stg_order_payments .......................... [RUN]
[2026-04-06T14:05:13.930+0000] {subprocess.py:93} INFO - [0m14:05:13  6 of 9 START sql view model silver.stg_order_reviews ........................... [RUN]
[2026-04-06T14:05:13.933+0000] {subprocess.py:93} INFO - [0m14:05:13  7 of 9 START sql view model silver.stg_orders .................................. [RUN]
[2026-04-06T14:05:13.936+0000] {subprocess.py:93} INFO - [0m14:05:13  8 of 9 START sql view model silver.stg_products ................................ [RUN]
[2026-04-06T14:05:14.658+0000] {subprocess.py:93} INFO - [0m14:05:14  5 of 9 OK created sql view model silver.stg_order_payments ..................... [[32mCREATE VIEW[0m in 0.70s]
[2026-04-06T14:05:14.663+0000] {subprocess.py:93} INFO - [0m14:05:14  8 of 9 OK created sql view model silver.stg_products ........................... [[32mCREATE VIEW[0m in 0.70s]
[2026-04-06T14:05:14.665+0000] {subprocess.py:93} INFO - [0m14:05:14  6 of 9 OK created sql view model silver.stg_order_reviews ...................... [[32mCREATE VIEW[0m in 0.71s]
[2026-04-06T14:05:14.671+0000] {subprocess.py:93} INFO - [0m14:05:14  7 of 9 OK created sql view model silver.stg_orders ............................. [[32mCREATE VIEW[0m in 0.72s]
[2026-04-06T14:05:14.685+0000] {subprocess.py:93} INFO - [0m14:05:14  9 of 9 START sql view model silver.stg_sellers ................................. [RUN]
[2026-04-06T14:05:15.127+0000] {subprocess.py:93} INFO - [0m14:05:15  9 of 9 OK created sql view model silver.stg_sellers ............................ [[32mCREATE VIEW[0m in 0.43s]
[2026-04-06T14:05:15.711+0000] {subprocess.py:93} INFO - [0m14:05:15
[2026-04-06T14:05:15.728+0000] {subprocess.py:93} INFO - [0m14:05:15  Finished running 9 view models in 0 hours 0 minutes and 3.46 seconds (3.46s).
[2026-04-06T14:05:15.764+0000] {local_task_job_runner.py:313} WARNING - State of this instance has been externally set to success. Terminating instance.
[2026-04-06T14:05:15.787+0000] {local_task_job_runner.py:222} INFO - ::endgroup::
[2026-04-06T14:05:15.795+0000] {process_utils.py:132} INFO - Sending 15 to group 222. PIDs of all processes in the group: [223, 228, 222]
[2026-04-06T14:05:15.803+0000] {process_utils.py:87} INFO - Sending the signal 15 to group 222
[2026-04-06T14:05:15.804+0000] {taskinstance.py:2611} ERROR - Received SIGTERM. Terminating subprocesses.
[2026-04-06T14:05:15.807+0000] {subprocess.py:104} INFO - Sending SIGTERM signal to process group
[2026-04-06T14:05:15.810+0000] {taskinstance.py:441} INFO - ::group::Post task execution logs
[2026-04-06T14:05:16.110+0000] {process_utils.py:80} INFO - Process psutil.Process(pid=223, status='terminated', started='14:05:05') (223) terminated with exit code None
[2026-04-06T14:05:16.114+0000] {process_utils.py:80} INFO - Process psutil.Process(pid=222, status='terminated', exitcode=0, started='14:05:04') (222) terminated with exit code 0
[2026-04-06T14:05:16.116+0000] {process_utils.py:80} INFO - Process psutil.Process(pid=228, status='terminated', started='14:05:10') (228) terminated with exit code None
