[2026-04-06T13:15:34.201+0000] {local_task_job_runner.py:120} INFO - ::group::Pre task execution logs
[2026-04-06T13:15:34.297+0000] {taskinstance.py:2076} INFO - Dependencies all met for dep_context=non-requeueable deps ti=<TaskInstance: pipeline.dbt_silver manual__2026-04-06T13:11:05.368592+00:00 [queued]>
[2026-04-06T13:15:34.369+0000] {taskinstance.py:2076} INFO - Dependencies all met for dep_context=requeueable deps ti=<TaskInstance: pipeline.dbt_silver manual__2026-04-06T13:11:05.368592+00:00 [queued]>
[2026-04-06T13:15:34.370+0000] {taskinstance.py:2306} INFO - Starting attempt 1 of 1
[2026-04-06T13:15:34.393+0000] {taskinstance.py:2330} INFO - Executing <Task(BashOperator): dbt_silver> on 2026-04-06 13:11:05.368592+00:00
[2026-04-06T13:15:34.402+0000] {standard_task_runner.py:64} INFO - Started process 1031 to run task
[2026-04-06T13:15:34.411+0000] {standard_task_runner.py:90} INFO - Running: ['airflow', 'tasks', 'run', 'pipeline', 'dbt_silver', 'manual__2026-04-06T13:11:05.368592+00:00', '--job-id', '97', '--raw', '--subdir', 'DAGS_FOLDER/pipeline.py', '--cfg-path', '/tmp/tmpq5wrdhrr']
[2026-04-06T13:15:34.419+0000] {standard_task_runner.py:91} INFO - Job 97: Subtask dbt_silver
[2026-04-06T13:15:34.717+0000] {task_command.py:426} INFO - Running <TaskInstance: pipeline.dbt_silver manual__2026-04-06T13:11:05.368592+00:00 [running]> on host 01524f5c0bbf
[2026-04-06T13:15:35.247+0000] {taskinstance.py:2648} INFO - Exporting env vars: AIRFLOW_CTX_DAG_OWNER='data_engineer' AIRFLOW_CTX_DAG_ID='pipeline' AIRFLOW_CTX_TASK_ID='dbt_silver' AIRFLOW_CTX_EXECUTION_DATE='2026-04-06T13:11:05.368592+00:00' AIRFLOW_CTX_TRY_NUMBER='1' AIRFLOW_CTX_DAG_RUN_ID='manual__2026-04-06T13:11:05.368592+00:00'
[2026-04-06T13:15:35.251+0000] {taskinstance.py:430} INFO - ::endgroup::
[2026-04-06T13:15:35.273+0000] {subprocess.py:63} INFO - Tmp dir root location: /tmp
[2026-04-06T13:15:35.279+0000] {subprocess.py:75} INFO - Running command: ['/usr/bin/bash', '-c', 'cd /opt/airflow/dbt_project/mon_analyse_olist && dbt run --select silver --profiles-dir .']
[2026-04-06T13:15:35.305+0000] {subprocess.py:86} INFO - Output:
[2026-04-06T13:15:38.710+0000] {subprocess.py:93} INFO - [0m13:15:38  Running with dbt=1.8.8
[2026-04-06T13:15:39.325+0000] {subprocess.py:93} INFO - [0m13:15:39  Registered adapter: postgres=1.9.1
[2026-04-06T13:15:40.297+0000] {subprocess.py:93} INFO - [0m13:15:40  Found 14 models, 11 data tests, 9 sources, 426 macros
[2026-04-06T13:15:40.304+0000] {subprocess.py:93} INFO - [0m13:15:40
[2026-04-06T13:15:40.924+0000] {subprocess.py:93} INFO - [0m13:15:40  Concurrency: 4 threads (target='dev')
[2026-04-06T13:15:40.925+0000] {subprocess.py:93} INFO - [0m13:15:40
[2026-04-06T13:15:40.941+0000] {subprocess.py:93} INFO - [0m13:15:40  1 of 9 START sql view model silver.stg_category_translation .................... [RUN]
[2026-04-06T13:15:40.943+0000] {subprocess.py:93} INFO - [0m13:15:40  2 of 9 START sql view model silver.stg_customers ............................... [RUN]
[2026-04-06T13:15:40.945+0000] {subprocess.py:93} INFO - [0m13:15:40  3 of 9 START sql view model silver.stg_geolocation ............................. [RUN]
[2026-04-06T13:15:40.946+0000] {subprocess.py:93} INFO - [0m13:15:40  4 of 9 START sql view model silver.stg_order_items ............................. [RUN]
[2026-04-06T13:15:41.488+0000] {subprocess.py:93} INFO - [0m13:15:41  2 of 9 OK created sql view model silver.stg_customers .......................... [[32mCREATE VIEW[0m in 0.52s]
[2026-04-06T13:15:41.491+0000] {subprocess.py:93} INFO - [0m13:15:41  1 of 9 OK created sql view model silver.stg_category_translation ............... [[32mCREATE VIEW[0m in 0.53s]
[2026-04-06T13:15:41.494+0000] {subprocess.py:93} INFO - [0m13:15:41  3 of 9 OK created sql view model silver.stg_geolocation ........................ [[32mCREATE VIEW[0m in 0.53s]
[2026-04-06T13:15:41.497+0000] {subprocess.py:93} INFO - [0m13:15:41  4 of 9 OK created sql view model silver.stg_order_items ........................ [[32mCREATE VIEW[0m in 0.53s]
[2026-04-06T13:15:41.519+0000] {subprocess.py:93} INFO - [0m13:15:41  5 of 9 START sql view model silver.stg_order_payments .......................... [RUN]
[2026-04-06T13:15:41.520+0000] {subprocess.py:93} INFO - [0m13:15:41  6 of 9 START sql view model silver.stg_order_reviews ........................... [RUN]
[2026-04-06T13:15:41.523+0000] {subprocess.py:93} INFO - [0m13:15:41  7 of 9 START sql view model silver.stg_orders .................................. [RUN]
[2026-04-06T13:15:41.525+0000] {subprocess.py:93} INFO - [0m13:15:41  8 of 9 START sql view model silver.stg_products ................................ [RUN]
[2026-04-06T13:15:41.913+0000] {subprocess.py:93} INFO - [0m13:15:41  5 of 9 OK created sql view model silver.stg_order_payments ..................... [[32mCREATE VIEW[0m in 0.38s]
[2026-04-06T13:15:41.932+0000] {subprocess.py:93} INFO - [0m13:15:41  9 of 9 START sql view model silver.stg_sellers ................................. [RUN]
[2026-04-06T13:15:41.947+0000] {subprocess.py:93} INFO - [0m13:15:41  6 of 9 OK created sql view model silver.stg_order_reviews ...................... [[32mCREATE VIEW[0m in 0.41s]
[2026-04-06T13:15:41.951+0000] {subprocess.py:93} INFO - [0m13:15:41  7 of 9 OK created sql view model silver.stg_orders ............................. [[32mCREATE VIEW[0m in 0.41s]
[2026-04-06T13:15:41.953+0000] {subprocess.py:93} INFO - [0m13:15:41  8 of 9 OK created sql view model silver.stg_products ........................... [[32mCREATE VIEW[0m in 0.41s]
[2026-04-06T13:15:42.098+0000] {subprocess.py:93} INFO - [0m13:15:42  9 of 9 OK created sql view model silver.stg_sellers ............................ [[32mCREATE VIEW[0m in 0.15s]
[2026-04-06T13:15:42.183+0000] {subprocess.py:93} INFO - [0m13:15:42
[2026-04-06T13:15:42.185+0000] {subprocess.py:93} INFO - [0m13:15:42  Finished running 9 view models in 0 hours 0 minutes and 1.88 seconds (1.88s).
[2026-04-06T13:15:42.272+0000] {subprocess.py:93} INFO - [0m13:15:42
[2026-04-06T13:15:42.274+0000] {subprocess.py:93} INFO - [0m13:15:42  [32mCompleted successfully[0m
[2026-04-06T13:15:42.275+0000] {subprocess.py:93} INFO - [0m13:15:42
[2026-04-06T13:15:42.277+0000] {subprocess.py:93} INFO - [0m13:15:42  Done. PASS=9 WARN=0 ERROR=0 SKIP=0 TOTAL=9
[2026-04-06T13:15:43.789+0000] {subprocess.py:97} INFO - Command exited with return code 0
[2026-04-06T13:15:43.791+0000] {taskinstance.py:441} INFO - ::group::Post task execution logs
[2026-04-06T13:15:43.957+0000] {taskinstance.py:1206} INFO - Marking task as SUCCESS. dag_id=pipeline, task_id=dbt_silver, run_id=manual__2026-04-06T13:11:05.368592+00:00, execution_date=20260406T131105, start_date=20260406T131534, end_date=20260406T131543
[2026-04-06T13:15:44.025+0000] {local_task_job_runner.py:243} INFO - Task exited with return code 0
[2026-04-06T13:15:44.125+0000] {taskinstance.py:3503} INFO - 1 downstream tasks scheduled from follow-on schedule check
[2026-04-06T13:15:44.129+0000] {local_task_job_runner.py:222} INFO - ::endgroup::
