[2026-04-06T10:09:28.391+0000] {local_task_job_runner.py:120} INFO - ::group::Pre task execution logs
[2026-04-06T10:09:28.503+0000] {taskinstance.py:2076} INFO - Dependencies all met for dep_context=non-requeueable deps ti=<TaskInstance: pipeline.dbt_gold manual__2026-04-06T10:00:05.023605+00:00 [queued]>
[2026-04-06T10:09:28.526+0000] {taskinstance.py:2076} INFO - Dependencies all met for dep_context=requeueable deps ti=<TaskInstance: pipeline.dbt_gold manual__2026-04-06T10:00:05.023605+00:00 [queued]>
[2026-04-06T10:09:28.526+0000] {taskinstance.py:2306} INFO - Starting attempt 2 of 2
[2026-04-06T10:09:28.560+0000] {taskinstance.py:2330} INFO - Executing <Task(BashOperator): dbt_gold> on 2026-04-06 10:00:05.023605+00:00
[2026-04-06T10:09:28.573+0000] {standard_task_runner.py:64} INFO - Started process 1626 to run task
[2026-04-06T10:09:28.588+0000] {standard_task_runner.py:90} INFO - Running: ['airflow', 'tasks', 'run', 'pipeline', 'dbt_gold', 'manual__2026-04-06T10:00:05.023605+00:00', '--job-id', '59', '--raw', '--subdir', 'DAGS_FOLDER/pipeline.py', '--cfg-path', '/tmp/tmppf7cseno']
[2026-04-06T10:09:28.602+0000] {standard_task_runner.py:91} INFO - Job 59: Subtask dbt_gold
[2026-04-06T10:09:28.919+0000] {task_command.py:426} INFO - Running <TaskInstance: pipeline.dbt_gold manual__2026-04-06T10:00:05.023605+00:00 [running]> on host 503d89ed3fcb
[2026-04-06T10:09:29.432+0000] {taskinstance.py:2648} INFO - Exporting env vars: AIRFLOW_CTX_DAG_OWNER='data_engineer' AIRFLOW_CTX_DAG_ID='pipeline' AIRFLOW_CTX_TASK_ID='dbt_gold' AIRFLOW_CTX_EXECUTION_DATE='2026-04-06T10:00:05.023605+00:00' AIRFLOW_CTX_TRY_NUMBER='2' AIRFLOW_CTX_DAG_RUN_ID='manual__2026-04-06T10:00:05.023605+00:00'
[2026-04-06T10:09:29.435+0000] {taskinstance.py:430} INFO - ::endgroup::
[2026-04-06T10:09:29.459+0000] {subprocess.py:63} INFO - Tmp dir root location: /tmp
[2026-04-06T10:09:29.461+0000] {subprocess.py:75} INFO - Running command: ['/usr/bin/bash', '-c', 'cd /opt/airflow/dbt_project/mon_analyse_olist && dbt run --select marts --profiles-dir .']
[2026-04-06T10:09:29.480+0000] {subprocess.py:86} INFO - Output:
[2026-04-06T10:09:34.141+0000] {subprocess.py:93} INFO - [0m10:09:34  Running with dbt=1.8.8
[2026-04-06T10:09:34.724+0000] {subprocess.py:93} INFO - [0m10:09:34  Registered adapter: postgres=1.9.1
[2026-04-06T10:09:35.825+0000] {subprocess.py:93} INFO - [0m10:09:35  Found 14 models, 9 sources, 426 macros
[2026-04-06T10:09:35.842+0000] {subprocess.py:93} INFO - [0m10:09:35
[2026-04-06T10:09:36.523+0000] {subprocess.py:93} INFO - [0m10:09:36  Concurrency: 4 threads (target='dev')
[2026-04-06T10:09:36.530+0000] {subprocess.py:93} INFO - [0m10:09:36
[2026-04-06T10:09:36.590+0000] {subprocess.py:93} INFO - [0m10:09:36  1 of 5 START sql table model gold.dim_customers ................................ [RUN]
[2026-04-06T10:09:36.597+0000] {subprocess.py:93} INFO - [0m10:09:36  2 of 5 START sql table model gold.dim_products ................................. [RUN]
[2026-04-06T10:09:36.602+0000] {subprocess.py:93} INFO - [0m10:09:36  3 of 5 START sql table model gold.fct_order_items .............................. [RUN]
[2026-04-06T10:09:36.609+0000] {subprocess.py:93} INFO - [0m10:09:36  4 of 5 START sql table model gold.fct_orders ................................... [RUN]
[2026-04-06T10:09:37.861+0000] {subprocess.py:93} INFO - [0m10:09:37  2 of 5 OK created sql table model gold.dim_products ............................ [[32mSELECT 32951[0m in 1.22s]
[2026-04-06T10:09:38.056+0000] {subprocess.py:93} INFO - [0m10:09:38  1 of 5 OK created sql table model gold.dim_customers ........................... [[32mSELECT 99441[0m in 1.43s]
[2026-04-06T10:09:41.119+0000] {subprocess.py:93} INFO - [0m10:09:41  3 of 5 OK created sql table model gold.fct_order_items ......................... [[32mSELECT 112650[0m in 4.48s]
[2026-04-06T10:09:47.416+0000] {subprocess.py:93} INFO - [0m10:09:47  4 of 5 OK created sql table model gold.fct_orders .............................. [[32mSELECT 99441[0m in 10.76s]
[2026-04-06T10:09:47.425+0000] {subprocess.py:93} INFO - [0m10:09:47  5 of 5 START sql table model gold.dim_customers_rfm ............................ [RUN]
[2026-04-06T10:09:52.199+0000] {subprocess.py:93} INFO - [0m10:09:52  5 of 5 OK created sql table model gold.dim_customers_rfm ....................... [[32mSELECT 96096[0m in 4.73s]
[2026-04-06T10:09:52.426+0000] {subprocess.py:93} INFO - [0m10:09:52
[2026-04-06T10:09:52.430+0000] {subprocess.py:93} INFO - [0m10:09:52  Finished running 5 table models in 0 hours 0 minutes and 16.58 seconds (16.58s).
[2026-04-06T10:09:52.619+0000] {subprocess.py:93} INFO - [0m10:09:52
[2026-04-06T10:09:52.626+0000] {subprocess.py:93} INFO - [0m10:09:52  [32mCompleted successfully[0m
[2026-04-06T10:09:52.628+0000] {subprocess.py:93} INFO - [0m10:09:52
[2026-04-06T10:09:52.633+0000] {subprocess.py:93} INFO - [0m10:09:52  Done. PASS=5 WARN=0 ERROR=0 SKIP=0 TOTAL=5
[2026-04-06T10:09:54.993+0000] {subprocess.py:97} INFO - Command exited with return code 0
[2026-04-06T10:09:54.996+0000] {taskinstance.py:441} INFO - ::group::Post task execution logs
[2026-04-06T10:09:55.248+0000] {taskinstance.py:1206} INFO - Marking task as SUCCESS. dag_id=pipeline, task_id=dbt_gold, run_id=manual__2026-04-06T10:00:05.023605+00:00, execution_date=20260406T100005, start_date=20260406T100928, end_date=20260406T100955
[2026-04-06T10:09:55.364+0000] {local_task_job_runner.py:243} INFO - Task exited with return code 0
[2026-04-06T10:09:55.470+0000] {local_task_job_runner.py:222} INFO - ::endgroup::
