[2026-04-06T10:09:28.265+0000] {local_task_job_runner.py:120} INFO - ::group::Pre task execution logs
[2026-04-06T10:09:28.349+0000] {taskinstance.py:2076} INFO - Dependencies all met for dep_context=non-requeueable deps ti=<TaskInstance: pipeline.dbt_gold manual__2026-04-06T10:00:32.335470+00:00 [queued]>
[2026-04-06T10:09:28.369+0000] {taskinstance.py:2076} INFO - Dependencies all met for dep_context=requeueable deps ti=<TaskInstance: pipeline.dbt_gold manual__2026-04-06T10:00:32.335470+00:00 [queued]>
[2026-04-06T10:09:28.370+0000] {taskinstance.py:2306} INFO - Starting attempt 2 of 2
[2026-04-06T10:09:28.400+0000] {taskinstance.py:2330} INFO - Executing <Task(BashOperator): dbt_gold> on 2026-04-06 10:00:32.335470+00:00
[2026-04-06T10:09:28.414+0000] {standard_task_runner.py:64} INFO - Started process 1625 to run task
[2026-04-06T10:09:28.427+0000] {standard_task_runner.py:90} INFO - Running: ['airflow', 'tasks', 'run', 'pipeline', 'dbt_gold', 'manual__2026-04-06T10:00:32.335470+00:00', '--job-id', '58', '--raw', '--subdir', 'DAGS_FOLDER/pipeline.py', '--cfg-path', '/tmp/tmpt7w_7gub']
[2026-04-06T10:09:28.441+0000] {standard_task_runner.py:91} INFO - Job 58: Subtask dbt_gold
[2026-04-06T10:09:28.756+0000] {task_command.py:426} INFO - Running <TaskInstance: pipeline.dbt_gold manual__2026-04-06T10:00:32.335470+00:00 [running]> on host 503d89ed3fcb
[2026-04-06T10:09:29.184+0000] {taskinstance.py:2648} INFO - Exporting env vars: AIRFLOW_CTX_DAG_OWNER='data_engineer' AIRFLOW_CTX_DAG_ID='pipeline' AIRFLOW_CTX_TASK_ID='dbt_gold' AIRFLOW_CTX_EXECUTION_DATE='2026-04-06T10:00:32.335470+00:00' AIRFLOW_CTX_TRY_NUMBER='2' AIRFLOW_CTX_DAG_RUN_ID='manual__2026-04-06T10:00:32.335470+00:00'
[2026-04-06T10:09:29.186+0000] {taskinstance.py:430} INFO - ::endgroup::
[2026-04-06T10:09:29.206+0000] {subprocess.py:63} INFO - Tmp dir root location: /tmp
[2026-04-06T10:09:29.208+0000] {subprocess.py:75} INFO - Running command: ['/usr/bin/bash', '-c', 'cd /opt/airflow/dbt_project/mon_analyse_olist && dbt run --select marts --profiles-dir .']
[2026-04-06T10:09:29.231+0000] {subprocess.py:86} INFO - Output:
[2026-04-06T10:09:33.529+0000] {subprocess.py:93} INFO - [0m10:09:33  Running with dbt=1.8.8
[2026-04-06T10:09:34.282+0000] {subprocess.py:93} INFO - [0m10:09:34  Registered adapter: postgres=1.9.1
[2026-04-06T10:09:35.206+0000] {subprocess.py:93} INFO - [0m10:09:35  Found 14 models, 9 sources, 426 macros
[2026-04-06T10:09:35.213+0000] {subprocess.py:93} INFO - [0m10:09:35
[2026-04-06T10:09:36.005+0000] {subprocess.py:93} INFO - [0m10:09:36  Concurrency: 4 threads (target='dev')
[2026-04-06T10:09:36.007+0000] {subprocess.py:93} INFO - [0m10:09:36
[2026-04-06T10:09:36.041+0000] {subprocess.py:93} INFO - [0m10:09:36  1 of 5 START sql table model gold.dim_customers ................................ [RUN]
[2026-04-06T10:09:36.048+0000] {subprocess.py:93} INFO - [0m10:09:36  2 of 5 START sql table model gold.dim_products ................................. [RUN]
[2026-04-06T10:09:36.051+0000] {subprocess.py:93} INFO - [0m10:09:36  3 of 5 START sql table model gold.fct_order_items .............................. [RUN]
[2026-04-06T10:09:36.055+0000] {subprocess.py:93} INFO - [0m10:09:36  4 of 5 START sql table model gold.fct_orders ................................... [RUN]
[2026-04-06T10:09:37.295+0000] {subprocess.py:93} INFO - [0m10:09:37  2 of 5 OK created sql table model gold.dim_products ............................ [[32mSELECT 32951[0m in 1.22s]
[2026-04-06T10:09:37.445+0000] {subprocess.py:93} INFO - [0m10:09:37  1 of 5 OK created sql table model gold.dim_customers ........................... [[32mSELECT 99441[0m in 1.38s]
[2026-04-06T10:09:39.009+0000] {subprocess.py:93} INFO - [0m10:09:39  3 of 5 OK created sql table model gold.fct_order_items ......................... [[32mSELECT 112650[0m in 2.94s]
[2026-04-06T10:09:41.893+0000] {subprocess.py:93} INFO - [0m10:09:41  4 of 5 OK created sql table model gold.fct_orders .............................. [[32mSELECT 99441[0m in 5.82s]
[2026-04-06T10:09:41.904+0000] {subprocess.py:93} INFO - [0m10:09:41  5 of 5 START sql table model gold.dim_customers_rfm ............................ [RUN]
[2026-04-06T10:09:46.183+0000] {subprocess.py:93} INFO - [0m10:09:46  5 of 5 OK created sql table model gold.dim_customers_rfm ....................... [[32mSELECT 96096[0m in 4.27s]
[2026-04-06T10:09:46.287+0000] {subprocess.py:93} INFO - [0m10:09:46
[2026-04-06T10:09:46.290+0000] {subprocess.py:93} INFO - [0m10:09:46  Finished running 5 table models in 0 hours 0 minutes and 11.07 seconds (11.07s).
[2026-04-06T10:09:46.435+0000] {subprocess.py:93} INFO - [0m10:09:46
[2026-04-06T10:09:46.440+0000] {subprocess.py:93} INFO - [0m10:09:46  [32mCompleted successfully[0m
[2026-04-06T10:09:46.443+0000] {subprocess.py:93} INFO - [0m10:09:46
[2026-04-06T10:09:46.446+0000] {subprocess.py:93} INFO - [0m10:09:46  Done. PASS=5 WARN=0 ERROR=0 SKIP=0 TOTAL=5
[2026-04-06T10:09:49.149+0000] {subprocess.py:97} INFO - Command exited with return code 0
[2026-04-06T10:09:49.152+0000] {taskinstance.py:441} INFO - ::group::Post task execution logs
[2026-04-06T10:09:49.308+0000] {taskinstance.py:1206} INFO - Marking task as SUCCESS. dag_id=pipeline, task_id=dbt_gold, run_id=manual__2026-04-06T10:00:32.335470+00:00, execution_date=20260406T100032, start_date=20260406T100928, end_date=20260406T100949
[2026-04-06T10:09:49.578+0000] {local_task_job_runner.py:243} INFO - Task exited with return code 0
[2026-04-06T10:09:49.789+0000] {taskinstance.py:3503} INFO - 1 downstream tasks scheduled from follow-on schedule check
[2026-04-06T10:09:49.797+0000] {local_task_job_runner.py:222} INFO - ::endgroup::
