[2026-04-06T10:06:10.906+0000] {local_task_job_runner.py:120} INFO - ::group::Pre task execution logs
[2026-04-06T10:06:11.006+0000] {taskinstance.py:2076} INFO - Dependencies all met for dep_context=non-requeueable deps ti=<TaskInstance: pipeline.dbt_gold manual__2026-04-06T10:00:32.335470+00:00 [queued]>
[2026-04-06T10:06:11.026+0000] {taskinstance.py:2076} INFO - Dependencies all met for dep_context=requeueable deps ti=<TaskInstance: pipeline.dbt_gold manual__2026-04-06T10:00:32.335470+00:00 [queued]>
[2026-04-06T10:06:11.027+0000] {taskinstance.py:2306} INFO - Starting attempt 1 of 1
[2026-04-06T10:06:11.053+0000] {taskinstance.py:2330} INFO - Executing <Task(BashOperator): dbt_gold> on 2026-04-06 10:00:32.335470+00:00
[2026-04-06T10:06:11.064+0000] {standard_task_runner.py:64} INFO - Started process 1505 to run task
[2026-04-06T10:06:11.070+0000] {standard_task_runner.py:90} INFO - Running: ['airflow', 'tasks', 'run', 'pipeline', 'dbt_gold', 'manual__2026-04-06T10:00:32.335470+00:00', '--job-id', '52', '--raw', '--subdir', 'DAGS_FOLDER/pipeline.py', '--cfg-path', '/tmp/tmp4bud9029']
[2026-04-06T10:06:11.076+0000] {standard_task_runner.py:91} INFO - Job 52: Subtask dbt_gold
[2026-04-06T10:06:11.293+0000] {task_command.py:426} INFO - Running <TaskInstance: pipeline.dbt_gold manual__2026-04-06T10:00:32.335470+00:00 [running]> on host 503d89ed3fcb
[2026-04-06T10:06:11.865+0000] {taskinstance.py:2648} INFO - Exporting env vars: AIRFLOW_CTX_DAG_OWNER='data_engineer' AIRFLOW_CTX_DAG_ID='pipeline' AIRFLOW_CTX_TASK_ID='dbt_gold' AIRFLOW_CTX_EXECUTION_DATE='2026-04-06T10:00:32.335470+00:00' AIRFLOW_CTX_TRY_NUMBER='1' AIRFLOW_CTX_DAG_RUN_ID='manual__2026-04-06T10:00:32.335470+00:00'
[2026-04-06T10:06:11.867+0000] {taskinstance.py:430} INFO - ::endgroup::
[2026-04-06T10:06:11.889+0000] {subprocess.py:63} INFO - Tmp dir root location: /tmp
[2026-04-06T10:06:11.891+0000] {subprocess.py:75} INFO - Running command: ['/usr/bin/bash', '-c', 'cd /opt/airflow/dbt_project/mon_analyse_olist && dbt run --select marts --profiles-dir .']
[2026-04-06T10:06:11.930+0000] {subprocess.py:86} INFO - Output:
[2026-04-06T10:06:15.725+0000] {subprocess.py:93} INFO - [0m10:06:15  Running with dbt=1.8.8
[2026-04-06T10:06:16.225+0000] {subprocess.py:93} INFO - [0m10:06:16  Registered adapter: postgres=1.9.1
[2026-04-06T10:06:17.000+0000] {subprocess.py:93} INFO - [0m10:06:17  Found 14 models, 9 sources, 426 macros
[2026-04-06T10:06:17.007+0000] {subprocess.py:93} INFO - [0m10:06:17
[2026-04-06T10:06:17.514+0000] {subprocess.py:93} INFO - [0m10:06:17  Concurrency: 4 threads (target='dev')
[2026-04-06T10:06:17.516+0000] {subprocess.py:93} INFO - [0m10:06:17
[2026-04-06T10:06:17.534+0000] {subprocess.py:93} INFO - [0m10:06:17  1 of 5 START sql table model gold.dim_customers ................................ [RUN]
[2026-04-06T10:06:17.536+0000] {subprocess.py:93} INFO - [0m10:06:17  2 of 5 START sql table model gold.dim_products ................................. [RUN]
[2026-04-06T10:06:17.538+0000] {subprocess.py:93} INFO - [0m10:06:17  3 of 5 START sql table model gold.fct_order_items .............................. [RUN]
[2026-04-06T10:06:17.541+0000] {subprocess.py:93} INFO - [0m10:06:17  4 of 5 START sql table model gold.fct_orders ................................... [RUN]
[2026-04-06T10:06:18.133+0000] {subprocess.py:93} INFO - [0m10:06:18  2 of 5 ERROR creating sql table model gold.dim_products ........................ [[31mERROR[0m in 0.57s]
[2026-04-06T10:06:18.901+0000] {subprocess.py:93} INFO - [0m10:06:18  1 of 5 OK created sql table model gold.dim_customers ........................... [[32mSELECT 99441[0m in 1.35s]
[2026-04-06T10:06:19.950+0000] {subprocess.py:93} INFO - [0m10:06:19  3 of 5 OK created sql table model gold.fct_order_items ......................... [[32mSELECT 112650[0m in 2.40s]
[2026-04-06T10:06:21.995+0000] {subprocess.py:93} INFO - [0m10:06:21  4 of 5 OK created sql table model gold.fct_orders .............................. [[32mSELECT 99441[0m in 4.44s]
[2026-04-06T10:06:22.004+0000] {subprocess.py:93} INFO - [0m10:06:22  5 of 5 START sql table model gold.dim_customers_rfm ............................ [RUN]
[2026-04-06T10:06:25.446+0000] {subprocess.py:93} INFO - [0m10:06:25  5 of 5 OK created sql table model gold.dim_customers_rfm ....................... [[32mSELECT 96096[0m in 3.44s]
[2026-04-06T10:06:25.594+0000] {subprocess.py:93} INFO - [0m10:06:25
[2026-04-06T10:06:25.596+0000] {subprocess.py:93} INFO - [0m10:06:25  Finished running 5 table models in 0 hours 0 minutes and 8.58 seconds (8.58s).
[2026-04-06T10:06:25.685+0000] {subprocess.py:93} INFO - [0m10:06:25
[2026-04-06T10:06:25.688+0000] {subprocess.py:93} INFO - [0m10:06:25  [31mCompleted with 1 error and 0 warnings:[0m
[2026-04-06T10:06:25.690+0000] {subprocess.py:93} INFO - [0m10:06:25
[2026-04-06T10:06:25.692+0000] {subprocess.py:93} INFO - [0m10:06:25    Database Error in model dim_products (models/marts/dim_products.sql)
[2026-04-06T10:06:25.692+0000] {subprocess.py:93} INFO -   ERREUR:  la colonne t.category_name_portuguese n'existe pas
[2026-04-06T10:06:25.693+0000] {subprocess.py:93} INFO -   LINE 21:     ON p.category_name = t.category_name_portuguese
[2026-04-06T10:06:25.694+0000] {subprocess.py:93} INFO -                                     ^
[2026-04-06T10:06:25.694+0000] {subprocess.py:93} INFO -   compiled code at target/run/mon_analyse_olist/models/marts/dim_products.sql
[2026-04-06T10:06:25.695+0000] {subprocess.py:93} INFO - [0m10:06:25
[2026-04-06T10:06:25.695+0000] {subprocess.py:93} INFO - [0m10:06:25  Done. PASS=4 WARN=0 ERROR=1 SKIP=0 TOTAL=5
[2026-04-06T10:06:27.731+0000] {subprocess.py:97} INFO - Command exited with return code 1
[2026-04-06T10:06:27.742+0000] {taskinstance.py:441} INFO - ::group::Post task execution logs
[2026-04-06T10:06:27.825+0000] {taskinstance.py:2905} ERROR - Task failed with exception
Traceback (most recent call last):
  File "/home/airflow/.local/lib/python3.10/site-packages/airflow/models/taskinstance.py", line 465, in _execute_task
    result = _execute_callable(context=context, **execute_callable_kwargs)
  File "/home/airflow/.local/lib/python3.10/site-packages/airflow/models/taskinstance.py", line 432, in _execute_callable
    return execute_callable(context=context, **execute_callable_kwargs)
  File "/home/airflow/.local/lib/python3.10/site-packages/airflow/models/baseoperator.py", line 401, in wrapper
    return func(self, *args, **kwargs)
  File "/home/airflow/.local/lib/python3.10/site-packages/airflow/operators/bash.py", line 243, in execute
    raise AirflowException(
airflow.exceptions.AirflowException: Bash command failed. The command returned a non-zero exit code 1.
[2026-04-06T10:06:27.835+0000] {taskinstance.py:1206} INFO - Marking task as FAILED. dag_id=pipeline, task_id=dbt_gold, run_id=manual__2026-04-06T10:00:32.335470+00:00, execution_date=20260406T100032, start_date=20260406T100611, end_date=20260406T100627
[2026-04-06T10:06:27.885+0000] {standard_task_runner.py:110} ERROR - Failed to execute job 52 for task dbt_gold (Bash command failed. The command returned a non-zero exit code 1.; 1505)
[2026-04-06T10:06:27.911+0000] {local_task_job_runner.py:243} INFO - Task exited with return code 1
[2026-04-06T10:06:28.014+0000] {taskinstance.py:3503} INFO - 0 downstream tasks scheduled from follow-on schedule check
[2026-04-06T10:06:28.023+0000] {local_task_job_runner.py:222} INFO - ::endgroup::
