[2026-04-06T09:00:27.930+0000] {local_task_job_runner.py:120} INFO - ::group::Pre task execution logs
[2026-04-06T09:00:28.073+0000] {taskinstance.py:2076} INFO - Dependencies all met for dep_context=non-requeueable deps ti=<TaskInstance: pipeline.dbt_silver scheduled__2026-04-05T00:00:00+00:00 [queued]>
[2026-04-06T09:00:28.097+0000] {taskinstance.py:2076} INFO - Dependencies all met for dep_context=requeueable deps ti=<TaskInstance: pipeline.dbt_silver scheduled__2026-04-05T00:00:00+00:00 [queued]>
[2026-04-06T09:00:28.098+0000] {taskinstance.py:2306} INFO - Starting attempt 1 of 1
[2026-04-06T09:00:28.137+0000] {taskinstance.py:2330} INFO - Executing <Task(BashOperator): dbt_silver> on 2026-04-05 00:00:00+00:00
[2026-04-06T09:00:28.161+0000] {standard_task_runner.py:64} INFO - Started process 440 to run task
[2026-04-06T09:00:28.175+0000] {standard_task_runner.py:90} INFO - Running: ['airflow', 'tasks', 'run', 'pipeline', 'dbt_silver', 'scheduled__2026-04-05T00:00:00+00:00', '--job-id', '28', '--raw', '--subdir', 'DAGS_FOLDER/pipeline.py', '--cfg-path', '/tmp/tmpgfskf1tr']
[2026-04-06T09:00:28.190+0000] {standard_task_runner.py:91} INFO - Job 28: Subtask dbt_silver
[2026-04-06T09:00:28.605+0000] {task_command.py:426} INFO - Running <TaskInstance: pipeline.dbt_silver scheduled__2026-04-05T00:00:00+00:00 [running]> on host 503d89ed3fcb
[2026-04-06T09:00:29.256+0000] {taskinstance.py:2648} INFO - Exporting env vars: AIRFLOW_CTX_DAG_OWNER='data_engineer' AIRFLOW_CTX_DAG_ID='pipeline' AIRFLOW_CTX_TASK_ID='dbt_silver' AIRFLOW_CTX_EXECUTION_DATE='2026-04-05T00:00:00+00:00' AIRFLOW_CTX_TRY_NUMBER='1' AIRFLOW_CTX_DAG_RUN_ID='scheduled__2026-04-05T00:00:00+00:00'
[2026-04-06T09:00:29.269+0000] {taskinstance.py:430} INFO - ::endgroup::
[2026-04-06T09:00:29.367+0000] {subprocess.py:63} INFO - Tmp dir root location: /tmp
[2026-04-06T09:00:29.374+0000] {subprocess.py:75} INFO - Running command: ['/usr/bin/bash', '-c', 'cd /opt/airflow/dbt_project/mon_analyse_olist && dbt run --select silver --profiles-dir .']
[2026-04-06T09:00:29.425+0000] {subprocess.py:86} INFO - Output:
[2026-04-06T09:00:40.537+0000] {subprocess.py:93} INFO - [0m09:00:40  Running with dbt=1.8.8
[2026-04-06T09:00:42.284+0000] {subprocess.py:93} INFO - [0m09:00:42  Registered adapter: postgres=1.9.1
[2026-04-06T09:00:45.985+0000] {subprocess.py:93} INFO - [0m09:00:45  Encountered an error:
[2026-04-06T09:00:45.986+0000] {subprocess.py:93} INFO - Compilation Error
[2026-04-06T09:00:45.987+0000] {subprocess.py:93} INFO -   Model 'model.mon_analyse_olist.stg_category_translation' (models/silver/stg_category_translation.sql) depends on a source named 'olist.product_category_name_translation' which was not found
[2026-04-06T09:00:48.558+0000] {subprocess.py:97} INFO - Command exited with return code 2
[2026-04-06T09:00:48.560+0000] {taskinstance.py:441} INFO - ::group::Post task execution logs
[2026-04-06T09:00:48.681+0000] {taskinstance.py:2905} ERROR - Task failed with exception
Traceback (most recent call last):
  File "/home/airflow/.local/lib/python3.10/site-packages/airflow/models/taskinstance.py", line 465, in _execute_task
    result = _execute_callable(context=context, **execute_callable_kwargs)
  File "/home/airflow/.local/lib/python3.10/site-packages/airflow/models/taskinstance.py", line 432, in _execute_callable
    return execute_callable(context=context, **execute_callable_kwargs)
  File "/home/airflow/.local/lib/python3.10/site-packages/airflow/models/baseoperator.py", line 401, in wrapper
    return func(self, *args, **kwargs)
  File "/home/airflow/.local/lib/python3.10/site-packages/airflow/operators/bash.py", line 243, in execute
    raise AirflowException(
airflow.exceptions.AirflowException: Bash command failed. The command returned a non-zero exit code 2.
[2026-04-06T09:00:48.693+0000] {taskinstance.py:1206} INFO - Marking task as FAILED. dag_id=pipeline, task_id=dbt_silver, run_id=scheduled__2026-04-05T00:00:00+00:00, execution_date=20260405T000000, start_date=20260406T090028, end_date=20260406T090048
[2026-04-06T09:00:48.842+0000] {standard_task_runner.py:110} ERROR - Failed to execute job 28 for task dbt_silver (Bash command failed. The command returned a non-zero exit code 2.; 440)
[2026-04-06T09:00:48.916+0000] {local_task_job_runner.py:243} INFO - Task exited with return code 1
[2026-04-06T09:00:49.084+0000] {taskinstance.py:3503} INFO - 0 downstream tasks scheduled from follow-on schedule check
[2026-04-06T09:00:49.115+0000] {local_task_job_runner.py:222} INFO - ::endgroup::
