[2026-04-06T09:51:35.783+0000] {local_task_job_runner.py:120} INFO - ::group::Pre task execution logs
[2026-04-06T09:51:35.955+0000] {taskinstance.py:2076} INFO - Dependencies all met for dep_context=non-requeueable deps ti=<TaskInstance: pipeline.ingest_csv_to_bronze manual__2026-04-06T09:51:33.016470+00:00 [queued]>
[2026-04-06T09:51:35.987+0000] {taskinstance.py:2076} INFO - Dependencies all met for dep_context=requeueable deps ti=<TaskInstance: pipeline.ingest_csv_to_bronze manual__2026-04-06T09:51:33.016470+00:00 [queued]>
[2026-04-06T09:51:35.989+0000] {taskinstance.py:2306} INFO - Starting attempt 1 of 1
[2026-04-06T09:51:36.032+0000] {taskinstance.py:2330} INFO - Executing <Task(PythonOperator): ingest_csv_to_bronze> on 2026-04-06 09:51:33.016470+00:00
[2026-04-06T09:51:36.062+0000] {standard_task_runner.py:64} INFO - Started process 1182 to run task
[2026-04-06T09:51:36.089+0000] {standard_task_runner.py:90} INFO - Running: ['airflow', 'tasks', 'run', 'pipeline', 'ingest_csv_to_bronze', 'manual__2026-04-06T09:51:33.016470+00:00', '--job-id', '40', '--raw', '--subdir', 'DAGS_FOLDER/pipeline.py', '--cfg-path', '/tmp/tmp29wianx0']
[2026-04-06T09:51:36.103+0000] {standard_task_runner.py:91} INFO - Job 40: Subtask ingest_csv_to_bronze
[2026-04-06T09:51:36.553+0000] {task_command.py:426} INFO - Running <TaskInstance: pipeline.ingest_csv_to_bronze manual__2026-04-06T09:51:33.016470+00:00 [running]> on host 503d89ed3fcb
[2026-04-06T09:51:36.939+0000] {taskinstance.py:2648} INFO - Exporting env vars: AIRFLOW_CTX_DAG_OWNER='data_engineer' AIRFLOW_CTX_DAG_ID='pipeline' AIRFLOW_CTX_TASK_ID='ingest_csv_to_bronze' AIRFLOW_CTX_EXECUTION_DATE='2026-04-06T09:51:33.016470+00:00' AIRFLOW_CTX_TRY_NUMBER='1' AIRFLOW_CTX_DAG_RUN_ID='manual__2026-04-06T09:51:33.016470+00:00'
[2026-04-06T09:51:36.941+0000] {taskinstance.py:430} INFO - ::endgroup::
[2026-04-06T09:51:36.966+0000] {logging_mixin.py:188} INFO - 🚀 Lancement DLT : Injection groupée vers 'Olist'
[2026-04-06T09:51:38.058+0000] {config_providers_context.py:146} WARNING - Airflow variable 'dlt_secrets_toml' was not found. This Airflow variable is a recommended place to hold the content of secrets.toml.If you do not use Airflow variables to hold dlt configuration or use variables with other names you can ignore this warning.
[2026-04-06T09:51:50.582+0000] {logging_mixin.py:188} INFO - 📦 Préparation de la ressource : customers
[2026-04-06T09:51:50.587+0000] {logging_mixin.py:188} INFO - 📦 Préparation de la ressource : geolocation
[2026-04-06T09:51:50.588+0000] {logging_mixin.py:188} INFO - 📦 Préparation de la ressource : orders
[2026-04-06T09:51:50.588+0000] {logging_mixin.py:188} INFO - 📦 Préparation de la ressource : order_items
[2026-04-06T09:51:50.589+0000] {logging_mixin.py:188} INFO - 📦 Préparation de la ressource : order_payments
[2026-04-06T09:51:50.590+0000] {logging_mixin.py:188} INFO - 📦 Préparation de la ressource : order_reviews
[2026-04-06T09:51:50.590+0000] {logging_mixin.py:188} INFO - 📦 Préparation de la ressource : products
[2026-04-06T09:51:50.591+0000] {logging_mixin.py:188} INFO - 📦 Préparation de la ressource : sellers
[2026-04-06T09:51:50.591+0000] {logging_mixin.py:188} INFO - 📦 Préparation de la ressource : product_category_translation
[2026-04-06T09:51:50.592+0000] {logging_mixin.py:188} INFO - ⚡ Envoi de 9 tables en une seule session...
[2026-04-06T09:52:17.757+0000] {local_task_job_runner.py:313} WARNING - State of this instance has been externally set to queued. Terminating instance.
[2026-04-06T09:52:17.762+0000] {local_task_job_runner.py:222} INFO - ::endgroup::
[2026-04-06T09:52:17.785+0000] {process_utils.py:132} INFO - Sending 15 to group 1182. PIDs of all processes in the group: [1182]
[2026-04-06T09:52:17.786+0000] {process_utils.py:87} INFO - Sending the signal 15 to group 1182
[2026-04-06T09:52:17.872+0000] {taskinstance.py:2611} ERROR - Received SIGTERM. Terminating subprocesses.
[2026-04-06T09:52:17.905+0000] {taskinstance.py:441} INFO - ::group::Post task execution logs
[2026-04-06T09:52:18.027+0000] {taskinstance.py:2905} ERROR - Task failed with exception
Traceback (most recent call last):
  File "/home/airflow/.local/lib/python3.10/site-packages/airflow/models/taskinstance.py", line 465, in _execute_task
    result = _execute_callable(context=context, **execute_callable_kwargs)
  File "/home/airflow/.local/lib/python3.10/site-packages/airflow/models/taskinstance.py", line 432, in _execute_callable
    return execute_callable(context=context, **execute_callable_kwargs)
  File "/home/airflow/.local/lib/python3.10/site-packages/airflow/models/baseoperator.py", line 401, in wrapper
    return func(self, *args, **kwargs)
  File "/home/airflow/.local/lib/python3.10/site-packages/airflow/operators/python.py", line 235, in execute
    return_value = self.execute_callable()
  File "/home/airflow/.local/lib/python3.10/site-packages/airflow/operators/python.py", line 252, in execute_callable
    return self.python_callable(*self.op_args, **self.op_kwargs)
  File "/opt/airflow/scripts/ingestion_data.py", line 78, in load_to_postgres
    load_info = pipeline.run(
  File "/home/airflow/.local/lib/python3.10/site-packages/dlt/pipeline/pipeline.py", line 226, in _wrap
    step_info = f(self, *args, **kwargs)
  File "/home/airflow/.local/lib/python3.10/site-packages/dlt/pipeline/pipeline.py", line 275, in _wrap
    return f(self, *args, **kwargs)
  File "/home/airflow/.local/lib/python3.10/site-packages/dlt/pipeline/pipeline.py", line 735, in run
    self.extract(
  File "/home/airflow/.local/lib/python3.10/site-packages/dlt/pipeline/pipeline.py", line 226, in _wrap
    step_info = f(self, *args, **kwargs)
  File "/home/airflow/.local/lib/python3.10/site-packages/dlt/pipeline/pipeline.py", line 180, in _wrap
    rv = f(self, *args, **kwargs)
  File "/home/airflow/.local/lib/python3.10/site-packages/dlt/pipeline/pipeline.py", line 166, in _wrap
    return f(self, *args, **kwargs)
  File "/home/airflow/.local/lib/python3.10/site-packages/dlt/pipeline/pipeline.py", line 275, in _wrap
    return f(self, *args, **kwargs)
  File "/home/airflow/.local/lib/python3.10/site-packages/dlt/pipeline/pipeline.py", line 471, in extract
    self._extract_source(
  File "/home/airflow/.local/lib/python3.10/site-packages/dlt/pipeline/pipeline.py", line 1239, in _extract_source
    load_id = extract.extract(
  File "/home/airflow/.local/lib/python3.10/site-packages/dlt/extract/extract.py", line 421, in extract
    self._extract_single_source(
  File "/home/airflow/.local/lib/python3.10/site-packages/dlt/extract/extract.py", line 353, in _extract_single_source
    extractors[item_format].write_items(
  File "/home/airflow/.local/lib/python3.10/site-packages/dlt/extract/extractors.py", line 140, in write_items
    self._write_to_static_table(resource, table_name, items, meta)
  File "/home/airflow/.local/lib/python3.10/site-packages/dlt/extract/extractors.py", line 228, in _write_to_static_table
    self._write_item(table_name, resource.name, items)
  File "/home/airflow/.local/lib/python3.10/site-packages/dlt/extract/extractors.py", line 172, in _write_item
    new_rows_count = self.item_storage.write_data_item(
  File "/home/airflow/.local/lib/python3.10/site-packages/dlt/common/storages/data_item_storage.py", line 45, in write_data_item
    return writer.write_data_item(item, columns)
  File "/home/airflow/.local/lib/python3.10/site-packages/dlt/common/data_writers/buffered.py", line 112, in write_data_item
    self._flush_items()
  File "/home/airflow/.local/lib/python3.10/site-packages/dlt/common/data_writers/buffered.py", line 250, in _flush_items
    self._writer.write_data(self._buffered_items)
  File "/home/airflow/.local/lib/python3.10/site-packages/dlt/common/data_writers/writers.py", line 184, in write_data
    json.typed_dump(items, self._f)
  File "/home/airflow/.local/lib/python3.10/site-packages/dlt/common/json/_orjson.py", line 32, in typed_dump
    fp.write(typed_dumpb(obj, pretty=pretty))
  File "/usr/local/lib/python3.10/gzip.py", line 289, in write
    self.fileobj.write(self.compress.compress(data))
  File "/home/airflow/.local/lib/python3.10/site-packages/airflow/models/taskinstance.py", line 2613, in signal_handler
    raise AirflowTaskTerminated("Task received SIGTERM signal")
airflow.exceptions.AirflowTaskTerminated: Task received SIGTERM signal
[2026-04-06T09:52:18.060+0000] {taskinstance.py:1206} INFO - Marking task as FAILED. dag_id=pipeline, task_id=ingest_csv_to_bronze, run_id=manual__2026-04-06T09:51:33.016470+00:00, execution_date=20260406T095133, start_date=20260406T095135, end_date=20260406T095218
[2026-04-06T09:52:18.162+0000] {process_utils.py:80} INFO - Process psutil.Process(pid=1182, status='terminated', exitcode=2, started='09:51:35') (1182) terminated with exit code 2
