[2026-04-06T13:58:38.341+0000] {local_task_job_runner.py:120} INFO - ::group::Pre task execution logs
[2026-04-06T13:58:38.477+0000] {taskinstance.py:2076} INFO - Dependencies all met for dep_context=non-requeueable deps ti=<TaskInstance: pipeline.dbt_gold manual__2026-04-06T13:56:03.417693+00:00 [queued]>
[2026-04-06T13:58:38.508+0000] {taskinstance.py:2076} INFO - Dependencies all met for dep_context=requeueable deps ti=<TaskInstance: pipeline.dbt_gold manual__2026-04-06T13:56:03.417693+00:00 [queued]>
[2026-04-06T13:58:38.509+0000] {taskinstance.py:2306} INFO - Starting attempt 1 of 1
[2026-04-06T13:58:38.546+0000] {taskinstance.py:2330} INFO - Executing <Task(BashOperator): dbt_gold> on 2026-04-06 13:56:03.417693+00:00
[2026-04-06T13:58:38.564+0000] {standard_task_runner.py:64} INFO - Started process 1640 to run task
[2026-04-06T13:58:38.570+0000] {standard_task_runner.py:90} INFO - Running: ['airflow', 'tasks', 'run', 'pipeline', 'dbt_gold', 'manual__2026-04-06T13:56:03.417693+00:00', '--job-id', '108', '--raw', '--subdir', 'DAGS_FOLDER/pipeline.py', '--cfg-path', '/tmp/tmpx7vsmhh2']
[2026-04-06T13:58:38.577+0000] {standard_task_runner.py:91} INFO - Job 108: Subtask dbt_gold
[2026-04-06T13:58:38.818+0000] {task_command.py:426} INFO - Running <TaskInstance: pipeline.dbt_gold manual__2026-04-06T13:56:03.417693+00:00 [running]> on host 01524f5c0bbf
[2026-04-06T13:58:39.321+0000] {taskinstance.py:2648} INFO - Exporting env vars: AIRFLOW_CTX_DAG_OWNER='data_engineer' AIRFLOW_CTX_DAG_ID='pipeline' AIRFLOW_CTX_TASK_ID='dbt_gold' AIRFLOW_CTX_EXECUTION_DATE='2026-04-06T13:56:03.417693+00:00' AIRFLOW_CTX_TRY_NUMBER='1' AIRFLOW_CTX_DAG_RUN_ID='manual__2026-04-06T13:56:03.417693+00:00'
[2026-04-06T13:58:39.322+0000] {taskinstance.py:430} INFO - ::endgroup::
[2026-04-06T13:58:39.339+0000] {subprocess.py:63} INFO - Tmp dir root location: /tmp
[2026-04-06T13:58:39.340+0000] {subprocess.py:75} INFO - Running command: ['/usr/bin/bash', '-c', 'cd /opt/airflow/dbt_project/mon_analyse_olist && dbt run --select marts --profiles-dir .']
[2026-04-06T13:58:39.356+0000] {subprocess.py:86} INFO - Output:
[2026-04-06T13:58:44.008+0000] {subprocess.py:93} INFO - [0m13:58:44  Running with dbt=1.8.8
[2026-04-06T13:58:44.594+0000] {subprocess.py:93} INFO - [0m13:58:44  Registered adapter: postgres=1.9.1
[2026-04-06T13:58:46.122+0000] {subprocess.py:93} INFO - [0m13:58:46  Found 14 models, 11 data tests, 9 sources, 426 macros
[2026-04-06T13:58:46.140+0000] {subprocess.py:93} INFO - [0m13:58:46
[2026-04-06T13:58:47.081+0000] {subprocess.py:93} INFO - [0m13:58:47  Concurrency: 4 threads (target='dev')
[2026-04-06T13:58:47.084+0000] {subprocess.py:93} INFO - [0m13:58:47
[2026-04-06T13:58:47.148+0000] {subprocess.py:93} INFO - [0m13:58:47  1 of 5 START sql table model gold.dim_customers ................................ [RUN]
[2026-04-06T13:58:47.154+0000] {subprocess.py:93} INFO - [0m13:58:47  2 of 5 START sql table model gold.dim_products ................................. [RUN]
[2026-04-06T13:58:47.160+0000] {subprocess.py:93} INFO - [0m13:58:47  3 of 5 START sql table model gold.fct_order_items .............................. [RUN]
[2026-04-06T13:58:47.163+0000] {subprocess.py:93} INFO - [0m13:58:47  4 of 5 START sql table model gold.fct_orders ................................... [RUN]
[2026-04-06T13:58:48.724+0000] {subprocess.py:93} INFO - [0m13:58:48  2 of 5 OK created sql table model gold.dim_products ............................ [[32mSELECT 32951[0m in 1.54s]
[2026-04-06T13:58:49.015+0000] {subprocess.py:93} INFO - [0m13:58:49  1 of 5 OK created sql table model gold.dim_customers ........................... [[32mSELECT 99441[0m in 1.84s]
[2026-04-06T13:58:49.103+0000] {local_task_job_runner.py:313} WARNING - State of this instance has been externally set to success. Terminating instance.
[2026-04-06T13:58:49.108+0000] {local_task_job_runner.py:222} INFO - ::endgroup::
[2026-04-06T13:58:49.111+0000] {process_utils.py:132} INFO - Sending 15 to group 1640. PIDs of all processes in the group: [1642, 1656, 1640]
[2026-04-06T13:58:49.111+0000] {process_utils.py:87} INFO - Sending the signal 15 to group 1640
[2026-04-06T13:58:49.112+0000] {taskinstance.py:2611} ERROR - Received SIGTERM. Terminating subprocesses.
[2026-04-06T13:58:49.113+0000] {subprocess.py:104} INFO - Sending SIGTERM signal to process group
[2026-04-06T13:58:49.116+0000] {taskinstance.py:441} INFO - ::group::Post task execution logs
[2026-04-06T13:58:49.209+0000] {process_utils.py:80} INFO - Process psutil.Process(pid=1656, status='terminated', started='13:58:44') (1656) terminated with exit code None
[2026-04-06T13:58:49.439+0000] {process_utils.py:80} INFO - Process psutil.Process(pid=1640, status='terminated', exitcode=0, started='13:58:38') (1640) terminated with exit code 0
[2026-04-06T13:58:49.448+0000] {process_utils.py:80} INFO - Process psutil.Process(pid=1642, status='terminated', started='13:58:38') (1642) terminated with exit code None
