[2026-04-06T14:20:11.622+0000] {local_task_job_runner.py:120} INFO - ::group::Pre task execution logs
[2026-04-06T14:20:11.894+0000] {taskinstance.py:2076} INFO - Dependencies all met for dep_context=non-requeueable deps ti=<TaskInstance: pipeline.dbt_silver manual__2026-04-06T14:19:55.730009+00:00 [queued]>
[2026-04-06T14:20:11.931+0000] {taskinstance.py:2076} INFO - Dependencies all met for dep_context=requeueable deps ti=<TaskInstance: pipeline.dbt_silver manual__2026-04-06T14:19:55.730009+00:00 [queued]>
[2026-04-06T14:20:11.933+0000] {taskinstance.py:2306} INFO - Starting attempt 1 of 1
[2026-04-06T14:20:11.983+0000] {taskinstance.py:2330} INFO - Executing <Task(BashOperator): dbt_silver> on 2026-04-06 14:19:55.730009+00:00
[2026-04-06T14:20:12.007+0000] {standard_task_runner.py:64} INFO - Started process 344 to run task
[2026-04-06T14:20:12.021+0000] {standard_task_runner.py:90} INFO - Running: ['airflow', 'tasks', 'run', 'pipeline', 'dbt_silver', 'manual__2026-04-06T14:19:55.730009+00:00', '--job-id', '132', '--raw', '--subdir', 'DAGS_FOLDER/pipeline.py', '--cfg-path', '/tmp/tmps002e17x']
[2026-04-06T14:20:12.031+0000] {standard_task_runner.py:91} INFO - Job 132: Subtask dbt_silver
[2026-04-06T14:20:12.434+0000] {task_command.py:426} INFO - Running <TaskInstance: pipeline.dbt_silver manual__2026-04-06T14:19:55.730009+00:00 [running]> on host 7b6c21d2cd2f
[2026-04-06T14:20:13.042+0000] {taskinstance.py:2648} INFO - Exporting env vars: AIRFLOW_CTX_DAG_OWNER='data_engineer' AIRFLOW_CTX_DAG_ID='pipeline' AIRFLOW_CTX_TASK_ID='dbt_silver' AIRFLOW_CTX_EXECUTION_DATE='2026-04-06T14:19:55.730009+00:00' AIRFLOW_CTX_TRY_NUMBER='1' AIRFLOW_CTX_DAG_RUN_ID='manual__2026-04-06T14:19:55.730009+00:00'
[2026-04-06T14:20:13.046+0000] {taskinstance.py:430} INFO - ::endgroup::
[2026-04-06T14:20:13.076+0000] {subprocess.py:63} INFO - Tmp dir root location: /tmp
[2026-04-06T14:20:13.078+0000] {subprocess.py:75} INFO - Running command: ['/usr/bin/bash', '-c', 'cd /opt/airflow/dbt_project/mon_analyse_olist && dbt run --select silver --profiles-dir .']
[2026-04-06T14:20:13.106+0000] {subprocess.py:86} INFO - Output:
[2026-04-06T14:20:18.688+0000] {subprocess.py:93} INFO - [0m14:20:18  Running with dbt=1.8.8
[2026-04-06T14:20:19.263+0000] {subprocess.py:93} INFO - [0m14:20:19  Registered adapter: postgres=1.9.1
[2026-04-06T14:20:20.724+0000] {subprocess.py:93} INFO - [0m14:20:20  Found 14 models, 11 data tests, 9 sources, 426 macros
[2026-04-06T14:20:20.738+0000] {subprocess.py:93} INFO - [0m14:20:20
[2026-04-06T14:20:21.533+0000] {subprocess.py:93} INFO - [0m14:20:21  Concurrency: 4 threads (target='dev')
[2026-04-06T14:20:21.535+0000] {subprocess.py:93} INFO - [0m14:20:21
[2026-04-06T14:20:21.561+0000] {subprocess.py:93} INFO - [0m14:20:21  1 of 9 START sql view model silver.stg_category_translation .................... [RUN]
[2026-04-06T14:20:21.563+0000] {subprocess.py:93} INFO - [0m14:20:21  2 of 9 START sql view model silver.stg_customers ............................... [RUN]
[2026-04-06T14:20:21.564+0000] {subprocess.py:93} INFO - [0m14:20:21  3 of 9 START sql view model silver.stg_geolocation ............................. [RUN]
[2026-04-06T14:20:21.566+0000] {subprocess.py:93} INFO - [0m14:20:21  4 of 9 START sql view model silver.stg_order_items ............................. [RUN]
[2026-04-06T14:20:22.282+0000] {subprocess.py:93} INFO - [0m14:20:22  3 of 9 OK created sql view model silver.stg_geolocation ........................ [[32mCREATE VIEW[0m in 0.70s]
[2026-04-06T14:20:22.309+0000] {subprocess.py:93} INFO - [0m14:20:22  5 of 9 START sql view model silver.stg_order_payments .......................... [RUN]
[2026-04-06T14:20:22.337+0000] {subprocess.py:93} INFO - [0m14:20:22  1 of 9 OK created sql view model silver.stg_category_translation ............... [[32mCREATE VIEW[0m in 0.75s]
[2026-04-06T14:20:22.340+0000] {subprocess.py:93} INFO - [0m14:20:22  4 of 9 OK created sql view model silver.stg_order_items ........................ [[32mCREATE VIEW[0m in 0.75s]
[2026-04-06T14:20:22.344+0000] {subprocess.py:93} INFO - [0m14:20:22  2 of 9 OK created sql view model silver.stg_customers .......................... [[32mCREATE VIEW[0m in 0.76s]
[2026-04-06T14:20:22.369+0000] {subprocess.py:93} INFO - [0m14:20:22  6 of 9 START sql view model silver.stg_order_reviews ........................... [RUN]
[2026-04-06T14:20:22.372+0000] {subprocess.py:93} INFO - [0m14:20:22  7 of 9 START sql view model silver.stg_orders .................................. [RUN]
[2026-04-06T14:20:22.376+0000] {subprocess.py:93} INFO - [0m14:20:22  8 of 9 START sql view model silver.stg_products ................................ [RUN]
[2026-04-06T14:20:22.386+0000] {local_task_job_runner.py:313} WARNING - State of this instance has been externally set to success. Terminating instance.
[2026-04-06T14:20:22.388+0000] {local_task_job_runner.py:222} INFO - ::endgroup::
[2026-04-06T14:20:22.392+0000] {process_utils.py:132} INFO - Sending 15 to group 344. PIDs of all processes in the group: [348, 356, 344]
[2026-04-06T14:20:22.393+0000] {process_utils.py:87} INFO - Sending the signal 15 to group 344
[2026-04-06T14:20:22.394+0000] {taskinstance.py:2611} ERROR - Received SIGTERM. Terminating subprocesses.
[2026-04-06T14:20:22.394+0000] {subprocess.py:104} INFO - Sending SIGTERM signal to process group
[2026-04-06T14:20:22.396+0000] {taskinstance.py:441} INFO - ::group::Post task execution logs
[2026-04-06T14:20:22.447+0000] {process_utils.py:80} INFO - Process psutil.Process(pid=356, status='terminated', started='14:20:18') (356) terminated with exit code None
[2026-04-06T14:20:22.545+0000] {process_utils.py:80} INFO - Process psutil.Process(pid=348, status='terminated', started='14:20:12') (348) terminated with exit code None
[2026-04-06T14:20:22.547+0000] {process_utils.py:80} INFO - Process psutil.Process(pid=344, status='terminated', exitcode=0, started='14:20:11') (344) terminated with exit code 0
