[2026-04-06T11:11:19.210+0000] {local_task_job_runner.py:120} INFO - ::group::Pre task execution logs
[2026-04-06T11:11:19.362+0000] {taskinstance.py:2076} INFO - Dependencies all met for dep_context=non-requeueable deps ti=<TaskInstance: pipeline.dbt_silver manual__2026-04-06T10:59:03.094242+00:00 [queued]>
[2026-04-06T11:11:19.389+0000] {taskinstance.py:2076} INFO - Dependencies all met for dep_context=requeueable deps ti=<TaskInstance: pipeline.dbt_silver manual__2026-04-06T10:59:03.094242+00:00 [queued]>
[2026-04-06T11:11:19.390+0000] {taskinstance.py:2306} INFO - Starting attempt 1 of 1
[2026-04-06T11:11:19.422+0000] {taskinstance.py:2330} INFO - Executing <Task(BashOperator): dbt_silver> on 2026-04-06 10:59:03.094242+00:00
[2026-04-06T11:11:19.439+0000] {standard_task_runner.py:64} INFO - Started process 2532 to run task
[2026-04-06T11:11:19.462+0000] {standard_task_runner.py:90} INFO - Running: ['airflow', 'tasks', 'run', 'pipeline', 'dbt_silver', 'manual__2026-04-06T10:59:03.094242+00:00', '--job-id', '87', '--raw', '--subdir', 'DAGS_FOLDER/pipeline.py', '--cfg-path', '/tmp/tmpcu8g3r7p']
[2026-04-06T11:11:19.492+0000] {standard_task_runner.py:91} INFO - Job 87: Subtask dbt_silver
[2026-04-06T11:11:20.002+0000] {task_command.py:426} INFO - Running <TaskInstance: pipeline.dbt_silver manual__2026-04-06T10:59:03.094242+00:00 [running]> on host 503d89ed3fcb
[2026-04-06T11:11:20.738+0000] {taskinstance.py:2648} INFO - Exporting env vars: AIRFLOW_CTX_DAG_OWNER='data_engineer' AIRFLOW_CTX_DAG_ID='pipeline' AIRFLOW_CTX_TASK_ID='dbt_silver' AIRFLOW_CTX_EXECUTION_DATE='2026-04-06T10:59:03.094242+00:00' AIRFLOW_CTX_TRY_NUMBER='1' AIRFLOW_CTX_DAG_RUN_ID='manual__2026-04-06T10:59:03.094242+00:00'
[2026-04-06T11:11:20.744+0000] {taskinstance.py:430} INFO - ::endgroup::
[2026-04-06T11:11:20.787+0000] {subprocess.py:63} INFO - Tmp dir root location: /tmp
[2026-04-06T11:11:20.800+0000] {subprocess.py:75} INFO - Running command: ['/usr/bin/bash', '-c', 'cd /opt/airflow/dbt_project/mon_analyse_olist && dbt run --select silver --profiles-dir .']
[2026-04-06T11:11:20.835+0000] {subprocess.py:86} INFO - Output:
[2026-04-06T11:11:25.988+0000] {subprocess.py:93} INFO - [0m11:11:25  Running with dbt=1.8.8
[2026-04-06T11:11:26.705+0000] {subprocess.py:93} INFO - [0m11:11:26  Registered adapter: postgres=1.9.1
[2026-04-06T11:11:27.785+0000] {subprocess.py:93} INFO - [0m11:11:27  Found 14 models, 9 sources, 426 macros
[2026-04-06T11:11:27.792+0000] {subprocess.py:93} INFO - [0m11:11:27
[2026-04-06T11:11:28.879+0000] {subprocess.py:93} INFO - [0m11:11:28  Concurrency: 4 threads (target='dev')
[2026-04-06T11:11:28.881+0000] {subprocess.py:93} INFO - [0m11:11:28
[2026-04-06T11:11:28.904+0000] {subprocess.py:93} INFO - [0m11:11:28  1 of 9 START sql view model silver.stg_category_translation .................... [RUN]
[2026-04-06T11:11:28.906+0000] {subprocess.py:93} INFO - [0m11:11:28  2 of 9 START sql view model silver.stg_customers ............................... [RUN]
[2026-04-06T11:11:28.908+0000] {subprocess.py:93} INFO - [0m11:11:28  3 of 9 START sql view model silver.stg_geolocation ............................. [RUN]
[2026-04-06T11:11:28.909+0000] {subprocess.py:93} INFO - [0m11:11:28  4 of 9 START sql view model silver.stg_order_items ............................. [RUN]
[2026-04-06T11:11:29.493+0000] {subprocess.py:93} INFO - [0m11:11:29  2 of 9 OK created sql view model silver.stg_customers .......................... [[32mCREATE VIEW[0m in 0.57s]
[2026-04-06T11:11:29.496+0000] {subprocess.py:93} INFO - [0m11:11:29  3 of 9 OK created sql view model silver.stg_geolocation ........................ [[32mCREATE VIEW[0m in 0.57s]
[2026-04-06T11:11:29.498+0000] {subprocess.py:93} INFO - [0m11:11:29  1 of 9 OK created sql view model silver.stg_category_translation ............... [[32mCREATE VIEW[0m in 0.58s]
[2026-04-06T11:11:29.500+0000] {subprocess.py:93} INFO - [0m11:11:29  4 of 9 OK created sql view model silver.stg_order_items ........................ [[32mCREATE VIEW[0m in 0.57s]
[2026-04-06T11:11:29.517+0000] {subprocess.py:93} INFO - [0m11:11:29  5 of 9 START sql view model silver.stg_order_payments .......................... [RUN]
[2026-04-06T11:11:29.518+0000] {subprocess.py:93} INFO - [0m11:11:29  6 of 9 START sql view model silver.stg_order_reviews ........................... [RUN]
[2026-04-06T11:11:29.520+0000] {subprocess.py:93} INFO - [0m11:11:29  7 of 9 START sql view model silver.stg_orders .................................. [RUN]
[2026-04-06T11:11:29.521+0000] {subprocess.py:93} INFO - [0m11:11:29  8 of 9 START sql view model silver.stg_products ................................ [RUN]
[2026-04-06T11:11:29.856+0000] {subprocess.py:93} INFO - [0m11:11:29  8 of 9 OK created sql view model silver.stg_products ........................... [[32mCREATE VIEW[0m in 0.31s]
[2026-04-06T11:11:29.879+0000] {subprocess.py:93} INFO - [0m11:11:29  9 of 9 START sql view model silver.stg_sellers ................................. [RUN]
[2026-04-06T11:11:29.899+0000] {subprocess.py:93} INFO - [0m11:11:29  5 of 9 OK created sql view model silver.stg_order_payments ..................... [[32mCREATE VIEW[0m in 0.37s]
[2026-04-06T11:11:29.901+0000] {subprocess.py:93} INFO - [0m11:11:29  6 of 9 OK created sql view model silver.stg_order_reviews ...................... [[32mCREATE VIEW[0m in 0.37s]
[2026-04-06T11:11:29.903+0000] {subprocess.py:93} INFO - [0m11:11:29  7 of 9 OK created sql view model silver.stg_orders ............................. [[32mCREATE VIEW[0m in 0.37s]
[2026-04-06T11:11:30.050+0000] {subprocess.py:93} INFO - [0m11:11:30  9 of 9 OK created sql view model silver.stg_sellers ............................ [[32mCREATE VIEW[0m in 0.16s]
[2026-04-06T11:11:30.181+0000] {subprocess.py:93} INFO - [0m11:11:30
[2026-04-06T11:11:30.184+0000] {subprocess.py:93} INFO - [0m11:11:30  Finished running 9 view models in 0 hours 0 minutes and 2.39 seconds (2.39s).
[2026-04-06T11:11:30.315+0000] {subprocess.py:93} INFO - [0m11:11:30
[2026-04-06T11:11:30.317+0000] {subprocess.py:93} INFO - [0m11:11:30  [32mCompleted successfully[0m
[2026-04-06T11:11:30.319+0000] {subprocess.py:93} INFO - [0m11:11:30
[2026-04-06T11:11:30.321+0000] {subprocess.py:93} INFO - [0m11:11:30  Done. PASS=9 WARN=0 ERROR=0 SKIP=0 TOTAL=9
[2026-04-06T11:11:32.082+0000] {subprocess.py:97} INFO - Command exited with return code 0
[2026-04-06T11:11:32.083+0000] {taskinstance.py:441} INFO - ::group::Post task execution logs
[2026-04-06T11:11:32.237+0000] {taskinstance.py:1206} INFO - Marking task as SUCCESS. dag_id=pipeline, task_id=dbt_silver, run_id=manual__2026-04-06T10:59:03.094242+00:00, execution_date=20260406T105903, start_date=20260406T111119, end_date=20260406T111132
[2026-04-06T11:11:32.294+0000] {local_task_job_runner.py:243} INFO - Task exited with return code 0
[2026-04-06T11:11:32.359+0000] {local_task_job_runner.py:222} INFO - ::endgroup::
