[2026-04-07T07:54:52.983+0000] {local_task_job_runner.py:120} INFO - ::group::Pre task execution logs
[2026-04-07T07:54:53.154+0000] {taskinstance.py:2076} INFO - Dependencies all met for dep_context=non-requeueable deps ti=<TaskInstance: pipeline.ingest_csv_to_bronze scheduled__2026-04-06T00:00:00+00:00 [queued]>
[2026-04-07T07:54:53.186+0000] {taskinstance.py:2076} INFO - Dependencies all met for dep_context=requeueable deps ti=<TaskInstance: pipeline.ingest_csv_to_bronze scheduled__2026-04-06T00:00:00+00:00 [queued]>
[2026-04-07T07:54:53.188+0000] {taskinstance.py:2306} INFO - Starting attempt 1 of 1
[2026-04-07T07:54:53.232+0000] {taskinstance.py:2330} INFO - Executing <Task(PythonOperator): ingest_csv_to_bronze> on 2026-04-06 00:00:00+00:00
[2026-04-07T07:54:53.264+0000] {standard_task_runner.py:64} INFO - Started process 175 to run task
[2026-04-07T07:54:53.284+0000] {standard_task_runner.py:90} INFO - Running: ['airflow', 'tasks', 'run', 'pipeline', 'ingest_csv_to_bronze', 'scheduled__2026-04-06T00:00:00+00:00', '--job-id', '142', '--raw', '--subdir', 'DAGS_FOLDER/pipeline.py', '--cfg-path', '/tmp/tmpoq4xpahz']
[2026-04-07T07:54:53.307+0000] {standard_task_runner.py:91} INFO - Job 142: Subtask ingest_csv_to_bronze
[2026-04-07T07:54:53.734+0000] {task_command.py:426} INFO - Running <TaskInstance: pipeline.ingest_csv_to_bronze scheduled__2026-04-06T00:00:00+00:00 [running]> on host 988cc8743556
[2026-04-07T07:54:54.271+0000] {taskinstance.py:2648} INFO - Exporting env vars: AIRFLOW_CTX_DAG_OWNER='data_engineer' AIRFLOW_CTX_DAG_ID='pipeline' AIRFLOW_CTX_TASK_ID='ingest_csv_to_bronze' AIRFLOW_CTX_EXECUTION_DATE='2026-04-06T00:00:00+00:00' AIRFLOW_CTX_TRY_NUMBER='1' AIRFLOW_CTX_DAG_RUN_ID='scheduled__2026-04-06T00:00:00+00:00'
[2026-04-07T07:54:54.273+0000] {taskinstance.py:430} INFO - ::endgroup::
[2026-04-07T07:54:54.373+0000] {ingestion_data.py:50} INFO - 🚀 Lancement du Pipeline DLT | Cible: Olist.bronze
[2026-04-07T07:54:55.966+0000] {config_providers_context.py:146} WARNING - Airflow variable 'dlt_secrets_toml' was not found. This Airflow variable is a recommended place to hold the content of secrets.toml.If you do not use Airflow variables to hold dlt configuration or use variables with other names you can ignore this warning.
[2026-04-07T07:55:10.042+0000] {ingestion_data.py:75} INFO - 🔍 9 fichiers CSV détectés dans /opt/airflow/data
[2026-04-07T07:55:10.043+0000] {ingestion_data.py:82} INFO - 📦 Création de la ressource DLT pour la table: 'customers'
[2026-04-07T07:55:10.047+0000] {ingestion_data.py:82} INFO - 📦 Création de la ressource DLT pour la table: 'geolocation'
[2026-04-07T07:55:10.049+0000] {ingestion_data.py:82} INFO - 📦 Création de la ressource DLT pour la table: 'orders'
[2026-04-07T07:55:10.050+0000] {ingestion_data.py:82} INFO - 📦 Création de la ressource DLT pour la table: 'order_items'
[2026-04-07T07:55:10.051+0000] {ingestion_data.py:82} INFO - 📦 Création de la ressource DLT pour la table: 'order_payments'
[2026-04-07T07:55:10.052+0000] {ingestion_data.py:82} INFO - 📦 Création de la ressource DLT pour la table: 'order_reviews'
[2026-04-07T07:55:10.053+0000] {ingestion_data.py:82} INFO - 📦 Création de la ressource DLT pour la table: 'products'
[2026-04-07T07:55:10.053+0000] {ingestion_data.py:82} INFO - 📦 Création de la ressource DLT pour la table: 'sellers'
[2026-04-07T07:55:10.054+0000] {ingestion_data.py:82} INFO - 📦 Création de la ressource DLT pour la table: 'product_category_translation'
[2026-04-07T07:55:10.055+0000] {ingestion_data.py:95} INFO - ⚡ Début de l'injection batch (bulk load) vers Postgres...
[2026-04-07T08:00:05.323+0000] {ingestion_data.py:105} INFO - --- RAPPORT D'INGESTION ---
[2026-04-07T08:00:05.345+0000] {ingestion_data.py:106} INFO - ✅ Statut final: SUCCESS
[2026-04-07T08:00:05.346+0000] {ingestion_data.py:107} INFO - ⏱️ Durée totale: 310.95 secondes
[2026-04-07T08:00:05.347+0000] {ingestion_data.py:118} CRITICAL - 🚨 ERREUR FATALE LORS DE L'INGESTION
[2026-04-07T08:00:05.347+0000] {ingestion_data.py:119} ERROR - Détails de l'exception: 'LoadPackageInfo' object has no attribute 'update_schema'
[2026-04-07T08:00:05.360+0000] {ingestion_data.py:120} ERROR - Traceback (most recent call last):
  File "/opt/airflow/scripts/ingestion_data.py", line 111, in load_to_postgres
    for table in package.update_schema.keys():
AttributeError: 'LoadPackageInfo' object has no attribute 'update_schema'

[2026-04-07T08:00:05.365+0000] {taskinstance.py:441} INFO - ::group::Post task execution logs
[2026-04-07T08:00:05.400+0000] {taskinstance.py:2905} ERROR - Task failed with exception
Traceback (most recent call last):
  File "/home/airflow/.local/lib/python3.10/site-packages/airflow/models/taskinstance.py", line 465, in _execute_task
    result = _execute_callable(context=context, **execute_callable_kwargs)
  File "/home/airflow/.local/lib/python3.10/site-packages/airflow/models/taskinstance.py", line 432, in _execute_callable
    return execute_callable(context=context, **execute_callable_kwargs)
  File "/home/airflow/.local/lib/python3.10/site-packages/airflow/models/baseoperator.py", line 401, in wrapper
    return func(self, *args, **kwargs)
  File "/home/airflow/.local/lib/python3.10/site-packages/airflow/operators/python.py", line 235, in execute
    return_value = self.execute_callable()
  File "/home/airflow/.local/lib/python3.10/site-packages/airflow/operators/python.py", line 252, in execute_callable
    return self.python_callable(*self.op_args, **self.op_kwargs)
  File "/opt/airflow/scripts/ingestion_data.py", line 122, in load_to_postgres
    raise e
  File "/opt/airflow/scripts/ingestion_data.py", line 111, in load_to_postgres
    for table in package.update_schema.keys():
AttributeError: 'LoadPackageInfo' object has no attribute 'update_schema'
[2026-04-07T08:00:05.568+0000] {taskinstance.py:1206} INFO - Marking task as FAILED. dag_id=pipeline, task_id=ingest_csv_to_bronze, run_id=scheduled__2026-04-06T00:00:00+00:00, execution_date=20260406T000000, start_date=20260407T075453, end_date=20260407T080005
[2026-04-07T08:00:05.755+0000] {standard_task_runner.py:110} ERROR - Failed to execute job 142 for task ingest_csv_to_bronze ('LoadPackageInfo' object has no attribute 'update_schema'; 175)
[2026-04-07T08:00:05.892+0000] {local_task_job_runner.py:243} INFO - Task exited with return code 1
[2026-04-07T08:00:06.412+0000] {taskinstance.py:3503} INFO - 0 downstream tasks scheduled from follow-on schedule check
[2026-04-07T08:00:06.431+0000] {local_task_job_runner.py:222} INFO - ::endgroup::
