[2026-04-06T14:25:09.060+0000] {local_task_job_runner.py:120} INFO - ::group::Pre task execution logs
[2026-04-06T14:25:09.184+0000] {taskinstance.py:2076} INFO - Dependencies all met for dep_context=non-requeueable deps ti=<TaskInstance: pipeline.ingest_csv_to_bronze manual__2026-04-06T14:25:05.520857+00:00 [queued]>
[2026-04-06T14:25:09.204+0000] {taskinstance.py:2076} INFO - Dependencies all met for dep_context=requeueable deps ti=<TaskInstance: pipeline.ingest_csv_to_bronze manual__2026-04-06T14:25:05.520857+00:00 [queued]>
[2026-04-06T14:25:09.205+0000] {taskinstance.py:2306} INFO - Starting attempt 1 of 1
[2026-04-06T14:25:09.230+0000] {taskinstance.py:2330} INFO - Executing <Task(PythonOperator): ingest_csv_to_bronze> on 2026-04-06 14:25:05.520857+00:00
[2026-04-06T14:25:09.241+0000] {standard_task_runner.py:64} INFO - Started process 508 to run task
[2026-04-06T14:25:09.249+0000] {standard_task_runner.py:90} INFO - Running: ['airflow', 'tasks', 'run', 'pipeline', 'ingest_csv_to_bronze', 'manual__2026-04-06T14:25:05.520857+00:00', '--job-id', '140', '--raw', '--subdir', 'DAGS_FOLDER/pipeline.py', '--cfg-path', '/tmp/tmp4brlxwf7']
[2026-04-06T14:25:09.257+0000] {standard_task_runner.py:91} INFO - Job 140: Subtask ingest_csv_to_bronze
[2026-04-06T14:25:09.625+0000] {task_command.py:426} INFO - Running <TaskInstance: pipeline.ingest_csv_to_bronze manual__2026-04-06T14:25:05.520857+00:00 [running]> on host 7b6c21d2cd2f
[2026-04-06T14:25:10.323+0000] {taskinstance.py:2648} INFO - Exporting env vars: AIRFLOW_CTX_DAG_OWNER='data_engineer' AIRFLOW_CTX_DAG_ID='pipeline' AIRFLOW_CTX_TASK_ID='ingest_csv_to_bronze' AIRFLOW_CTX_EXECUTION_DATE='2026-04-06T14:25:05.520857+00:00' AIRFLOW_CTX_TRY_NUMBER='1' AIRFLOW_CTX_DAG_RUN_ID='manual__2026-04-06T14:25:05.520857+00:00'
[2026-04-06T14:25:10.326+0000] {taskinstance.py:430} INFO - ::endgroup::
[2026-04-06T14:25:10.344+0000] {ingestion_data.py:50} INFO - 🚀 Lancement du Pipeline DLT | Cible: Olist.bronze
[2026-04-06T14:25:11.489+0000] {config_providers_context.py:146} WARNING - Airflow variable 'dlt_secrets_toml' was not found. This Airflow variable is a recommended place to hold the content of secrets.toml.If you do not use Airflow variables to hold dlt configuration or use variables with other names you can ignore this warning.
[2026-04-06T14:25:25.218+0000] {ingestion_data.py:75} INFO - 🔍 9 fichiers CSV détectés dans /opt/airflow/data
[2026-04-06T14:25:25.219+0000] {ingestion_data.py:82} INFO - 📦 Création de la ressource DLT pour la table: 'customers'
[2026-04-06T14:25:25.224+0000] {ingestion_data.py:82} INFO - 📦 Création de la ressource DLT pour la table: 'geolocation'
[2026-04-06T14:25:25.225+0000] {ingestion_data.py:82} INFO - 📦 Création de la ressource DLT pour la table: 'orders'
[2026-04-06T14:25:25.226+0000] {ingestion_data.py:82} INFO - 📦 Création de la ressource DLT pour la table: 'order_items'
[2026-04-06T14:25:25.227+0000] {ingestion_data.py:82} INFO - 📦 Création de la ressource DLT pour la table: 'order_payments'
[2026-04-06T14:25:25.227+0000] {ingestion_data.py:82} INFO - 📦 Création de la ressource DLT pour la table: 'order_reviews'
[2026-04-06T14:25:25.228+0000] {ingestion_data.py:82} INFO - 📦 Création de la ressource DLT pour la table: 'products'
[2026-04-06T14:25:25.229+0000] {ingestion_data.py:82} INFO - 📦 Création de la ressource DLT pour la table: 'sellers'
[2026-04-06T14:25:25.230+0000] {ingestion_data.py:82} INFO - 📦 Création de la ressource DLT pour la table: 'product_category_translation'
[2026-04-06T14:25:25.231+0000] {ingestion_data.py:95} INFO - ⚡ Début de l'injection batch (bulk load) vers Postgres...
[2026-04-06T14:29:41.494+0000] {ingestion_data.py:105} INFO - --- RAPPORT D'INGESTION ---
[2026-04-06T14:29:41.498+0000] {ingestion_data.py:106} INFO - ✅ Statut final: SUCCESS
[2026-04-06T14:29:41.499+0000] {ingestion_data.py:107} INFO - ⏱️ Durée totale: 271.15 secondes
[2026-04-06T14:29:41.499+0000] {ingestion_data.py:118} CRITICAL - 🚨 ERREUR FATALE LORS DE L'INGESTION
[2026-04-06T14:29:41.500+0000] {ingestion_data.py:119} ERROR - Détails de l'exception: 'LoadPackageInfo' object has no attribute 'update_schema'
[2026-04-06T14:29:41.507+0000] {ingestion_data.py:120} ERROR - Traceback (most recent call last):
  File "/opt/airflow/scripts/ingestion_data.py", line 111, in load_to_postgres
    for table in package.update_schema.keys():
AttributeError: 'LoadPackageInfo' object has no attribute 'update_schema'

[2026-04-06T14:29:41.508+0000] {taskinstance.py:441} INFO - ::group::Post task execution logs
[2026-04-06T14:29:41.512+0000] {taskinstance.py:2905} ERROR - Task failed with exception
Traceback (most recent call last):
  File "/home/airflow/.local/lib/python3.10/site-packages/airflow/models/taskinstance.py", line 465, in _execute_task
    result = _execute_callable(context=context, **execute_callable_kwargs)
  File "/home/airflow/.local/lib/python3.10/site-packages/airflow/models/taskinstance.py", line 432, in _execute_callable
    return execute_callable(context=context, **execute_callable_kwargs)
  File "/home/airflow/.local/lib/python3.10/site-packages/airflow/models/baseoperator.py", line 401, in wrapper
    return func(self, *args, **kwargs)
  File "/home/airflow/.local/lib/python3.10/site-packages/airflow/operators/python.py", line 235, in execute
    return_value = self.execute_callable()
  File "/home/airflow/.local/lib/python3.10/site-packages/airflow/operators/python.py", line 252, in execute_callable
    return self.python_callable(*self.op_args, **self.op_kwargs)
  File "/opt/airflow/scripts/ingestion_data.py", line 122, in load_to_postgres
    raise e
  File "/opt/airflow/scripts/ingestion_data.py", line 111, in load_to_postgres
    for table in package.update_schema.keys():
AttributeError: 'LoadPackageInfo' object has no attribute 'update_schema'
[2026-04-06T14:29:41.620+0000] {taskinstance.py:1206} INFO - Marking task as FAILED. dag_id=pipeline, task_id=ingest_csv_to_bronze, run_id=manual__2026-04-06T14:25:05.520857+00:00, execution_date=20260406T142505, start_date=20260406T142509, end_date=20260406T142941
[2026-04-06T14:29:41.705+0000] {standard_task_runner.py:110} ERROR - Failed to execute job 140 for task ingest_csv_to_bronze ('LoadPackageInfo' object has no attribute 'update_schema'; 508)
[2026-04-06T14:29:41.770+0000] {local_task_job_runner.py:243} INFO - Task exited with return code 1
[2026-04-06T14:29:41.934+0000] {taskinstance.py:3503} INFO - 0 downstream tasks scheduled from follow-on schedule check
[2026-04-06T14:29:41.947+0000] {local_task_job_runner.py:222} INFO - ::endgroup::
