[2026-04-06T09:52:29.527+0000] {local_task_job_runner.py:120} INFO - ::group::Pre task execution logs
[2026-04-06T09:52:29.622+0000] {taskinstance.py:2076} INFO - Dependencies all met for dep_context=non-requeueable deps ti=<TaskInstance: pipeline.dbt_silver manual__2026-04-06T09:51:33.016470+00:00 [queued]>
[2026-04-06T09:52:29.638+0000] {taskinstance.py:2076} INFO - Dependencies all met for dep_context=requeueable deps ti=<TaskInstance: pipeline.dbt_silver manual__2026-04-06T09:51:33.016470+00:00 [queued]>
[2026-04-06T09:52:29.639+0000] {taskinstance.py:2306} INFO - Starting attempt 1 of 1
[2026-04-06T09:52:29.658+0000] {taskinstance.py:2330} INFO - Executing <Task(BashOperator): dbt_silver> on 2026-04-06 09:51:33.016470+00:00
[2026-04-06T09:52:29.668+0000] {standard_task_runner.py:64} INFO - Started process 1200 to run task
[2026-04-06T09:52:29.680+0000] {standard_task_runner.py:90} INFO - Running: ['airflow', 'tasks', 'run', 'pipeline', 'dbt_silver', 'manual__2026-04-06T09:51:33.016470+00:00', '--job-id', '42', '--raw', '--subdir', 'DAGS_FOLDER/pipeline.py', '--cfg-path', '/tmp/tmpf77tnaw3']
[2026-04-06T09:52:29.692+0000] {standard_task_runner.py:91} INFO - Job 42: Subtask dbt_silver
[2026-04-06T09:52:30.044+0000] {task_command.py:426} INFO - Running <TaskInstance: pipeline.dbt_silver manual__2026-04-06T09:51:33.016470+00:00 [running]> on host 503d89ed3fcb
[2026-04-06T09:52:30.600+0000] {taskinstance.py:2648} INFO - Exporting env vars: AIRFLOW_CTX_DAG_OWNER='data_engineer' AIRFLOW_CTX_DAG_ID='pipeline' AIRFLOW_CTX_TASK_ID='dbt_silver' AIRFLOW_CTX_EXECUTION_DATE='2026-04-06T09:51:33.016470+00:00' AIRFLOW_CTX_TRY_NUMBER='1' AIRFLOW_CTX_DAG_RUN_ID='manual__2026-04-06T09:51:33.016470+00:00'
[2026-04-06T09:52:30.603+0000] {taskinstance.py:430} INFO - ::endgroup::
[2026-04-06T09:52:30.625+0000] {subprocess.py:63} INFO - Tmp dir root location: /tmp
[2026-04-06T09:52:30.627+0000] {subprocess.py:75} INFO - Running command: ['/usr/bin/bash', '-c', 'cd /opt/airflow/dbt_project/mon_analyse_olist && dbt run --select silver --profiles-dir .']
[2026-04-06T09:52:30.656+0000] {subprocess.py:86} INFO - Output:
[2026-04-06T09:52:35.627+0000] {subprocess.py:93} INFO - [0m09:52:35  Running with dbt=1.8.8
[2026-04-06T09:52:36.670+0000] {subprocess.py:93} INFO - [0m09:52:36  Registered adapter: postgres=1.9.1
[2026-04-06T09:52:39.073+0000] {subprocess.py:93} INFO - [0m09:52:39  Found 14 models, 9 sources, 426 macros
[2026-04-06T09:52:39.085+0000] {subprocess.py:93} INFO - [0m09:52:39
[2026-04-06T09:52:40.033+0000] {subprocess.py:93} INFO - [0m09:52:40  Concurrency: 4 threads (target='dev')
[2026-04-06T09:52:40.036+0000] {subprocess.py:93} INFO - [0m09:52:40
[2026-04-06T09:52:40.062+0000] {subprocess.py:93} INFO - [0m09:52:40  1 of 9 START sql view model silver.stg_category_translation .................... [RUN]
[2026-04-06T09:52:40.067+0000] {subprocess.py:93} INFO - [0m09:52:40  2 of 9 START sql view model silver.stg_customers ............................... [RUN]
[2026-04-06T09:52:40.071+0000] {subprocess.py:93} INFO - [0m09:52:40  3 of 9 START sql view model silver.stg_geolocation ............................. [RUN]
[2026-04-06T09:52:40.077+0000] {subprocess.py:93} INFO - [0m09:52:40  4 of 9 START sql view model silver.stg_order_items ............................. [RUN]
[2026-04-06T09:52:40.926+0000] {subprocess.py:93} INFO - [0m09:52:40  4 of 9 ERROR creating sql view model silver.stg_order_items .................... [[31mERROR[0m in 0.82s]
[2026-04-06T09:52:40.932+0000] {subprocess.py:93} INFO - [0m09:52:40  1 of 9 ERROR creating sql view model silver.stg_category_translation ........... [[31mERROR[0m in 0.84s]
[2026-04-06T09:52:40.942+0000] {subprocess.py:93} INFO - [0m09:52:40  2 of 9 OK created sql view model silver.stg_customers .......................... [[32mCREATE VIEW[0m in 0.85s]
[2026-04-06T09:52:40.949+0000] {subprocess.py:93} INFO - [0m09:52:40  3 of 9 OK created sql view model silver.stg_geolocation ........................ [[32mCREATE VIEW[0m in 0.85s]
[2026-04-06T09:52:40.966+0000] {subprocess.py:93} INFO - [0m09:52:40  5 of 9 START sql view model silver.stg_order_payments .......................... [RUN]
[2026-04-06T09:52:40.971+0000] {subprocess.py:93} INFO - [0m09:52:40  6 of 9 START sql view model silver.stg_order_reviews ........................... [RUN]
[2026-04-06T09:52:40.979+0000] {subprocess.py:93} INFO - [0m09:52:40  7 of 9 START sql view model silver.stg_orders .................................. [RUN]
[2026-04-06T09:52:40.984+0000] {subprocess.py:93} INFO - [0m09:52:40  8 of 9 START sql view model silver.stg_products ................................ [RUN]
[2026-04-06T09:52:41.315+0000] {subprocess.py:93} INFO - [0m09:52:41  6 of 9 ERROR creating sql view model silver.stg_order_reviews .................. [[31mERROR[0m in 0.32s]
[2026-04-06T09:52:41.342+0000] {subprocess.py:93} INFO - [0m09:52:41  7 of 9 ERROR creating sql view model silver.stg_orders ......................... [[31mERROR[0m in 0.35s]
[2026-04-06T09:52:41.345+0000] {subprocess.py:93} INFO - [0m09:52:41  9 of 9 START sql view model silver.stg_sellers ................................. [RUN]
[2026-04-06T09:52:41.441+0000] {subprocess.py:93} INFO - [0m09:52:41  5 of 9 OK created sql view model silver.stg_order_payments ..................... [[32mCREATE VIEW[0m in 0.45s]
[2026-04-06T09:52:41.455+0000] {subprocess.py:93} INFO - [0m09:52:41  8 of 9 OK created sql view model silver.stg_products ........................... [[32mCREATE VIEW[0m in 0.45s]
[2026-04-06T09:52:41.680+0000] {subprocess.py:93} INFO - [0m09:52:41  9 of 9 OK created sql view model silver.stg_sellers ............................ [[32mCREATE VIEW[0m in 0.32s]
[2026-04-06T09:52:41.803+0000] {subprocess.py:93} INFO - [0m09:52:41
[2026-04-06T09:52:41.805+0000] {subprocess.py:93} INFO - [0m09:52:41  Finished running 9 view models in 0 hours 0 minutes and 2.72 seconds (2.72s).
[2026-04-06T09:52:41.924+0000] {subprocess.py:93} INFO - [0m09:52:41
[2026-04-06T09:52:41.926+0000] {subprocess.py:93} INFO - [0m09:52:41  [31mCompleted with 4 errors and 0 warnings:[0m
[2026-04-06T09:52:41.928+0000] {subprocess.py:93} INFO - [0m09:52:41
[2026-04-06T09:52:41.931+0000] {subprocess.py:93} INFO - [0m09:52:41    Database Error in model stg_order_items (models/silver/stg_order_items.sql)
[2026-04-06T09:52:41.932+0000] {subprocess.py:93} INFO -   ERREUR:  syntaxe en entrée invalide pour le type timestamp with time zone : «  »
[2026-04-06T09:52:41.932+0000] {subprocess.py:93} INFO -   LINE 14:     (NULLIF(shipping_limit_date, '')::TEXT)::TIMESTAMP AS sh...
[2026-04-06T09:52:41.933+0000] {subprocess.py:93} INFO -                                             ^
[2026-04-06T09:52:41.933+0000] {subprocess.py:93} INFO -   compiled code at target/run/mon_analyse_olist/models/silver/stg_order_items.sql
[2026-04-06T09:52:41.934+0000] {subprocess.py:93} INFO - [0m09:52:41
[2026-04-06T09:52:41.935+0000] {subprocess.py:93} INFO - [0m09:52:41    Database Error in model stg_category_translation (models/silver/stg_category_translation.sql)
[2026-04-06T09:52:41.935+0000] {subprocess.py:93} INFO -   ERREUR:  la colonne « product_category_name » n'existe pas
[2026-04-06T09:52:41.936+0000] {subprocess.py:93} INFO -   LINE 8:     NULLIF(product_category_name, '')::TEXT AS category_name...
[2026-04-06T09:52:41.936+0000] {subprocess.py:93} INFO -                      ^
[2026-04-06T09:52:41.937+0000] {subprocess.py:93} INFO -   HINT:  Peut-être que vous souhaitiez référencer la colonne « product_category_translation._product_category_name ».
[2026-04-06T09:52:41.937+0000] {subprocess.py:93} INFO -   compiled code at target/run/mon_analyse_olist/models/silver/stg_category_translation.sql
[2026-04-06T09:52:41.938+0000] {subprocess.py:93} INFO - [0m09:52:41
[2026-04-06T09:52:41.940+0000] {subprocess.py:93} INFO - [0m09:52:41    Database Error in model stg_order_reviews (models/silver/stg_order_reviews.sql)
[2026-04-06T09:52:41.941+0000] {subprocess.py:93} INFO -   ERREUR:  syntaxe en entrée invalide pour le type timestamp with time zone : «  »
[2026-04-06T09:52:41.942+0000] {subprocess.py:93} INFO -   LINE 13:     (NULLIF(review_creation_date, '')::TEXT)::TIMESTAMP AS c...
[2026-04-06T09:52:41.943+0000] {subprocess.py:93} INFO -                                              ^
[2026-04-06T09:52:41.944+0000] {subprocess.py:93} INFO -   compiled code at target/run/mon_analyse_olist/models/silver/stg_order_reviews.sql
[2026-04-06T09:52:41.944+0000] {subprocess.py:93} INFO - [0m09:52:41
[2026-04-06T09:52:41.945+0000] {subprocess.py:93} INFO - [0m09:52:41    Database Error in model stg_orders (models/silver/stg_orders.sql)
[2026-04-06T09:52:41.946+0000] {subprocess.py:93} INFO -   ERREUR:  syntaxe en entrée invalide pour le type timestamp with time zone : «  »
[2026-04-06T09:52:41.946+0000] {subprocess.py:93} INFO -   LINE 11:     (NULLIF(order_purchase_timestamp, '')::TEXT)::TIMESTAMP ...
[2026-04-06T09:52:41.947+0000] {subprocess.py:93} INFO -                                                  ^
[2026-04-06T09:52:41.947+0000] {subprocess.py:93} INFO -   compiled code at target/run/mon_analyse_olist/models/silver/stg_orders.sql
[2026-04-06T09:52:41.948+0000] {subprocess.py:93} INFO - [0m09:52:41
[2026-04-06T09:52:41.949+0000] {subprocess.py:93} INFO - [0m09:52:41  Done. PASS=5 WARN=0 ERROR=4 SKIP=0 TOTAL=9
[2026-04-06T09:52:44.495+0000] {subprocess.py:97} INFO - Command exited with return code 1
[2026-04-06T09:52:44.498+0000] {taskinstance.py:441} INFO - ::group::Post task execution logs
[2026-04-06T09:52:44.555+0000] {taskinstance.py:2905} ERROR - Task failed with exception
Traceback (most recent call last):
  File "/home/airflow/.local/lib/python3.10/site-packages/airflow/models/taskinstance.py", line 465, in _execute_task
    result = _execute_callable(context=context, **execute_callable_kwargs)
  File "/home/airflow/.local/lib/python3.10/site-packages/airflow/models/taskinstance.py", line 432, in _execute_callable
    return execute_callable(context=context, **execute_callable_kwargs)
  File "/home/airflow/.local/lib/python3.10/site-packages/airflow/models/baseoperator.py", line 401, in wrapper
    return func(self, *args, **kwargs)
  File "/home/airflow/.local/lib/python3.10/site-packages/airflow/operators/bash.py", line 243, in execute
    raise AirflowException(
airflow.exceptions.AirflowException: Bash command failed. The command returned a non-zero exit code 1.
[2026-04-06T09:52:44.561+0000] {taskinstance.py:1206} INFO - Marking task as FAILED. dag_id=pipeline, task_id=dbt_silver, run_id=manual__2026-04-06T09:51:33.016470+00:00, execution_date=20260406T095133, start_date=20260406T095229, end_date=20260406T095244
[2026-04-06T09:52:44.593+0000] {standard_task_runner.py:110} ERROR - Failed to execute job 42 for task dbt_silver (Bash command failed. The command returned a non-zero exit code 1.; 1200)
[2026-04-06T09:52:44.629+0000] {local_task_job_runner.py:243} INFO - Task exited with return code 1
[2026-04-06T09:52:44.792+0000] {taskinstance.py:3503} INFO - 0 downstream tasks scheduled from follow-on schedule check
[2026-04-06T09:52:44.801+0000] {local_task_job_runner.py:222} INFO - ::endgroup::
