[2026-04-05T22:38:04.839+0000] {local_task_job_runner.py:120} INFO - ::group::Pre task execution logs
[2026-04-05T22:38:04.947+0000] {taskinstance.py:2076} INFO - Dependencies all met for dep_context=non-requeueable deps ti=<TaskInstance: olist_end_to_end_pipeline.ingest_csv_to_bronze scheduled__2026-04-04T00:00:00+00:00 [queued]>
[2026-04-05T22:38:04.978+0000] {taskinstance.py:2076} INFO - Dependencies all met for dep_context=requeueable deps ti=<TaskInstance: olist_end_to_end_pipeline.ingest_csv_to_bronze scheduled__2026-04-04T00:00:00+00:00 [queued]>
[2026-04-05T22:38:04.980+0000] {taskinstance.py:2306} INFO - Starting attempt 1 of 1
[2026-04-05T22:38:05.014+0000] {taskinstance.py:2330} INFO - Executing <Task(PythonOperator): ingest_csv_to_bronze> on 2026-04-04 00:00:00+00:00
[2026-04-05T22:38:05.029+0000] {standard_task_runner.py:64} INFO - Started process 180 to run task
[2026-04-05T22:38:05.037+0000] {standard_task_runner.py:90} INFO - Running: ['airflow', 'tasks', 'run', 'olist_end_to_end_pipeline', 'ingest_csv_to_bronze', 'scheduled__2026-04-04T00:00:00+00:00', '--job-id', '12', '--raw', '--subdir', 'DAGS_FOLDER/olist_pipeline.py', '--cfg-path', '/tmp/tmp12pks8mk']
[2026-04-05T22:38:05.046+0000] {standard_task_runner.py:91} INFO - Job 12: Subtask ingest_csv_to_bronze
[2026-04-05T22:38:05.344+0000] {task_command.py:426} INFO - Running <TaskInstance: olist_end_to_end_pipeline.ingest_csv_to_bronze scheduled__2026-04-04T00:00:00+00:00 [running]> on host fdd6c014addc
[2026-04-05T22:38:05.782+0000] {taskinstance.py:2648} INFO - Exporting env vars: AIRFLOW_CTX_DAG_OWNER='data_engineer' AIRFLOW_CTX_DAG_ID='olist_end_to_end_pipeline' AIRFLOW_CTX_TASK_ID='ingest_csv_to_bronze' AIRFLOW_CTX_EXECUTION_DATE='2026-04-04T00:00:00+00:00' AIRFLOW_CTX_TRY_NUMBER='1' AIRFLOW_CTX_DAG_RUN_ID='scheduled__2026-04-04T00:00:00+00:00'
[2026-04-05T22:38:05.785+0000] {taskinstance.py:430} INFO - ::endgroup::
[2026-04-05T22:38:05.833+0000] {logging_mixin.py:188} INFO - 🚀 Lancement DLT : Injection vers la base 'Olist'
[2026-04-05T22:38:16.344+0000] {logging_mixin.py:188} INFO - 📥 Préparation de olist_customers_dataset.csv → customers
[2026-04-05T22:38:16.350+0000] {logging_mixin.py:188} INFO - 📥 Préparation de olist_geolocation_dataset.csv → geolocation
[2026-04-05T22:38:16.351+0000] {logging_mixin.py:188} INFO - 📥 Préparation de olist_orders_dataset.csv → orders
[2026-04-05T22:38:16.353+0000] {logging_mixin.py:188} INFO - 📥 Préparation de olist_order_items_dataset.csv → order_items
[2026-04-05T22:38:16.355+0000] {logging_mixin.py:188} INFO - 📥 Préparation de olist_order_payments_dataset.csv → order_payments
[2026-04-05T22:38:16.357+0000] {logging_mixin.py:188} INFO - 📥 Préparation de olist_order_reviews_dataset.csv → order_reviews
[2026-04-05T22:38:16.358+0000] {logging_mixin.py:188} INFO - 📥 Préparation de olist_products_dataset.csv → products
[2026-04-05T22:38:16.360+0000] {logging_mixin.py:188} INFO - 📥 Préparation de olist_sellers_dataset.csv → sellers
[2026-04-05T22:38:16.362+0000] {logging_mixin.py:188} INFO - 📥 Préparation de product_category_name_translation.csv → product_category_translation
[2026-04-05T22:38:32.160+0000] {logging_mixin.py:188} INFO - ❌ ERREUR LORS DE L'INGESTION
[2026-04-05T22:38:32.168+0000] {logging_mixin.py:188} INFO - Traceback (most recent call last):
  File "/home/airflow/.local/lib/python3.10/site-packages/dlt/pipeline/pipeline.py", line 471, in extract
    self._extract_source(
  File "/home/airflow/.local/lib/python3.10/site-packages/dlt/pipeline/pipeline.py", line 1239, in _extract_source
    load_id = extract.extract(
  File "/home/airflow/.local/lib/python3.10/site-packages/dlt/extract/extract.py", line 421, in extract
    self._extract_single_source(
  File "/home/airflow/.local/lib/python3.10/site-packages/dlt/extract/extract.py", line 337, in _extract_single_source
    with PipeIterator.from_pipes(
  File "/home/airflow/.local/lib/python3.10/site-packages/dlt/common/configuration/inject.py", line 247, in _wrap
    return f(*bound_args.args, **bound_args.kwargs)
  File "/home/airflow/.local/lib/python3.10/site-packages/dlt/extract/pipe_iterator.py", line 145, in from_pipes
    _fork_pipeline(pipe)
  File "/home/airflow/.local/lib/python3.10/site-packages/dlt/extract/pipe_iterator.py", line 135, in _fork_pipeline
    pipe.evaluate_gen()
  File "/home/airflow/.local/lib/python3.10/site-packages/dlt/extract/pipe.py", line 271, in evaluate_gen
    raise PipeNotBoundToData(self.name, self.has_parent)
dlt.extract.exceptions.PipeNotBoundToData: In processing pipe product_category_translation: A pipe created from transformer product_category_translation is unbound or its parent is unbound or empty. Provide a resource in `data_from` argument or bind resources with | operator.

The above exception was the direct cause of the following exception:

Traceback (most recent call last):
  File "/opt/airflow/scripts/ingestion_data.py", line 56, in load_to_postgres
    load_info = pipeline.run(
  File "/home/airflow/.local/lib/python3.10/site-packages/dlt/pipeline/pipeline.py", line 226, in _wrap
    step_info = f(self, *args, **kwargs)
  File "/home/airflow/.local/lib/python3.10/site-packages/dlt/pipeline/pipeline.py", line 275, in _wrap
    return f(self, *args, **kwargs)
  File "/home/airflow/.local/lib/python3.10/site-packages/dlt/pipeline/pipeline.py", line 735, in run
    self.extract(
  File "/home/airflow/.local/lib/python3.10/site-packages/dlt/pipeline/pipeline.py", line 226, in _wrap
    step_info = f(self, *args, **kwargs)
  File "/home/airflow/.local/lib/python3.10/site-packages/dlt/pipeline/pipeline.py", line 180, in _wrap
    rv = f(self, *args, **kwargs)
  File "/home/airflow/.local/lib/python3.10/site-packages/dlt/pipeline/pipeline.py", line 166, in _wrap
    return f(self, *args, **kwargs)
  File "/home/airflow/.local/lib/python3.10/site-packages/dlt/pipeline/pipeline.py", line 275, in _wrap
    return f(self, *args, **kwargs)
  File "/home/airflow/.local/lib/python3.10/site-packages/dlt/pipeline/pipeline.py", line 492, in extract
    raise PipelineStepFailed(
dlt.pipeline.exceptions.PipelineStepFailed: Pipeline execution failed at stage extract when processing package 1775428708.0028718 with exception:

<class 'dlt.extract.exceptions.PipeNotBoundToData'>
In processing pipe product_category_translation: A pipe created from transformer product_category_translation is unbound or its parent is unbound or empty. Provide a resource in `data_from` argument or bind resources with | operator.
[2026-04-05T22:38:32.168+0000] {taskinstance.py:441} INFO - ::group::Post task execution logs
[2026-04-05T22:38:32.169+0000] {taskinstance.py:2905} ERROR - Task failed with exception
Traceback (most recent call last):
  File "/home/airflow/.local/lib/python3.10/site-packages/dlt/pipeline/pipeline.py", line 471, in extract
    self._extract_source(
  File "/home/airflow/.local/lib/python3.10/site-packages/dlt/pipeline/pipeline.py", line 1239, in _extract_source
    load_id = extract.extract(
  File "/home/airflow/.local/lib/python3.10/site-packages/dlt/extract/extract.py", line 421, in extract
    self._extract_single_source(
  File "/home/airflow/.local/lib/python3.10/site-packages/dlt/extract/extract.py", line 337, in _extract_single_source
    with PipeIterator.from_pipes(
  File "/home/airflow/.local/lib/python3.10/site-packages/dlt/common/configuration/inject.py", line 247, in _wrap
    return f(*bound_args.args, **bound_args.kwargs)
  File "/home/airflow/.local/lib/python3.10/site-packages/dlt/extract/pipe_iterator.py", line 145, in from_pipes
    _fork_pipeline(pipe)
  File "/home/airflow/.local/lib/python3.10/site-packages/dlt/extract/pipe_iterator.py", line 135, in _fork_pipeline
    pipe.evaluate_gen()
  File "/home/airflow/.local/lib/python3.10/site-packages/dlt/extract/pipe.py", line 271, in evaluate_gen
    raise PipeNotBoundToData(self.name, self.has_parent)
dlt.extract.exceptions.PipeNotBoundToData: In processing pipe product_category_translation: A pipe created from transformer product_category_translation is unbound or its parent is unbound or empty. Provide a resource in `data_from` argument or bind resources with | operator.

The above exception was the direct cause of the following exception:

Traceback (most recent call last):
  File "/home/airflow/.local/lib/python3.10/site-packages/airflow/models/taskinstance.py", line 465, in _execute_task
    result = _execute_callable(context=context, **execute_callable_kwargs)
  File "/home/airflow/.local/lib/python3.10/site-packages/airflow/models/taskinstance.py", line 432, in _execute_callable
    return execute_callable(context=context, **execute_callable_kwargs)
  File "/home/airflow/.local/lib/python3.10/site-packages/airflow/models/baseoperator.py", line 401, in wrapper
    return func(self, *args, **kwargs)
  File "/home/airflow/.local/lib/python3.10/site-packages/airflow/operators/python.py", line 235, in execute
    return_value = self.execute_callable()
  File "/home/airflow/.local/lib/python3.10/site-packages/airflow/operators/python.py", line 252, in execute_callable
    return self.python_callable(*self.op_args, **self.op_kwargs)
  File "/opt/airflow/scripts/ingestion_data.py", line 68, in load_to_postgres
    raise e
  File "/opt/airflow/scripts/ingestion_data.py", line 56, in load_to_postgres
    load_info = pipeline.run(
  File "/home/airflow/.local/lib/python3.10/site-packages/dlt/pipeline/pipeline.py", line 226, in _wrap
    step_info = f(self, *args, **kwargs)
  File "/home/airflow/.local/lib/python3.10/site-packages/dlt/pipeline/pipeline.py", line 275, in _wrap
    return f(self, *args, **kwargs)
  File "/home/airflow/.local/lib/python3.10/site-packages/dlt/pipeline/pipeline.py", line 735, in run
    self.extract(
  File "/home/airflow/.local/lib/python3.10/site-packages/dlt/pipeline/pipeline.py", line 226, in _wrap
    step_info = f(self, *args, **kwargs)
  File "/home/airflow/.local/lib/python3.10/site-packages/dlt/pipeline/pipeline.py", line 180, in _wrap
    rv = f(self, *args, **kwargs)
  File "/home/airflow/.local/lib/python3.10/site-packages/dlt/pipeline/pipeline.py", line 166, in _wrap
    return f(self, *args, **kwargs)
  File "/home/airflow/.local/lib/python3.10/site-packages/dlt/pipeline/pipeline.py", line 275, in _wrap
    return f(self, *args, **kwargs)
  File "/home/airflow/.local/lib/python3.10/site-packages/dlt/pipeline/pipeline.py", line 492, in extract
    raise PipelineStepFailed(
dlt.pipeline.exceptions.PipelineStepFailed: Pipeline execution failed at stage extract when processing package 1775428708.0028718 with exception:

<class 'dlt.extract.exceptions.PipeNotBoundToData'>
In processing pipe product_category_translation: A pipe created from transformer product_category_translation is unbound or its parent is unbound or empty. Provide a resource in `data_from` argument or bind resources with | operator.
[2026-04-05T22:38:32.265+0000] {taskinstance.py:1206} INFO - Marking task as FAILED. dag_id=olist_end_to_end_pipeline, task_id=ingest_csv_to_bronze, run_id=scheduled__2026-04-04T00:00:00+00:00, execution_date=20260404T000000, start_date=20260405T223804, end_date=20260405T223832
[2026-04-05T22:38:32.314+0000] {standard_task_runner.py:110} ERROR - Failed to execute job 12 for task ingest_csv_to_bronze (Pipeline execution failed at stage extract when processing package 1775428708.0028718 with exception:

<class 'dlt.extract.exceptions.PipeNotBoundToData'>
In processing pipe product_category_translation: A pipe created from transformer product_category_translation is unbound or its parent is unbound or empty. Provide a resource in `data_from` argument or bind resources with | operator.; 180)
[2026-04-05T22:38:32.374+0000] {local_task_job_runner.py:243} INFO - Task exited with return code 1
[2026-04-05T22:38:32.469+0000] {local_task_job_runner.py:222} INFO - ::endgroup::
