[2026-04-06T10:00:58.494+0000] {local_task_job_runner.py:120} INFO - ::group::Pre task execution logs
[2026-04-06T10:00:58.649+0000] {taskinstance.py:2076} INFO - Dependencies all met for dep_context=non-requeueable deps ti=<TaskInstance: pipeline.dbt_silver manual__2026-04-06T10:00:05.023605+00:00 [queued]>
[2026-04-06T10:00:58.676+0000] {taskinstance.py:2076} INFO - Dependencies all met for dep_context=requeueable deps ti=<TaskInstance: pipeline.dbt_silver manual__2026-04-06T10:00:05.023605+00:00 [queued]>
[2026-04-06T10:00:58.678+0000] {taskinstance.py:2306} INFO - Starting attempt 1 of 1
[2026-04-06T10:00:58.721+0000] {taskinstance.py:2330} INFO - Executing <Task(BashOperator): dbt_silver> on 2026-04-06 10:00:05.023605+00:00
[2026-04-06T10:00:58.737+0000] {standard_task_runner.py:64} INFO - Started process 1373 to run task
[2026-04-06T10:00:58.750+0000] {standard_task_runner.py:90} INFO - Running: ['airflow', 'tasks', 'run', 'pipeline', 'dbt_silver', 'manual__2026-04-06T10:00:05.023605+00:00', '--job-id', '48', '--raw', '--subdir', 'DAGS_FOLDER/pipeline.py', '--cfg-path', '/tmp/tmp0u_gea7u']
[2026-04-06T10:00:58.762+0000] {standard_task_runner.py:91} INFO - Job 48: Subtask dbt_silver
[2026-04-06T10:00:59.133+0000] {task_command.py:426} INFO - Running <TaskInstance: pipeline.dbt_silver manual__2026-04-06T10:00:05.023605+00:00 [running]> on host 503d89ed3fcb
[2026-04-06T10:00:59.962+0000] {taskinstance.py:2648} INFO - Exporting env vars: AIRFLOW_CTX_DAG_OWNER='data_engineer' AIRFLOW_CTX_DAG_ID='pipeline' AIRFLOW_CTX_TASK_ID='dbt_silver' AIRFLOW_CTX_EXECUTION_DATE='2026-04-06T10:00:05.023605+00:00' AIRFLOW_CTX_TRY_NUMBER='1' AIRFLOW_CTX_DAG_RUN_ID='manual__2026-04-06T10:00:05.023605+00:00'
[2026-04-06T10:00:59.967+0000] {taskinstance.py:430} INFO - ::endgroup::
[2026-04-06T10:01:00.002+0000] {subprocess.py:63} INFO - Tmp dir root location: /tmp
[2026-04-06T10:01:00.015+0000] {subprocess.py:75} INFO - Running command: ['/usr/bin/bash', '-c', 'cd /opt/airflow/dbt_project/mon_analyse_olist && dbt run --select silver --profiles-dir .']
[2026-04-06T10:01:00.066+0000] {subprocess.py:86} INFO - Output:
[2026-04-06T10:01:05.674+0000] {subprocess.py:93} INFO - [0m10:01:05  Running with dbt=1.8.8
[2026-04-06T10:01:06.433+0000] {subprocess.py:93} INFO - [0m10:01:06  Registered adapter: postgres=1.9.1
[2026-04-06T10:01:07.931+0000] {subprocess.py:93} INFO - [0m10:01:07  Found 14 models, 9 sources, 426 macros
[2026-04-06T10:01:07.941+0000] {subprocess.py:93} INFO - [0m10:01:07
[2026-04-06T10:01:08.550+0000] {subprocess.py:93} INFO - [0m10:01:08  Concurrency: 4 threads (target='dev')
[2026-04-06T10:01:08.552+0000] {subprocess.py:93} INFO - [0m10:01:08
[2026-04-06T10:01:08.573+0000] {subprocess.py:93} INFO - [0m10:01:08  1 of 9 START sql view model silver.stg_category_translation .................... [RUN]
[2026-04-06T10:01:08.576+0000] {subprocess.py:93} INFO - [0m10:01:08  2 of 9 START sql view model silver.stg_customers ............................... [RUN]
[2026-04-06T10:01:08.578+0000] {subprocess.py:93} INFO - [0m10:01:08  3 of 9 START sql view model silver.stg_geolocation ............................. [RUN]
[2026-04-06T10:01:08.580+0000] {subprocess.py:93} INFO - [0m10:01:08  4 of 9 START sql view model silver.stg_order_items ............................. [RUN]
[2026-04-06T10:01:09.766+0000] {subprocess.py:93} INFO - [0m10:01:09  2 of 9 OK created sql view model silver.stg_customers .......................... [[32mCREATE VIEW[0m in 1.16s]
[2026-04-06T10:01:09.778+0000] {subprocess.py:93} INFO - [0m10:01:09  3 of 9 OK created sql view model silver.stg_geolocation ........................ [[32mCREATE VIEW[0m in 1.17s]
[2026-04-06T10:01:09.782+0000] {subprocess.py:93} INFO - [0m10:01:09  4 of 9 OK created sql view model silver.stg_order_items ........................ [[32mCREATE VIEW[0m in 1.17s]
[2026-04-06T10:01:09.802+0000] {subprocess.py:93} INFO - [0m10:01:09  1 of 9 OK created sql view model silver.stg_category_translation ............... [[32mCREATE VIEW[0m in 1.21s]
[2026-04-06T10:01:09.819+0000] {subprocess.py:93} INFO - [0m10:01:09  5 of 9 START sql view model silver.stg_order_payments .......................... [RUN]
[2026-04-06T10:01:09.837+0000] {subprocess.py:93} INFO - [0m10:01:09  6 of 9 START sql view model silver.stg_order_reviews ........................... [RUN]
[2026-04-06T10:01:09.848+0000] {subprocess.py:93} INFO - [0m10:01:09  7 of 9 START sql view model silver.stg_orders .................................. [RUN]
[2026-04-06T10:01:09.862+0000] {subprocess.py:93} INFO - [0m10:01:09  8 of 9 START sql view model silver.stg_products ................................ [RUN]
[2026-04-06T10:01:10.673+0000] {subprocess.py:93} INFO - [0m10:01:10  5 of 9 OK created sql view model silver.stg_order_payments ..................... [[32mCREATE VIEW[0m in 0.81s]
[2026-04-06T10:01:10.718+0000] {subprocess.py:93} INFO - [0m10:01:10  9 of 9 START sql view model silver.stg_sellers ................................. [RUN]
[2026-04-06T10:01:10.748+0000] {subprocess.py:93} INFO - [0m10:01:10  8 of 9 OK created sql view model silver.stg_products ........................... [[32mCREATE VIEW[0m in 0.85s]
[2026-04-06T10:01:10.750+0000] {subprocess.py:93} INFO - [0m10:01:10  6 of 9 OK created sql view model silver.stg_order_reviews ...................... [[32mCREATE VIEW[0m in 0.87s]
[2026-04-06T10:01:10.753+0000] {subprocess.py:93} INFO - [0m10:01:10  7 of 9 OK created sql view model silver.stg_orders ............................. [[32mCREATE VIEW[0m in 0.87s]
[2026-04-06T10:01:11.128+0000] {subprocess.py:93} INFO - [0m10:01:11  9 of 9 OK created sql view model silver.stg_sellers ............................ [[32mCREATE VIEW[0m in 0.38s]
[2026-04-06T10:01:11.323+0000] {subprocess.py:93} INFO - [0m10:01:11
[2026-04-06T10:01:11.326+0000] {subprocess.py:93} INFO - [0m10:01:11  Finished running 9 view models in 0 hours 0 minutes and 3.38 seconds (3.38s).
[2026-04-06T10:01:12.343+0000] {subprocess.py:93} INFO - [0m10:01:12
[2026-04-06T10:01:12.403+0000] {subprocess.py:93} INFO - [0m10:01:12  [32mCompleted successfully[0m
[2026-04-06T10:01:12.410+0000] {subprocess.py:93} INFO - [0m10:01:12
[2026-04-06T10:01:12.416+0000] {subprocess.py:93} INFO - [0m10:01:12  Done. PASS=9 WARN=0 ERROR=0 SKIP=0 TOTAL=9
[2026-04-06T10:01:15.245+0000] {subprocess.py:97} INFO - Command exited with return code 0
[2026-04-06T10:01:15.249+0000] {taskinstance.py:441} INFO - ::group::Post task execution logs
[2026-04-06T10:01:15.550+0000] {taskinstance.py:1206} INFO - Marking task as SUCCESS. dag_id=pipeline, task_id=dbt_silver, run_id=manual__2026-04-06T10:00:05.023605+00:00, execution_date=20260406T100005, start_date=20260406T100058, end_date=20260406T100115
[2026-04-06T10:01:15.694+0000] {local_task_job_runner.py:243} INFO - Task exited with return code 0
[2026-04-06T10:01:15.952+0000] {taskinstance.py:3503} INFO - 1 downstream tasks scheduled from follow-on schedule check
[2026-04-06T10:01:15.967+0000] {local_task_job_runner.py:222} INFO - ::endgroup::
