[2026-04-06T10:38:47.925+0000] {local_task_job_runner.py:120} INFO - ::group::Pre task execution logs
[2026-04-06T10:38:48.124+0000] {taskinstance.py:2076} INFO - Dependencies all met for dep_context=non-requeueable deps ti=<TaskInstance: pipeline.ingest_csv_to_bronze manual__2026-04-06T10:38:44.005146+00:00 [queued]>
[2026-04-06T10:38:48.143+0000] {taskinstance.py:2076} INFO - Dependencies all met for dep_context=requeueable deps ti=<TaskInstance: pipeline.ingest_csv_to_bronze manual__2026-04-06T10:38:44.005146+00:00 [queued]>
[2026-04-06T10:38:48.144+0000] {taskinstance.py:2306} INFO - Starting attempt 1 of 1
[2026-04-06T10:38:48.168+0000] {taskinstance.py:2330} INFO - Executing <Task(PythonOperator): ingest_csv_to_bronze> on 2026-04-06 10:38:44.005146+00:00
[2026-04-06T10:38:48.192+0000] {standard_task_runner.py:64} INFO - Started process 2070 to run task
[2026-04-06T10:38:48.205+0000] {standard_task_runner.py:90} INFO - Running: ['airflow', 'tasks', 'run', 'pipeline', 'ingest_csv_to_bronze', 'manual__2026-04-06T10:38:44.005146+00:00', '--job-id', '76', '--raw', '--subdir', 'DAGS_FOLDER/pipeline.py', '--cfg-path', '/tmp/tmphq5mikkm']
[2026-04-06T10:38:48.214+0000] {standard_task_runner.py:91} INFO - Job 76: Subtask ingest_csv_to_bronze
[2026-04-06T10:38:48.500+0000] {task_command.py:426} INFO - Running <TaskInstance: pipeline.ingest_csv_to_bronze manual__2026-04-06T10:38:44.005146+00:00 [running]> on host 503d89ed3fcb
[2026-04-06T10:38:48.870+0000] {taskinstance.py:2648} INFO - Exporting env vars: AIRFLOW_CTX_DAG_OWNER='data_engineer' AIRFLOW_CTX_DAG_ID='pipeline' AIRFLOW_CTX_TASK_ID='ingest_csv_to_bronze' AIRFLOW_CTX_EXECUTION_DATE='2026-04-06T10:38:44.005146+00:00' AIRFLOW_CTX_TRY_NUMBER='1' AIRFLOW_CTX_DAG_RUN_ID='manual__2026-04-06T10:38:44.005146+00:00'
[2026-04-06T10:38:48.873+0000] {taskinstance.py:430} INFO - ::endgroup::
[2026-04-06T10:38:48.896+0000] {logging_mixin.py:188} INFO - 🚀 Lancement DLT : Injection groupée vers 'Olist'
[2026-04-06T10:38:48.897+0000] {logging_mixin.py:188} INFO - 🧹 Suppression de l'état local DLT : /home/airflow/.dlt/pipelines/olist_bulk_loader
[2026-04-06T10:38:49.713+0000] {config_providers_context.py:146} WARNING - Airflow variable 'dlt_secrets_toml' was not found. This Airflow variable is a recommended place to hold the content of secrets.toml.If you do not use Airflow variables to hold dlt configuration or use variables with other names you can ignore this warning.
[2026-04-06T10:39:01.827+0000] {logging_mixin.py:188} INFO - 📦 Préparation de la ressource : customers
[2026-04-06T10:39:01.830+0000] {logging_mixin.py:188} INFO - 📦 Préparation de la ressource : geolocation
[2026-04-06T10:39:01.831+0000] {logging_mixin.py:188} INFO - 📦 Préparation de la ressource : orders
[2026-04-06T10:39:01.831+0000] {logging_mixin.py:188} INFO - 📦 Préparation de la ressource : order_items
[2026-04-06T10:39:01.832+0000] {logging_mixin.py:188} INFO - 📦 Préparation de la ressource : order_payments
[2026-04-06T10:39:01.833+0000] {logging_mixin.py:188} INFO - 📦 Préparation de la ressource : order_reviews
[2026-04-06T10:39:01.833+0000] {logging_mixin.py:188} INFO - 📦 Préparation de la ressource : products
[2026-04-06T10:39:01.834+0000] {logging_mixin.py:188} INFO - 📦 Préparation de la ressource : sellers
[2026-04-06T10:39:01.835+0000] {logging_mixin.py:188} INFO - 📦 Préparation de la ressource : product_category_translation
[2026-04-06T10:39:01.835+0000] {logging_mixin.py:188} INFO - ⚡ Envoi de 9 tables en une seule session...
[2026-04-06T10:43:54.735+0000] {logging_mixin.py:188} INFO - ❌ ERREUR LORS DE L'INGESTION
[2026-04-06T10:43:54.762+0000] {logging_mixin.py:188} INFO - Traceback (most recent call last):
  File "/home/airflow/.local/lib/python3.10/site-packages/dlt/pipeline/pipeline.py", line 608, in load
    runner.run_pool(load_step.config, load_step)
  File "/home/airflow/.local/lib/python3.10/site-packages/dlt/common/runners/pool_runner.py", line 91, in run_pool
    while _run_func():
  File "/home/airflow/.local/lib/python3.10/site-packages/dlt/common/runners/pool_runner.py", line 84, in _run_func
    run_metrics = run_f.run(cast(TExecutor, pool))
  File "/home/airflow/.local/lib/python3.10/site-packages/dlt/load/load.py", line 639, in run
    self.load_single_package(load_id, schema)
  File "/home/airflow/.local/lib/python3.10/site-packages/dlt/load/load.py", line 572, in load_single_package
    running_jobs, finalized_jobs, new_pending_exception = self.complete_jobs(
  File "/home/airflow/.local/lib/python3.10/site-packages/dlt/load/load.py", line 447, in complete_jobs
    self.create_followup_jobs(load_id, state, job, schema)
  File "/home/airflow/.local/lib/python3.10/site-packages/dlt/load/load.py", line 326, in create_followup_jobs
    all_jobs_states = self.load_storage.normalized_packages.list_all_jobs_with_states(
  File "/home/airflow/.local/lib/python3.10/site-packages/dlt/common/storages/load_package.py", line 379, in list_all_jobs_with_states
    info = self.get_load_package_jobs(load_id)
  File "/home/airflow/.local/lib/python3.10/site-packages/dlt/common/storages/load_package.py", line 578, in get_load_package_jobs
    raise LoadPackageNotFound(load_id)
dlt.common.storages.exceptions.LoadPackageNotFound: Package with load id 1775471952.1433723 could not be found

The above exception was the direct cause of the following exception:

Traceback (most recent call last):
  File "/opt/airflow/scripts/ingestion_data.py", line 83, in load_to_postgres
    load_info = pipeline.run(
  File "/home/airflow/.local/lib/python3.10/site-packages/dlt/pipeline/pipeline.py", line 226, in _wrap
    step_info = f(self, *args, **kwargs)
  File "/home/airflow/.local/lib/python3.10/site-packages/dlt/pipeline/pipeline.py", line 275, in _wrap
    return f(self, *args, **kwargs)
  File "/home/airflow/.local/lib/python3.10/site-packages/dlt/pipeline/pipeline.py", line 747, in run
    return self.load(destination, dataset_name, credentials=credentials)
  File "/home/airflow/.local/lib/python3.10/site-packages/dlt/pipeline/pipeline.py", line 226, in _wrap
    step_info = f(self, *args, **kwargs)
  File "/home/airflow/.local/lib/python3.10/site-packages/dlt/pipeline/pipeline.py", line 166, in _wrap
    return f(self, *args, **kwargs)
  File "/home/airflow/.local/lib/python3.10/site-packages/dlt/pipeline/pipeline.py", line 275, in _wrap
    return f(self, *args, **kwargs)
  File "/home/airflow/.local/lib/python3.10/site-packages/dlt/pipeline/pipeline.py", line 615, in load
    raise PipelineStepFailed(
dlt.pipeline.exceptions.PipelineStepFailed: Pipeline execution failed at stage load when processing package 1775471952.1433723 with exception:

<class 'dlt.common.storages.exceptions.LoadPackageNotFound'>
Package with load id 1775471952.1433723 could not be found
[2026-04-06T10:43:54.770+0000] {taskinstance.py:441} INFO - ::group::Post task execution logs
[2026-04-06T10:43:54.794+0000] {taskinstance.py:2905} ERROR - Task failed with exception
Traceback (most recent call last):
  File "/home/airflow/.local/lib/python3.10/site-packages/dlt/pipeline/pipeline.py", line 608, in load
    runner.run_pool(load_step.config, load_step)
  File "/home/airflow/.local/lib/python3.10/site-packages/dlt/common/runners/pool_runner.py", line 91, in run_pool
    while _run_func():
  File "/home/airflow/.local/lib/python3.10/site-packages/dlt/common/runners/pool_runner.py", line 84, in _run_func
    run_metrics = run_f.run(cast(TExecutor, pool))
  File "/home/airflow/.local/lib/python3.10/site-packages/dlt/load/load.py", line 639, in run
    self.load_single_package(load_id, schema)
  File "/home/airflow/.local/lib/python3.10/site-packages/dlt/load/load.py", line 572, in load_single_package
    running_jobs, finalized_jobs, new_pending_exception = self.complete_jobs(
  File "/home/airflow/.local/lib/python3.10/site-packages/dlt/load/load.py", line 447, in complete_jobs
    self.create_followup_jobs(load_id, state, job, schema)
  File "/home/airflow/.local/lib/python3.10/site-packages/dlt/load/load.py", line 326, in create_followup_jobs
    all_jobs_states = self.load_storage.normalized_packages.list_all_jobs_with_states(
  File "/home/airflow/.local/lib/python3.10/site-packages/dlt/common/storages/load_package.py", line 379, in list_all_jobs_with_states
    info = self.get_load_package_jobs(load_id)
  File "/home/airflow/.local/lib/python3.10/site-packages/dlt/common/storages/load_package.py", line 578, in get_load_package_jobs
    raise LoadPackageNotFound(load_id)
dlt.common.storages.exceptions.LoadPackageNotFound: Package with load id 1775471952.1433723 could not be found

The above exception was the direct cause of the following exception:

Traceback (most recent call last):
  File "/home/airflow/.local/lib/python3.10/site-packages/airflow/models/taskinstance.py", line 465, in _execute_task
    result = _execute_callable(context=context, **execute_callable_kwargs)
  File "/home/airflow/.local/lib/python3.10/site-packages/airflow/models/taskinstance.py", line 432, in _execute_callable
    return execute_callable(context=context, **execute_callable_kwargs)
  File "/home/airflow/.local/lib/python3.10/site-packages/airflow/models/baseoperator.py", line 401, in wrapper
    return func(self, *args, **kwargs)
  File "/home/airflow/.local/lib/python3.10/site-packages/airflow/operators/python.py", line 235, in execute
    return_value = self.execute_callable()
  File "/home/airflow/.local/lib/python3.10/site-packages/airflow/operators/python.py", line 252, in execute_callable
    return self.python_callable(*self.op_args, **self.op_kwargs)
  File "/opt/airflow/scripts/ingestion_data.py", line 94, in load_to_postgres
    raise e
  File "/opt/airflow/scripts/ingestion_data.py", line 83, in load_to_postgres
    load_info = pipeline.run(
  File "/home/airflow/.local/lib/python3.10/site-packages/dlt/pipeline/pipeline.py", line 226, in _wrap
    step_info = f(self, *args, **kwargs)
  File "/home/airflow/.local/lib/python3.10/site-packages/dlt/pipeline/pipeline.py", line 275, in _wrap
    return f(self, *args, **kwargs)
  File "/home/airflow/.local/lib/python3.10/site-packages/dlt/pipeline/pipeline.py", line 747, in run
    return self.load(destination, dataset_name, credentials=credentials)
  File "/home/airflow/.local/lib/python3.10/site-packages/dlt/pipeline/pipeline.py", line 226, in _wrap
    step_info = f(self, *args, **kwargs)
  File "/home/airflow/.local/lib/python3.10/site-packages/dlt/pipeline/pipeline.py", line 166, in _wrap
    return f(self, *args, **kwargs)
  File "/home/airflow/.local/lib/python3.10/site-packages/dlt/pipeline/pipeline.py", line 275, in _wrap
    return f(self, *args, **kwargs)
  File "/home/airflow/.local/lib/python3.10/site-packages/dlt/pipeline/pipeline.py", line 615, in load
    raise PipelineStepFailed(
dlt.pipeline.exceptions.PipelineStepFailed: Pipeline execution failed at stage load when processing package 1775471952.1433723 with exception:

<class 'dlt.common.storages.exceptions.LoadPackageNotFound'>
Package with load id 1775471952.1433723 could not be found
[2026-04-06T10:43:55.012+0000] {taskinstance.py:1206} INFO - Marking task as FAILED. dag_id=pipeline, task_id=ingest_csv_to_bronze, run_id=manual__2026-04-06T10:38:44.005146+00:00, execution_date=20260406T103844, start_date=20260406T103848, end_date=20260406T104354
[2026-04-06T10:43:55.173+0000] {standard_task_runner.py:110} ERROR - Failed to execute job 76 for task ingest_csv_to_bronze (Pipeline execution failed at stage load when processing package 1775471952.1433723 with exception:

<class 'dlt.common.storages.exceptions.LoadPackageNotFound'>
Package with load id 1775471952.1433723 could not be found; 2070)
[2026-04-06T10:43:55.273+0000] {local_task_job_runner.py:243} INFO - Task exited with return code 1
[2026-04-06T10:43:55.587+0000] {taskinstance.py:3503} INFO - 0 downstream tasks scheduled from follow-on schedule check
[2026-04-06T10:43:55.608+0000] {local_task_job_runner.py:222} INFO - ::endgroup::
