[2026-04-06T08:48:00.282+0000] {local_task_job_runner.py:120} INFO - ::group::Pre task execution logs
[2026-04-06T08:48:00.414+0000] {taskinstance.py:2076} INFO - Dependencies all met for dep_context=non-requeueable deps ti=<TaskInstance: pipeline.dbt_silver manual__2026-04-06T08:43:17.562691+00:00 [queued]>
[2026-04-06T08:48:00.443+0000] {taskinstance.py:2076} INFO - Dependencies all met for dep_context=requeueable deps ti=<TaskInstance: pipeline.dbt_silver manual__2026-04-06T08:43:17.562691+00:00 [queued]>
[2026-04-06T08:48:00.444+0000] {taskinstance.py:2306} INFO - Starting attempt 1 of 1
[2026-04-06T08:48:00.471+0000] {taskinstance.py:2330} INFO - Executing <Task(BashOperator): dbt_silver> on 2026-04-06 08:43:17.562691+00:00
[2026-04-06T08:48:00.484+0000] {standard_task_runner.py:64} INFO - Started process 269 to run task
[2026-04-06T08:48:00.496+0000] {standard_task_runner.py:90} INFO - Running: ['airflow', 'tasks', 'run', 'pipeline', 'dbt_silver', 'manual__2026-04-06T08:43:17.562691+00:00', '--job-id', '24', '--raw', '--subdir', 'DAGS_FOLDER/pipeline.py', '--cfg-path', '/tmp/tmptsg20fjk']
[2026-04-06T08:48:00.508+0000] {standard_task_runner.py:91} INFO - Job 24: Subtask dbt_silver
[2026-04-06T08:48:00.774+0000] {task_command.py:426} INFO - Running <TaskInstance: pipeline.dbt_silver manual__2026-04-06T08:43:17.562691+00:00 [running]> on host 503d89ed3fcb
[2026-04-06T08:48:01.201+0000] {taskinstance.py:2648} INFO - Exporting env vars: AIRFLOW_CTX_DAG_OWNER='data_engineer' AIRFLOW_CTX_DAG_ID='pipeline' AIRFLOW_CTX_TASK_ID='dbt_silver' AIRFLOW_CTX_EXECUTION_DATE='2026-04-06T08:43:17.562691+00:00' AIRFLOW_CTX_TRY_NUMBER='1' AIRFLOW_CTX_DAG_RUN_ID='manual__2026-04-06T08:43:17.562691+00:00'
[2026-04-06T08:48:01.203+0000] {taskinstance.py:430} INFO - ::endgroup::
[2026-04-06T08:48:01.240+0000] {subprocess.py:63} INFO - Tmp dir root location: /tmp
[2026-04-06T08:48:01.244+0000] {subprocess.py:75} INFO - Running command: ['/usr/bin/bash', '-c', 'cd /opt/airflow/dbt_project/mon_analyse_olist && dbt run --select silver --profiles-dir .']
[2026-04-06T08:48:01.311+0000] {subprocess.py:86} INFO - Output:
[2026-04-06T08:48:06.558+0000] {subprocess.py:93} INFO - [0m08:48:06  Running with dbt=1.8.8
[2026-04-06T08:48:07.340+0000] {subprocess.py:93} INFO - [0m08:48:07  Registered adapter: postgres=1.9.1
[2026-04-06T08:48:07.581+0000] {subprocess.py:93} INFO - [0m08:48:07  Unable to do partial parsing because profile has changed
[2026-04-06T08:48:07.583+0000] {subprocess.py:93} INFO - [0m08:48:07  Unable to do partial parsing because a project dependency has been added
[2026-04-06T08:48:10.268+0000] {subprocess.py:93} INFO - [0m08:48:10  Found 14 models, 9 sources, 426 macros
[2026-04-06T08:48:10.278+0000] {subprocess.py:93} INFO - [0m08:48:10
[2026-04-06T08:48:11.127+0000] {subprocess.py:93} INFO - [0m08:48:11  Concurrency: 4 threads (target='dev')
[2026-04-06T08:48:11.130+0000] {subprocess.py:93} INFO - [0m08:48:11
[2026-04-06T08:48:11.274+0000] {subprocess.py:93} INFO - [0m08:48:11  1 of 9 START sql view model silver.stg_category_translation .................... [RUN]
[2026-04-06T08:48:11.277+0000] {subprocess.py:93} INFO - [0m08:48:11  2 of 9 START sql view model silver.stg_customers ............................... [RUN]
[2026-04-06T08:48:11.280+0000] {subprocess.py:93} INFO - [0m08:48:11  4 of 9 START sql view model silver.stg_order_items ............................. [RUN]
[2026-04-06T08:48:11.282+0000] {subprocess.py:93} INFO - [0m08:48:11  3 of 9 START sql view model silver.stg_geolocation ............................. [RUN]
[2026-04-06T08:48:12.126+0000] {subprocess.py:93} INFO - [0m08:48:12  4 of 9 ERROR creating sql view model silver.stg_order_items .................... [[31mERROR[0m in 0.70s]
[2026-04-06T08:48:12.148+0000] {subprocess.py:93} INFO - [0m08:48:12  1 of 9 ERROR creating sql view model silver.stg_category_translation ........... [[31mERROR[0m in 0.72s]
[2026-04-06T08:48:12.188+0000] {subprocess.py:93} INFO - [0m08:48:12  5 of 9 START sql view model silver.stg_order_payments .......................... [RUN]
[2026-04-06T08:48:12.199+0000] {subprocess.py:93} INFO - [0m08:48:12  6 of 9 START sql view model silver.stg_order_reviews ........................... [RUN]
[2026-04-06T08:48:12.384+0000] {subprocess.py:93} INFO - [0m08:48:12  3 of 9 OK created sql view model silver.stg_geolocation ........................ [[32mCREATE VIEW[0m in 1.06s]
[2026-04-06T08:48:12.398+0000] {subprocess.py:93} INFO - [0m08:48:12  2 of 9 OK created sql view model silver.stg_customers .......................... [[32mCREATE VIEW[0m in 1.07s]
[2026-04-06T08:48:12.418+0000] {subprocess.py:93} INFO - [0m08:48:12  7 of 9 START sql view model silver.stg_orders .................................. [RUN]
[2026-04-06T08:48:12.423+0000] {subprocess.py:93} INFO - [0m08:48:12  8 of 9 START sql view model silver.stg_products ................................ [RUN]
[2026-04-06T08:48:12.624+0000] {subprocess.py:93} INFO - [0m08:48:12  6 of 9 ERROR creating sql view model silver.stg_order_reviews .................. [[31mERROR[0m in 0.35s]
[2026-04-06T08:48:12.637+0000] {subprocess.py:93} INFO - [0m08:48:12  9 of 9 START sql view model silver.stg_sellers ................................. [RUN]
[2026-04-06T08:48:12.748+0000] {subprocess.py:93} INFO - [0m08:48:12  7 of 9 ERROR creating sql view model silver.stg_orders ......................... [[31mERROR[0m in 0.31s]
[2026-04-06T08:48:12.762+0000] {subprocess.py:93} INFO - [0m08:48:12  5 of 9 OK created sql view model silver.stg_order_payments ..................... [[32mCREATE VIEW[0m in 0.55s]
[2026-04-06T08:48:12.798+0000] {subprocess.py:93} INFO - [0m08:48:12  8 of 9 OK created sql view model silver.stg_products ........................... [[32mCREATE VIEW[0m in 0.36s]
[2026-04-06T08:48:12.879+0000] {subprocess.py:93} INFO - [0m08:48:12  9 of 9 OK created sql view model silver.stg_sellers ............................ [[32mCREATE VIEW[0m in 0.24s]
[2026-04-06T08:48:13.085+0000] {subprocess.py:93} INFO - [0m08:48:13
[2026-04-06T08:48:13.087+0000] {subprocess.py:93} INFO - [0m08:48:13  Finished running 9 view models in 0 hours 0 minutes and 2.80 seconds (2.80s).
[2026-04-06T08:48:13.210+0000] {subprocess.py:93} INFO - [0m08:48:13
[2026-04-06T08:48:13.212+0000] {subprocess.py:93} INFO - [0m08:48:13  [31mCompleted with 4 errors and 0 warnings:[0m
[2026-04-06T08:48:13.215+0000] {subprocess.py:93} INFO - [0m08:48:13
[2026-04-06T08:48:13.217+0000] {subprocess.py:93} INFO - [0m08:48:13    Database Error in model stg_order_items (models/silver/stg_order_items.sql)
[2026-04-06T08:48:13.218+0000] {subprocess.py:93} INFO -   ERREUR:  syntaxe en entrée invalide pour le type timestamp with time zone : «  »
[2026-04-06T08:48:13.218+0000] {subprocess.py:93} INFO -   LINE 12:     NULLIF(shipping_limit_date, '')::TIMESTAMP AS shipping_l...
[2026-04-06T08:48:13.219+0000] {subprocess.py:93} INFO -                                            ^
[2026-04-06T08:48:13.220+0000] {subprocess.py:93} INFO -   compiled code at target/run/mon_analyse_olist/models/silver/stg_order_items.sql
[2026-04-06T08:48:13.220+0000] {subprocess.py:93} INFO - [0m08:48:13
[2026-04-06T08:48:13.221+0000] {subprocess.py:93} INFO - [0m08:48:13    Database Error in model stg_category_translation (models/silver/stg_category_translation.sql)
[2026-04-06T08:48:13.222+0000] {subprocess.py:93} INFO -   ERREUR:  la relation « bronze.product_category_name_translation » n'existe pas
[2026-04-06T08:48:13.223+0000] {subprocess.py:93} INFO -   LINE 10: FROM "Olist"."bronze"."product_category_name_translation"
[2026-04-06T08:48:13.223+0000] {subprocess.py:93} INFO -                 ^
[2026-04-06T08:48:13.224+0000] {subprocess.py:93} INFO -   compiled code at target/run/mon_analyse_olist/models/silver/stg_category_translation.sql
[2026-04-06T08:48:13.224+0000] {subprocess.py:93} INFO - [0m08:48:13
[2026-04-06T08:48:13.225+0000] {subprocess.py:93} INFO - [0m08:48:13    Database Error in model stg_order_reviews (models/silver/stg_order_reviews.sql)
[2026-04-06T08:48:13.226+0000] {subprocess.py:93} INFO -   ERREUR:  syntaxe en entrée invalide pour le type timestamp with time zone : «  »
[2026-04-06T08:48:13.227+0000] {subprocess.py:93} INFO -   LINE 13:     NULLIF(review_creation_date, '')::TIMESTAMP AS created_a...
[2026-04-06T08:48:13.227+0000] {subprocess.py:93} INFO -                                             ^
[2026-04-06T08:48:13.228+0000] {subprocess.py:93} INFO -   compiled code at target/run/mon_analyse_olist/models/silver/stg_order_reviews.sql
[2026-04-06T08:48:13.228+0000] {subprocess.py:93} INFO - [0m08:48:13
[2026-04-06T08:48:13.230+0000] {subprocess.py:93} INFO - [0m08:48:13    Database Error in model stg_orders (models/silver/stg_orders.sql)
[2026-04-06T08:48:13.231+0000] {subprocess.py:93} INFO -   ERREUR:  syntaxe en entrée invalide pour le type timestamp with time zone : «  »
[2026-04-06T08:48:13.231+0000] {subprocess.py:93} INFO -   LINE 11:     NULLIF(order_purchase_timestamp, '')::TIMESTAMP AS purch...
[2026-04-06T08:48:13.232+0000] {subprocess.py:93} INFO -                                                 ^
[2026-04-06T08:48:13.233+0000] {subprocess.py:93} INFO -   compiled code at target/run/mon_analyse_olist/models/silver/stg_orders.sql
[2026-04-06T08:48:13.233+0000] {subprocess.py:93} INFO - [0m08:48:13
[2026-04-06T08:48:13.234+0000] {subprocess.py:93} INFO - [0m08:48:13  Done. PASS=5 WARN=0 ERROR=4 SKIP=0 TOTAL=9
[2026-04-06T08:48:14.707+0000] {subprocess.py:97} INFO - Command exited with return code 1
[2026-04-06T08:48:14.709+0000] {taskinstance.py:441} INFO - ::group::Post task execution logs
[2026-04-06T08:48:14.780+0000] {taskinstance.py:2905} ERROR - Task failed with exception
Traceback (most recent call last):
  File "/home/airflow/.local/lib/python3.10/site-packages/airflow/models/taskinstance.py", line 465, in _execute_task
    result = _execute_callable(context=context, **execute_callable_kwargs)
  File "/home/airflow/.local/lib/python3.10/site-packages/airflow/models/taskinstance.py", line 432, in _execute_callable
    return execute_callable(context=context, **execute_callable_kwargs)
  File "/home/airflow/.local/lib/python3.10/site-packages/airflow/models/baseoperator.py", line 401, in wrapper
    return func(self, *args, **kwargs)
  File "/home/airflow/.local/lib/python3.10/site-packages/airflow/operators/bash.py", line 243, in execute
    raise AirflowException(
airflow.exceptions.AirflowException: Bash command failed. The command returned a non-zero exit code 1.
[2026-04-06T08:48:14.787+0000] {taskinstance.py:1206} INFO - Marking task as FAILED. dag_id=pipeline, task_id=dbt_silver, run_id=manual__2026-04-06T08:43:17.562691+00:00, execution_date=20260406T084317, start_date=20260406T084800, end_date=20260406T084814
[2026-04-06T08:48:14.820+0000] {standard_task_runner.py:110} ERROR - Failed to execute job 24 for task dbt_silver (Bash command failed. The command returned a non-zero exit code 1.; 269)
[2026-04-06T08:48:14.868+0000] {local_task_job_runner.py:243} INFO - Task exited with return code 1
[2026-04-06T08:48:14.973+0000] {taskinstance.py:3503} INFO - 0 downstream tasks scheduled from follow-on schedule check
[2026-04-06T08:48:14.983+0000] {local_task_job_runner.py:222} INFO - ::endgroup::
