[2026-04-06T09:11:29.241+0000] {local_task_job_runner.py:120} INFO - ::group::Pre task execution logs
[2026-04-06T09:11:29.500+0000] {taskinstance.py:2076} INFO - Dependencies all met for dep_context=non-requeueable deps ti=<TaskInstance: pipeline.dbt_silver manual__2026-04-06T08:43:17.562691+00:00 [queued]>
[2026-04-06T09:11:29.517+0000] {taskinstance.py:2076} INFO - Dependencies all met for dep_context=requeueable deps ti=<TaskInstance: pipeline.dbt_silver manual__2026-04-06T08:43:17.562691+00:00 [queued]>
[2026-04-06T09:11:29.517+0000] {taskinstance.py:2306} INFO - Starting attempt 3 of 3
[2026-04-06T09:11:29.539+0000] {taskinstance.py:2330} INFO - Executing <Task(BashOperator): dbt_silver> on 2026-04-06 08:43:17.562691+00:00
[2026-04-06T09:11:29.554+0000] {standard_task_runner.py:64} INFO - Started process 634 to run task
[2026-04-06T09:11:29.561+0000] {standard_task_runner.py:90} INFO - Running: ['airflow', 'tasks', 'run', 'pipeline', 'dbt_silver', 'manual__2026-04-06T08:43:17.562691+00:00', '--job-id', '31', '--raw', '--subdir', 'DAGS_FOLDER/pipeline.py', '--cfg-path', '/tmp/tmp55nb1mzq']
[2026-04-06T09:11:29.569+0000] {standard_task_runner.py:91} INFO - Job 31: Subtask dbt_silver
[2026-04-06T09:11:29.828+0000] {task_command.py:426} INFO - Running <TaskInstance: pipeline.dbt_silver manual__2026-04-06T08:43:17.562691+00:00 [running]> on host 503d89ed3fcb
[2026-04-06T09:11:30.303+0000] {taskinstance.py:2648} INFO - Exporting env vars: AIRFLOW_CTX_DAG_OWNER='data_engineer' AIRFLOW_CTX_DAG_ID='pipeline' AIRFLOW_CTX_TASK_ID='dbt_silver' AIRFLOW_CTX_EXECUTION_DATE='2026-04-06T08:43:17.562691+00:00' AIRFLOW_CTX_TRY_NUMBER='3' AIRFLOW_CTX_DAG_RUN_ID='manual__2026-04-06T08:43:17.562691+00:00'
[2026-04-06T09:11:30.306+0000] {taskinstance.py:430} INFO - ::endgroup::
[2026-04-06T09:11:30.332+0000] {subprocess.py:63} INFO - Tmp dir root location: /tmp
[2026-04-06T09:11:30.335+0000] {subprocess.py:75} INFO - Running command: ['/usr/bin/bash', '-c', 'cd /opt/airflow/dbt_project/mon_analyse_olist && dbt run --select silver --profiles-dir .']
[2026-04-06T09:11:30.372+0000] {subprocess.py:86} INFO - Output:
[2026-04-06T09:11:34.285+0000] {subprocess.py:93} INFO - [0m09:11:34  Running with dbt=1.8.8
[2026-04-06T09:11:35.500+0000] {subprocess.py:93} INFO - [0m09:11:35  Registered adapter: postgres=1.9.1
[2026-04-06T09:11:37.487+0000] {subprocess.py:93} INFO - [0m09:11:37  Found 14 models, 9 sources, 426 macros
[2026-04-06T09:11:37.496+0000] {subprocess.py:93} INFO - [0m09:11:37
[2026-04-06T09:11:38.115+0000] {subprocess.py:93} INFO - [0m09:11:38  Concurrency: 4 threads (target='dev')
[2026-04-06T09:11:38.117+0000] {subprocess.py:93} INFO - [0m09:11:38
[2026-04-06T09:11:38.147+0000] {subprocess.py:93} INFO - [0m09:11:38  1 of 9 START sql view model silver.stg_category_translation .................... [RUN]
[2026-04-06T09:11:38.149+0000] {subprocess.py:93} INFO - [0m09:11:38  2 of 9 START sql view model silver.stg_customers ............................... [RUN]
[2026-04-06T09:11:38.152+0000] {subprocess.py:93} INFO - [0m09:11:38  3 of 9 START sql view model silver.stg_geolocation ............................. [RUN]
[2026-04-06T09:11:38.155+0000] {subprocess.py:93} INFO - [0m09:11:38  4 of 9 START sql view model silver.stg_order_items ............................. [RUN]
[2026-04-06T09:11:38.589+0000] {subprocess.py:93} INFO - [0m09:11:38  1 of 9 ERROR creating sql view model silver.stg_category_translation ........... [[31mERROR[0m in 0.42s]
[2026-04-06T09:11:38.597+0000] {subprocess.py:93} INFO - [0m09:11:38  4 of 9 ERROR creating sql view model silver.stg_order_items .................... [[31mERROR[0m in 0.43s]
[2026-04-06T09:11:38.606+0000] {subprocess.py:93} INFO - [0m09:11:38  5 of 9 START sql view model silver.stg_order_payments .......................... [RUN]
[2026-04-06T09:11:38.631+0000] {subprocess.py:93} INFO - [0m09:11:38  6 of 9 START sql view model silver.stg_order_reviews ........................... [RUN]
[2026-04-06T09:11:38.856+0000] {subprocess.py:93} INFO - [0m09:11:38  3 of 9 OK created sql view model silver.stg_geolocation ........................ [[32mCREATE VIEW[0m in 0.68s]
[2026-04-06T09:11:38.862+0000] {subprocess.py:93} INFO - [0m09:11:38  2 of 9 OK created sql view model silver.stg_customers .......................... [[32mCREATE VIEW[0m in 0.68s]
[2026-04-06T09:11:38.883+0000] {subprocess.py:93} INFO - [0m09:11:38  7 of 9 START sql view model silver.stg_orders .................................. [RUN]
[2026-04-06T09:11:38.895+0000] {subprocess.py:93} INFO - [0m09:11:38  8 of 9 START sql view model silver.stg_products ................................ [RUN]
[2026-04-06T09:11:38.982+0000] {subprocess.py:93} INFO - [0m09:11:38  6 of 9 ERROR creating sql view model silver.stg_order_reviews .................. [[31mERROR[0m in 0.33s]
[2026-04-06T09:11:38.998+0000] {subprocess.py:93} INFO - [0m09:11:38  9 of 9 START sql view model silver.stg_sellers ................................. [RUN]
[2026-04-06T09:11:39.043+0000] {subprocess.py:93} INFO - [0m09:11:39  5 of 9 OK created sql view model silver.stg_order_payments ..................... [[32mCREATE VIEW[0m in 0.40s]
[2026-04-06T09:11:39.112+0000] {subprocess.py:93} INFO - [0m09:11:39  7 of 9 ERROR creating sql view model silver.stg_orders ......................... [[31mERROR[0m in 0.21s]
[2026-04-06T09:11:39.229+0000] {subprocess.py:93} INFO - [0m09:11:39  9 of 9 OK created sql view model silver.stg_sellers ............................ [[32mCREATE VIEW[0m in 0.21s]
[2026-04-06T09:11:39.290+0000] {subprocess.py:93} INFO - [0m09:11:39  8 of 9 OK created sql view model silver.stg_products ........................... [[32mCREATE VIEW[0m in 0.38s]
[2026-04-06T09:11:39.572+0000] {subprocess.py:93} INFO - [0m09:11:39
[2026-04-06T09:11:39.587+0000] {subprocess.py:93} INFO - [0m09:11:39  Finished running 9 view models in 0 hours 0 minutes and 2.07 seconds (2.07s).
[2026-04-06T09:11:39.801+0000] {subprocess.py:93} INFO - [0m09:11:39
[2026-04-06T09:11:39.803+0000] {subprocess.py:93} INFO - [0m09:11:39  [31mCompleted with 4 errors and 0 warnings:[0m
[2026-04-06T09:11:39.805+0000] {subprocess.py:93} INFO - [0m09:11:39
[2026-04-06T09:11:39.807+0000] {subprocess.py:93} INFO - [0m09:11:39    Database Error in model stg_category_translation (models/silver/stg_category_translation.sql)
[2026-04-06T09:11:39.808+0000] {subprocess.py:93} INFO -   ERREUR:  la colonne « product_category_name » n'existe pas
[2026-04-06T09:11:39.810+0000] {subprocess.py:93} INFO -   LINE 8:     NULLIF(product_category_name, '')::TEXT AS category_name...
[2026-04-06T09:11:39.811+0000] {subprocess.py:93} INFO -                      ^
[2026-04-06T09:11:39.812+0000] {subprocess.py:93} INFO -   HINT:  Peut-être que vous souhaitiez référencer la colonne « product_category_translation._product_category_name ».
[2026-04-06T09:11:39.813+0000] {subprocess.py:93} INFO -   compiled code at target/run/mon_analyse_olist/models/silver/stg_category_translation.sql
[2026-04-06T09:11:39.813+0000] {subprocess.py:93} INFO - [0m09:11:39
[2026-04-06T09:11:39.814+0000] {subprocess.py:93} INFO - [0m09:11:39    Database Error in model stg_order_items (models/silver/stg_order_items.sql)
[2026-04-06T09:11:39.814+0000] {subprocess.py:93} INFO -   ERREUR:  syntaxe en entrée invalide pour le type timestamp with time zone : «  »
[2026-04-06T09:11:39.815+0000] {subprocess.py:93} INFO -   LINE 12:     NULLIF(shipping_limit_date, '')::TIMESTAMP AS shipping_l...
[2026-04-06T09:11:39.815+0000] {subprocess.py:93} INFO -                                            ^
[2026-04-06T09:11:39.816+0000] {subprocess.py:93} INFO -   compiled code at target/run/mon_analyse_olist/models/silver/stg_order_items.sql
[2026-04-06T09:11:39.816+0000] {subprocess.py:93} INFO - [0m09:11:39
[2026-04-06T09:11:39.817+0000] {subprocess.py:93} INFO - [0m09:11:39    Database Error in model stg_order_reviews (models/silver/stg_order_reviews.sql)
[2026-04-06T09:11:39.818+0000] {subprocess.py:93} INFO -   ERREUR:  syntaxe en entrée invalide pour le type timestamp with time zone : «  »
[2026-04-06T09:11:39.818+0000] {subprocess.py:93} INFO -   LINE 13:     NULLIF(review_creation_date, '')::TIMESTAMP AS created_a...
[2026-04-06T09:11:39.819+0000] {subprocess.py:93} INFO -                                             ^
[2026-04-06T09:11:39.819+0000] {subprocess.py:93} INFO -   compiled code at target/run/mon_analyse_olist/models/silver/stg_order_reviews.sql
[2026-04-06T09:11:39.820+0000] {subprocess.py:93} INFO - [0m09:11:39
[2026-04-06T09:11:39.821+0000] {subprocess.py:93} INFO - [0m09:11:39    Database Error in model stg_orders (models/silver/stg_orders.sql)
[2026-04-06T09:11:39.821+0000] {subprocess.py:93} INFO -   ERREUR:  syntaxe en entrée invalide pour le type timestamp with time zone : «  »
[2026-04-06T09:11:39.822+0000] {subprocess.py:93} INFO -   LINE 11:     NULLIF(order_purchase_timestamp, '')::TIMESTAMP AS purch...
[2026-04-06T09:11:39.823+0000] {subprocess.py:93} INFO -                                                 ^
[2026-04-06T09:11:39.823+0000] {subprocess.py:93} INFO -   compiled code at target/run/mon_analyse_olist/models/silver/stg_orders.sql
[2026-04-06T09:11:39.824+0000] {subprocess.py:93} INFO - [0m09:11:39
[2026-04-06T09:11:39.825+0000] {subprocess.py:93} INFO - [0m09:11:39  Done. PASS=5 WARN=0 ERROR=4 SKIP=0 TOTAL=9
[2026-04-06T09:11:41.491+0000] {subprocess.py:97} INFO - Command exited with return code 1
[2026-04-06T09:11:41.493+0000] {taskinstance.py:441} INFO - ::group::Post task execution logs
[2026-04-06T09:11:41.574+0000] {taskinstance.py:2905} ERROR - Task failed with exception
Traceback (most recent call last):
  File "/home/airflow/.local/lib/python3.10/site-packages/airflow/models/taskinstance.py", line 465, in _execute_task
    result = _execute_callable(context=context, **execute_callable_kwargs)
  File "/home/airflow/.local/lib/python3.10/site-packages/airflow/models/taskinstance.py", line 432, in _execute_callable
    return execute_callable(context=context, **execute_callable_kwargs)
  File "/home/airflow/.local/lib/python3.10/site-packages/airflow/models/baseoperator.py", line 401, in wrapper
    return func(self, *args, **kwargs)
  File "/home/airflow/.local/lib/python3.10/site-packages/airflow/operators/bash.py", line 243, in execute
    raise AirflowException(
airflow.exceptions.AirflowException: Bash command failed. The command returned a non-zero exit code 1.
[2026-04-06T09:11:41.582+0000] {taskinstance.py:1206} INFO - Marking task as FAILED. dag_id=pipeline, task_id=dbt_silver, run_id=manual__2026-04-06T08:43:17.562691+00:00, execution_date=20260406T084317, start_date=20260406T091129, end_date=20260406T091141
[2026-04-06T09:11:41.680+0000] {standard_task_runner.py:110} ERROR - Failed to execute job 31 for task dbt_silver (Bash command failed. The command returned a non-zero exit code 1.; 634)
[2026-04-06T09:11:41.744+0000] {local_task_job_runner.py:243} INFO - Task exited with return code 1
[2026-04-06T09:11:41.902+0000] {taskinstance.py:3503} INFO - 0 downstream tasks scheduled from follow-on schedule check
[2026-04-06T09:11:41.921+0000] {local_task_job_runner.py:222} INFO - ::endgroup::
